2023-09-09 13:00:31,996 - logger name:exp/ECL-PatchTST2023-09-09-13:00:31.995891/ECL-PatchTST.log
2023-09-09 13:00:31,996 - params : {'loss': 'huber', 'conf': 'ECL-PatchTST', 'data_name': 'weather', 'iteration': 1, 'train': 0, 'mainrs': 1, 'abl': 0, 'abl_tmp_context': 0, 'abl_ae': 0, 'no_tmp': 0, 'load': False, 'build_graph': False, 'same_init': True, 'grad_norm': False, 'refiner_residual': 0, 'root_path': '', 'exp_path': 'exp/', 'val_test_mix': False, 'lr': 0.0001, 'lradj': 'TST', 'dropout': 0.2, 'fc_dropout': 0.2, 'head_dropout': 0.0, 'patch_len': 16, 'stride': 8, 'd_ff': 256, 'd_model': 128, 'n_heads': 16, 'seq_len': 336, 'pred_len': 96, 'noise_rate': 0.5, 'device': device(type='cuda', index=0), 'test_model_path': '/Disk/fhyega/code/BASE/exp/ECL-PatchTST2023-08-26-13:08:31.837686/0/best_model.pkl', 'idx': -1, 'aligner': 1, 'always_align': 1, 'refiner': 1, 'rec_block_num': 1, 'enhance': 1, 'enhance_type': 5, 'seed': 34, 'batch_size': 64, 'share_head': 0, 'add_noise': 1, 'add_norm': 0, 'jitter_sigma': 0.4, 'slope_rate': 0.01, 'slope_range': 0.2, 'alpha': 10.0, 'beta': 1.0, 'gamma': 0.15, 'feature_jittering': 1, 'rec_intra_feature': 0, 'rec_ori': 1, 'mid_dim': 128, 'test_en': 0, 'debugger': 0, 'summary': 0, 'omega': 1.0, 'theta': 1.5, 'mask_border': 1, 'sup_weight': 10.0, 'rec_length_ratio': 0.8, 'ref_dropout': 0.0, 'ref_block_num': 1, 'add_FFN': 1, 'add_residual': 0, 'rec_all': 0, 'e_layers': 3, 'early_break': 0, 'early_stop': 10, 'lo': 'mainresult/ECL-PatchTST_OURS_96_weather.log', '/* model related args*/': '//', 'model_name': 'PatchTST', 'label_len': 48, 'features': 'M', 'target': 'OT', 'graph_input': False, 'individual': False, 'd_layers': 1, 'factor': 1, 'des': 'Exp', 'padding_patch': 'end', 'revin': 1, 'affine': 0, 'subtract_last': 0, 'decomposition': 0, 'kernel_size': 25, 'output_attention': 0, 'embed_type': 0, 'activation': 'gelu', 'distil': 1, 'linear_output': 1, 'pct_start': 0.2, 'indie': 1, '/*train related args*/': '//', 'epoch': 30, '/*dataset related args*/': '//', 'save_data_path': 'data/ECL/', 'data_process': True, 'embed': 'timeF', 'freq': 'h', 'begin_phase': 0, 'end_phase': 1, 'phase_len': -1, 'val_ratio': 0.33, 'graph_size': 321, '/*strategy related args*/': '//', 'strategy': 'incremental', 'increase': False, 'detect': False, 'detect_strategy': 'feature', 'replay': False, 'replay_strategy': 'random', 'repaly_num_samples': 100, 'ewc': False, 'ewc_strategy': 'ewc', 'ewc_lambda': 0.0001, 'subgraph_train': False, 'num_hops': 2, 'logname': 'ECL-PatchTST', 'time': '2023-09-09-13:00:31.995891', 'path': 'exp/ECL-PatchTST2023-09-09-13:00:31.995891', 'num_workers': 4, 'start_train': 0, 'train_mode': 'pretrain', 'get_score': False, 'use_cm': True, 'logger': <Logger __main__ (INFO)>}
2023-09-09 13:00:31,996 - [*] phase 0 start training
0 52696
36887 5270 10539 0.7 0.2 52696
train 36456
36887 5270 10539 0.7 0.2 52696
val 5175
36887 5270 10539 0.7 0.2 52696
test 10444
2023-09-09 13:00:32,806 - [*] phase 0 Dataset load!
1 True None
weawew exp/ECL-PatchTST2023-09-08-22:53:30.916992/0/0.1018_epoch_17.pkl
2023-09-09 13:00:43,045 - [*] loss:0.1524
2023-09-09 13:00:43,066 - [*] phase 0, testing
2023-09-09 13:00:43,427 - T:96	MAE	0.193320	RMSE	0.152965	MAPE	1248.547649
2023-09-09 13:00:43,428 - 96	mae	0.1933	
2023-09-09 13:00:43,428 - 96	rmse	0.1530	
2023-09-09 13:00:43,428 - 96	mape	1248.5476	
----*-----
2023-09-09 13:00:53,818 - [*] loss:0.1824
2023-09-09 13:00:53,840 - [*] phase 0, testing
2023-09-09 13:00:54,205 - T:96	MAE	0.245885	RMSE	0.183104	MAPE	1451.873589
2023-09-09 13:01:04,271 - [*] loss:0.1785
2023-09-09 13:01:04,293 - [*] phase 0, testing
2023-09-09 13:01:04,671 - T:96	MAE	0.225774	RMSE	0.179145	MAPE	1491.670036
2023-09-09 13:01:17,435 - [*] loss:0.1958
2023-09-09 13:01:17,456 - [*] phase 0, testing
2023-09-09 13:01:17,820 - T:96	MAE	0.252684	RMSE	0.196366	MAPE	1351.347065
2023-09-09 13:01:28,609 - [*] loss:0.1653
2023-09-09 13:01:28,630 - [*] phase 0, testing
2023-09-09 13:01:28,997 - T:96	MAE	0.219562	RMSE	0.165905	MAPE	1257.468224
----*-----
avg under noise: 0.23597637936472893 0.18112988770008087
2023-09-09 13:01:36,079 - [*] loss:0.1508
2023-09-09 13:01:36,100 - [*] phase 0, testing
2023-09-09 13:01:36,463 - T:96	MAE	0.191343	RMSE	0.151349	MAPE	1204.757214
2023-09-09 13:01:36,464 - 96	mae	0.1913	
2023-09-09 13:01:36,464 - 96	rmse	0.1513	
2023-09-09 13:01:36,464 - 96	mape	1204.7572	
----*-----
2023-09-09 13:01:43,964 - [*] loss:0.1821
2023-09-09 13:01:43,985 - [*] phase 0, testing
2023-09-09 13:01:44,345 - T:96	MAE	0.244516	RMSE	0.182786	MAPE	1449.834061
2023-09-09 13:01:51,467 - [*] loss:0.1791
2023-09-09 13:01:51,488 - [*] phase 0, testing
2023-09-09 13:01:51,849 - T:96	MAE	0.227594	RMSE	0.179793	MAPE	1456.642342
2023-09-09 13:02:01,808 - [*] loss:0.1895
2023-09-09 13:02:01,830 - [*] phase 0, testing
2023-09-09 13:02:02,195 - T:96	MAE	0.248303	RMSE	0.190205	MAPE	1391.533184
2023-09-09 13:02:10,129 - [*] loss:0.1646
2023-09-09 13:02:10,151 - [*] phase 0, testing
2023-09-09 13:02:10,517 - T:96	MAE	0.218783	RMSE	0.165197	MAPE	1230.994129
----*-----
avg under noise: 0.234799113124609 0.17949530482292175
2023-09-09 13:02:12,300 - logger name:exp/ECL-PatchTST2023-09-09-13:02:12.299976/ECL-PatchTST.log
2023-09-09 13:02:12,300 - params : {'loss': 'mse', 'conf': 'ECL-PatchTST', 'data_name': 'weather', 'iteration': 1, 'train': 0, 'mainrs': 1, 'abl': 0, 'abl_tmp_context': 0, 'abl_ae': 0, 'no_tmp': 0, 'load': False, 'build_graph': False, 'same_init': True, 'grad_norm': False, 'refiner_residual': 0, 'root_path': '', 'exp_path': 'exp/', 'val_test_mix': False, 'lr': 0.0001, 'lradj': 'TST', 'dropout': 0.2, 'fc_dropout': 0.2, 'head_dropout': 0.0, 'patch_len': 16, 'stride': 8, 'd_ff': 256, 'd_model': 128, 'n_heads': 16, 'seq_len': 336, 'pred_len': 96, 'noise_rate': 0.5, 'device': device(type='cuda', index=0), 'test_model_path': '/Disk/fhyega/code/BASE/exp/ECL-PatchTST2023-08-26-13:08:31.837686/0/best_model.pkl', 'idx': -1, 'aligner': 0, 'always_align': 1, 'refiner': 0, 'rec_block_num': 1, 'enhance': 0, 'enhance_type': 5, 'seed': 34, 'batch_size': 64, 'share_head': 0, 'add_noise': 1, 'add_norm': 0, 'jitter_sigma': 0.4, 'slope_rate': 0.01, 'slope_range': 0.2, 'alpha': 10.0, 'beta': 1.0, 'gamma': 0.15, 'feature_jittering': 1, 'rec_intra_feature': 0, 'rec_ori': 1, 'mid_dim': 128, 'test_en': 0, 'debugger': 0, 'summary': 0, 'omega': 1.0, 'theta': 1.5, 'mask_border': 1, 'sup_weight': 10.0, 'rec_length_ratio': 0.8, 'ref_dropout': 0.0, 'ref_block_num': 1, 'add_FFN': 1, 'add_residual': 0, 'rec_all': 0, 'e_layers': 3, 'early_break': 0, 'early_stop': 10, 'lo': 'mainresult/ECL-PatchTST_ori_96_weather.log', '/* model related args*/': '//', 'model_name': 'PatchTST', 'label_len': 48, 'features': 'M', 'target': 'OT', 'graph_input': False, 'individual': False, 'd_layers': 1, 'factor': 1, 'des': 'Exp', 'padding_patch': 'end', 'revin': 1, 'affine': 0, 'subtract_last': 0, 'decomposition': 0, 'kernel_size': 25, 'output_attention': 0, 'embed_type': 0, 'activation': 'gelu', 'distil': 1, 'linear_output': 1, 'pct_start': 0.2, 'indie': 1, '/*train related args*/': '//', 'epoch': 30, '/*dataset related args*/': '//', 'save_data_path': 'data/ECL/', 'data_process': True, 'embed': 'timeF', 'freq': 'h', 'begin_phase': 0, 'end_phase': 1, 'phase_len': -1, 'val_ratio': 0.33, 'graph_size': 321, '/*strategy related args*/': '//', 'strategy': 'incremental', 'increase': False, 'detect': False, 'detect_strategy': 'feature', 'replay': False, 'replay_strategy': 'random', 'repaly_num_samples': 100, 'ewc': False, 'ewc_strategy': 'ewc', 'ewc_lambda': 0.0001, 'subgraph_train': False, 'num_hops': 2, 'logname': 'ECL-PatchTST', 'time': '2023-09-09-13:02:12.299976', 'path': 'exp/ECL-PatchTST2023-09-09-13:02:12.299976', 'num_workers': 4, 'start_train': 0, 'train_mode': 'pretrain', 'get_score': False, 'use_cm': True, 'logger': <Logger __main__ (INFO)>}
2023-09-09 13:02:12,300 - [*] phase 0 start training
0 52696
36887 5270 10539 0.7 0.2 52696
train 36456
36887 5270 10539 0.7 0.2 52696
val 5175
36887 5270 10539 0.7 0.2 52696
test 10444
2023-09-09 13:02:13,092 - [*] phase 0 Dataset load!
0 True None
weawew exp/ECL-PatchTST2023-09-09-02:28:27.535166/0/0.3913_epoch_10.pkl
2023-09-09 13:02:20,446 - [*] loss:0.1495
2023-09-09 13:02:20,467 - [*] phase 0, testing
2023-09-09 13:02:20,841 - T:96	MAE	0.197619	RMSE	0.150071	MAPE	1291.871071
2023-09-09 13:02:20,842 - 96	mae	0.1976	
2023-09-09 13:02:20,842 - 96	rmse	0.1501	
2023-09-09 13:02:20,842 - 96	mape	1291.8711	
----*-----
2023-09-09 13:02:28,264 - [*] loss:0.1802
2023-09-09 13:02:28,285 - [*] phase 0, testing
2023-09-09 13:02:28,665 - T:96	MAE	0.244921	RMSE	0.180890	MAPE	1298.308754
2023-09-09 13:02:35,837 - [*] loss:0.1763
2023-09-09 13:02:35,858 - [*] phase 0, testing
2023-09-09 13:02:36,234 - T:96	MAE	0.230484	RMSE	0.176958	MAPE	1251.777554
2023-09-09 13:02:46,320 - [*] loss:0.1957
2023-09-09 13:02:46,341 - [*] phase 0, testing
2023-09-09 13:02:46,712 - T:96	MAE	0.261893	RMSE	0.196326	MAPE	1335.139465
2023-09-09 13:02:54,706 - [*] loss:0.1654
2023-09-09 13:02:54,727 - [*] phase 0, testing
2023-09-09 13:02:55,089 - T:96	MAE	0.227819	RMSE	0.165992	MAPE	1240.332127
----*-----
avg under noise: 0.24127943068742752 0.1800415739417076
2023-09-09 13:02:56,866 - logger name:exp/ECL-PatchTST2023-09-09-13:02:56.866400/ECL-PatchTST.log
2023-09-09 13:02:56,866 - params : {'loss': 'huber', 'conf': 'ECL-PatchTST', 'data_name': 'weather', 'iteration': 1, 'train': 0, 'mainrs': 1, 'abl': 0, 'abl_tmp_context': 0, 'abl_ae': 0, 'no_tmp': 0, 'load': False, 'build_graph': False, 'same_init': True, 'grad_norm': False, 'refiner_residual': 0, 'root_path': '', 'exp_path': 'exp/', 'val_test_mix': False, 'lr': 0.0001, 'lradj': 'TST', 'dropout': 0.2, 'fc_dropout': 0.2, 'head_dropout': 0.0, 'patch_len': 16, 'stride': 8, 'd_ff': 256, 'd_model': 128, 'n_heads': 16, 'seq_len': 336, 'pred_len': 192, 'noise_rate': 0.5, 'device': device(type='cuda', index=0), 'test_model_path': '/Disk/fhyega/code/BASE/exp/ECL-PatchTST2023-08-26-13:08:31.837686/0/best_model.pkl', 'idx': -1, 'aligner': 1, 'always_align': 1, 'refiner': 1, 'rec_block_num': 1, 'enhance': 1, 'enhance_type': 5, 'seed': 34, 'batch_size': 64, 'share_head': 0, 'add_noise': 1, 'add_norm': 0, 'jitter_sigma': 0.4, 'slope_rate': 0.01, 'slope_range': 0.2, 'alpha': 10.0, 'beta': 1.0, 'gamma': 0.15, 'feature_jittering': 1, 'rec_intra_feature': 0, 'rec_ori': 1, 'mid_dim': 128, 'test_en': 0, 'debugger': 0, 'summary': 0, 'omega': 1.0, 'theta': 1.5, 'mask_border': 1, 'sup_weight': 10.0, 'rec_length_ratio': 0.8, 'ref_dropout': 0.0, 'ref_block_num': 1, 'add_FFN': 1, 'add_residual': 0, 'rec_all': 0, 'e_layers': 3, 'early_break': 0, 'early_stop': 10, 'lo': 'mainresult/ECL-PatchTST_OURS_192_weather.log', '/* model related args*/': '//', 'model_name': 'PatchTST', 'label_len': 48, 'features': 'M', 'target': 'OT', 'graph_input': False, 'individual': False, 'd_layers': 1, 'factor': 1, 'des': 'Exp', 'padding_patch': 'end', 'revin': 1, 'affine': 0, 'subtract_last': 0, 'decomposition': 0, 'kernel_size': 25, 'output_attention': 0, 'embed_type': 0, 'activation': 'gelu', 'distil': 1, 'linear_output': 1, 'pct_start': 0.2, 'indie': 1, '/*train related args*/': '//', 'epoch': 30, '/*dataset related args*/': '//', 'save_data_path': 'data/ECL/', 'data_process': True, 'embed': 'timeF', 'freq': 'h', 'begin_phase': 0, 'end_phase': 1, 'phase_len': -1, 'val_ratio': 0.33, 'graph_size': 321, '/*strategy related args*/': '//', 'strategy': 'incremental', 'increase': False, 'detect': False, 'detect_strategy': 'feature', 'replay': False, 'replay_strategy': 'random', 'repaly_num_samples': 100, 'ewc': False, 'ewc_strategy': 'ewc', 'ewc_lambda': 0.0001, 'subgraph_train': False, 'num_hops': 2, 'logname': 'ECL-PatchTST', 'time': '2023-09-09-13:02:56.866400', 'path': 'exp/ECL-PatchTST2023-09-09-13:02:56.866400', 'num_workers': 4, 'start_train': 0, 'train_mode': 'pretrain', 'get_score': False, 'use_cm': True, 'logger': <Logger __main__ (INFO)>}
2023-09-09 13:02:56,866 - [*] phase 0 start training
0 52696
36887 5270 10539 0.7 0.2 52696
train 36360
36887 5270 10539 0.7 0.2 52696
val 5079
36887 5270 10539 0.7 0.2 52696
test 10348
2023-09-09 13:02:57,673 - [*] phase 0 Dataset load!
1 True None
weawew exp/ECL-PatchTST2023-09-08-22:53:45.983539/0/0.1273_epoch_22.pkl
2023-09-09 13:03:08,114 - [*] loss:0.1958
2023-09-09 13:03:08,154 - [*] phase 0, testing
2023-09-09 13:03:08,856 - T:192	MAE	0.234884	RMSE	0.195954	MAPE	1372.158241
2023-09-09 13:03:08,857 - 192	mae	0.2349	
2023-09-09 13:03:08,857 - 192	rmse	0.1960	
2023-09-09 13:03:08,857 - 192	mape	1372.1582	
----*-----
2023-09-09 13:03:19,468 - [*] loss:0.2204
2023-09-09 13:03:19,510 - [*] phase 0, testing
2023-09-09 13:03:20,240 - T:192	MAE	0.270507	RMSE	0.220604	MAPE	1357.415009
2023-09-09 13:03:30,535 - [*] loss:0.2153
2023-09-09 13:03:30,575 - [*] phase 0, testing
2023-09-09 13:03:31,299 - T:192	MAE	0.258728	RMSE	0.215449	MAPE	1446.158886
2023-09-09 13:03:44,717 - [*] loss:0.2413
2023-09-09 13:03:44,757 - [*] phase 0, testing
2023-09-09 13:03:45,493 - T:192	MAE	0.291535	RMSE	0.241466	MAPE	1349.936485
2023-09-09 13:03:56,545 - [*] loss:0.2029
2023-09-09 13:03:56,586 - [*] phase 0, testing
2023-09-09 13:03:57,340 - T:192	MAE	0.250250	RMSE	0.203114	MAPE	1308.370113
----*-----
avg under noise: 0.2677548825740814 0.22015821933746338
2023-09-09 13:04:04,937 - [*] loss:0.1945
2023-09-09 13:04:04,978 - [*] phase 0, testing
2023-09-09 13:04:05,707 - T:192	MAE	0.233953	RMSE	0.194695	MAPE	1358.404160
2023-09-09 13:04:05,707 - 192	mae	0.2340	
2023-09-09 13:04:05,707 - 192	rmse	0.1947	
2023-09-09 13:04:05,707 - 192	mape	1358.4042	
----*-----
2023-09-09 13:04:13,571 - [*] loss:0.2198
2023-09-09 13:04:13,612 - [*] phase 0, testing
2023-09-09 13:04:14,359 - T:192	MAE	0.269862	RMSE	0.219940	MAPE	1367.358589
2023-09-09 13:04:22,159 - [*] loss:0.2152
2023-09-09 13:04:22,200 - [*] phase 0, testing
2023-09-09 13:04:22,951 - T:192	MAE	0.257811	RMSE	0.215430	MAPE	1444.729328
2023-09-09 13:04:33,040 - [*] loss:0.2356
2023-09-09 13:04:33,081 - [*] phase 0, testing
2023-09-09 13:04:33,833 - T:192	MAE	0.289296	RMSE	0.235743	MAPE	1369.530773
2023-09-09 13:04:42,239 - [*] loss:0.2022
2023-09-09 13:04:42,279 - [*] phase 0, testing
2023-09-09 13:04:43,007 - T:192	MAE	0.249244	RMSE	0.202370	MAPE	1307.019711
----*-----
avg under noise: 0.26655343174934387 0.21837062761187553
2023-09-09 13:04:44,792 - logger name:exp/ECL-PatchTST2023-09-09-13:04:44.792438/ECL-PatchTST.log
2023-09-09 13:04:44,792 - params : {'loss': 'mse', 'conf': 'ECL-PatchTST', 'data_name': 'weather', 'iteration': 1, 'train': 0, 'mainrs': 1, 'abl': 0, 'abl_tmp_context': 0, 'abl_ae': 0, 'no_tmp': 0, 'load': False, 'build_graph': False, 'same_init': True, 'grad_norm': False, 'refiner_residual': 0, 'root_path': '', 'exp_path': 'exp/', 'val_test_mix': False, 'lr': 0.0001, 'lradj': 'TST', 'dropout': 0.2, 'fc_dropout': 0.2, 'head_dropout': 0.0, 'patch_len': 16, 'stride': 8, 'd_ff': 256, 'd_model': 128, 'n_heads': 16, 'seq_len': 336, 'pred_len': 192, 'noise_rate': 0.5, 'device': device(type='cuda', index=0), 'test_model_path': '/Disk/fhyega/code/BASE/exp/ECL-PatchTST2023-08-26-13:08:31.837686/0/best_model.pkl', 'idx': -1, 'aligner': 0, 'always_align': 1, 'refiner': 0, 'rec_block_num': 1, 'enhance': 0, 'enhance_type': 5, 'seed': 34, 'batch_size': 64, 'share_head': 0, 'add_noise': 1, 'add_norm': 0, 'jitter_sigma': 0.4, 'slope_rate': 0.01, 'slope_range': 0.2, 'alpha': 10.0, 'beta': 1.0, 'gamma': 0.15, 'feature_jittering': 1, 'rec_intra_feature': 0, 'rec_ori': 1, 'mid_dim': 128, 'test_en': 0, 'debugger': 0, 'summary': 0, 'omega': 1.0, 'theta': 1.5, 'mask_border': 1, 'sup_weight': 10.0, 'rec_length_ratio': 0.8, 'ref_dropout': 0.0, 'ref_block_num': 1, 'add_FFN': 1, 'add_residual': 0, 'rec_all': 0, 'e_layers': 3, 'early_break': 0, 'early_stop': 10, 'lo': 'mainresult/ECL-PatchTST_ori_192_weather.log', '/* model related args*/': '//', 'model_name': 'PatchTST', 'label_len': 48, 'features': 'M', 'target': 'OT', 'graph_input': False, 'individual': False, 'd_layers': 1, 'factor': 1, 'des': 'Exp', 'padding_patch': 'end', 'revin': 1, 'affine': 0, 'subtract_last': 0, 'decomposition': 0, 'kernel_size': 25, 'output_attention': 0, 'embed_type': 0, 'activation': 'gelu', 'distil': 1, 'linear_output': 1, 'pct_start': 0.2, 'indie': 1, '/*train related args*/': '//', 'epoch': 30, '/*dataset related args*/': '//', 'save_data_path': 'data/ECL/', 'data_process': True, 'embed': 'timeF', 'freq': 'h', 'begin_phase': 0, 'end_phase': 1, 'phase_len': -1, 'val_ratio': 0.33, 'graph_size': 321, '/*strategy related args*/': '//', 'strategy': 'incremental', 'increase': False, 'detect': False, 'detect_strategy': 'feature', 'replay': False, 'replay_strategy': 'random', 'repaly_num_samples': 100, 'ewc': False, 'ewc_strategy': 'ewc', 'ewc_lambda': 0.0001, 'subgraph_train': False, 'num_hops': 2, 'logname': 'ECL-PatchTST', 'time': '2023-09-09-13:04:44.792438', 'path': 'exp/ECL-PatchTST2023-09-09-13:04:44.792438', 'num_workers': 4, 'start_train': 0, 'train_mode': 'pretrain', 'get_score': False, 'use_cm': True, 'logger': <Logger __main__ (INFO)>}
2023-09-09 13:04:44,793 - [*] phase 0 start training
0 52696
36887 5270 10539 0.7 0.2 52696
train 36360
36887 5270 10539 0.7 0.2 52696
val 5079
36887 5270 10539 0.7 0.2 52696
test 10348
2023-09-09 13:04:45,593 - [*] phase 0 Dataset load!
0 True None
weawew exp/ECL-PatchTST2023-09-09-02:11:54.085338/0/0.4589_epoch_12.pkl
2023-09-09 13:04:53,202 - [*] loss:0.1977
2023-09-09 13:04:53,242 - [*] phase 0, testing
2023-09-09 13:04:53,947 - T:192	MAE	0.244022	RMSE	0.197885	MAPE	1599.098778
2023-09-09 13:04:53,948 - 192	mae	0.2440	
2023-09-09 13:04:53,948 - 192	rmse	0.1979	
2023-09-09 13:04:53,948 - 192	mape	1599.0988	
----*-----
2023-09-09 13:05:01,879 - [*] loss:0.2256
2023-09-09 13:05:01,919 - [*] phase 0, testing
2023-09-09 13:05:02,632 - T:192	MAE	0.279165	RMSE	0.225759	MAPE	1301.317215
2023-09-09 13:05:10,367 - [*] loss:0.2347
2023-09-09 13:05:10,408 - [*] phase 0, testing
2023-09-09 13:05:11,150 - T:192	MAE	0.277254	RMSE	0.234844	MAPE	1392.015743
2023-09-09 13:05:21,477 - [*] loss:0.2533
2023-09-09 13:05:21,518 - [*] phase 0, testing
2023-09-09 13:05:22,254 - T:192	MAE	0.311009	RMSE	0.253411	MAPE	1286.126709
2023-09-09 13:05:30,604 - [*] loss:0.2101
2023-09-09 13:05:30,646 - [*] phase 0, testing
2023-09-09 13:05:31,413 - T:192	MAE	0.265541	RMSE	0.210309	MAPE	1383.556557
----*-----
avg under noise: 0.28324227035045624 0.23108097538352013
2023-09-09 13:05:33,200 - logger name:exp/ECL-PatchTST2023-09-09-13:05:33.200537/ECL-PatchTST.log
2023-09-09 13:05:33,200 - params : {'loss': 'huber', 'conf': 'ECL-PatchTST', 'data_name': 'weather', 'iteration': 1, 'train': 0, 'mainrs': 1, 'abl': 0, 'abl_tmp_context': 0, 'abl_ae': 0, 'no_tmp': 0, 'load': False, 'build_graph': False, 'same_init': True, 'grad_norm': False, 'refiner_residual': 0, 'root_path': '', 'exp_path': 'exp/', 'val_test_mix': False, 'lr': 0.0001, 'lradj': 'TST', 'dropout': 0.2, 'fc_dropout': 0.2, 'head_dropout': 0.0, 'patch_len': 16, 'stride': 8, 'd_ff': 256, 'd_model': 128, 'n_heads': 16, 'seq_len': 336, 'pred_len': 336, 'noise_rate': 0.5, 'device': device(type='cuda', index=0), 'test_model_path': '/Disk/fhyega/code/BASE/exp/ECL-PatchTST2023-08-26-13:08:31.837686/0/best_model.pkl', 'idx': -1, 'aligner': 1, 'always_align': 1, 'refiner': 1, 'rec_block_num': 1, 'enhance': 1, 'enhance_type': 5, 'seed': 34, 'batch_size': 64, 'share_head': 0, 'add_noise': 1, 'add_norm': 0, 'jitter_sigma': 0.4, 'slope_rate': 0.01, 'slope_range': 0.2, 'alpha': 10.0, 'beta': 1.0, 'gamma': 0.15, 'feature_jittering': 1, 'rec_intra_feature': 0, 'rec_ori': 1, 'mid_dim': 128, 'test_en': 0, 'debugger': 0, 'summary': 0, 'omega': 1.0, 'theta': 1.5, 'mask_border': 1, 'sup_weight': 10.0, 'rec_length_ratio': 0.8, 'ref_dropout': 0.0, 'ref_block_num': 1, 'add_FFN': 1, 'add_residual': 0, 'rec_all': 0, 'e_layers': 3, 'early_break': 0, 'early_stop': 10, 'lo': 'mainresult/ECL-PatchTST_OURS_336_weather.log', '/* model related args*/': '//', 'model_name': 'PatchTST', 'label_len': 48, 'features': 'M', 'target': 'OT', 'graph_input': False, 'individual': False, 'd_layers': 1, 'factor': 1, 'des': 'Exp', 'padding_patch': 'end', 'revin': 1, 'affine': 0, 'subtract_last': 0, 'decomposition': 0, 'kernel_size': 25, 'output_attention': 0, 'embed_type': 0, 'activation': 'gelu', 'distil': 1, 'linear_output': 1, 'pct_start': 0.2, 'indie': 1, '/*train related args*/': '//', 'epoch': 30, '/*dataset related args*/': '//', 'save_data_path': 'data/ECL/', 'data_process': True, 'embed': 'timeF', 'freq': 'h', 'begin_phase': 0, 'end_phase': 1, 'phase_len': -1, 'val_ratio': 0.33, 'graph_size': 321, '/*strategy related args*/': '//', 'strategy': 'incremental', 'increase': False, 'detect': False, 'detect_strategy': 'feature', 'replay': False, 'replay_strategy': 'random', 'repaly_num_samples': 100, 'ewc': False, 'ewc_strategy': 'ewc', 'ewc_lambda': 0.0001, 'subgraph_train': False, 'num_hops': 2, 'logname': 'ECL-PatchTST', 'time': '2023-09-09-13:05:33.200537', 'path': 'exp/ECL-PatchTST2023-09-09-13:05:33.200537', 'num_workers': 4, 'start_train': 0, 'train_mode': 'pretrain', 'get_score': False, 'use_cm': True, 'logger': <Logger __main__ (INFO)>}
2023-09-09 13:05:33,201 - [*] phase 0 start training
0 52696
36887 5270 10539 0.7 0.2 52696
train 36216
36887 5270 10539 0.7 0.2 52696
val 4935
36887 5270 10539 0.7 0.2 52696
test 10204
2023-09-09 13:05:33,995 - [*] phase 0 Dataset load!
1 True None
weawew exp/ECL-PatchTST2023-09-09-04:53:27.273170/0/0.163_epoch_5.pkl
2023-09-09 13:05:44,648 - [*] loss:0.2506
2023-09-09 13:05:44,726 - [*] phase 0, testing
2023-09-09 13:05:45,998 - T:336	MAE	0.279673	RMSE	0.250882	MAPE	1453.166771
2023-09-09 13:05:46,000 - 336	mae	0.2797	
2023-09-09 13:05:46,000 - 336	rmse	0.2509	
2023-09-09 13:05:46,000 - 336	mape	1453.1668	
----*-----
2023-09-09 13:05:57,080 - [*] loss:0.2658
2023-09-09 13:05:57,158 - [*] phase 0, testing
2023-09-09 13:05:58,410 - T:336	MAE	0.304635	RMSE	0.266025	MAPE	1522.815895
2023-09-09 13:06:09,283 - [*] loss:0.2615
2023-09-09 13:06:09,365 - [*] phase 0, testing
2023-09-09 13:06:10,656 - T:336	MAE	0.294811	RMSE	0.261696	MAPE	1485.428143
2023-09-09 13:06:24,025 - [*] loss:0.2813
2023-09-09 13:06:24,107 - [*] phase 0, testing
2023-09-09 13:06:25,382 - T:336	MAE	0.320684	RMSE	0.281626	MAPE	1384.337711
2023-09-09 13:06:36,894 - [*] loss:0.2494
2023-09-09 13:06:36,972 - [*] phase 0, testing
2023-09-09 13:06:38,237 - T:336	MAE	0.287529	RMSE	0.249734	MAPE	1340.896034
----*-----
avg under noise: 0.3019147366285324 0.2647702805697918
2023-09-09 13:06:46,069 - [*] loss:0.2498
2023-09-09 13:06:46,151 - [*] phase 0, testing
2023-09-09 13:06:47,420 - T:336	MAE	0.279001	RMSE	0.250075	MAPE	1462.450027
2023-09-09 13:06:47,421 - 336	mae	0.2790	
2023-09-09 13:06:47,421 - 336	rmse	0.2501	
2023-09-09 13:06:47,421 - 336	mape	1462.4500	
----*-----
2023-09-09 13:06:55,636 - [*] loss:0.2660
2023-09-09 13:06:55,718 - [*] phase 0, testing
2023-09-09 13:06:56,994 - T:336	MAE	0.304930	RMSE	0.266182	MAPE	1518.198681
2023-09-09 13:07:04,911 - [*] loss:0.2602
2023-09-09 13:07:04,989 - [*] phase 0, testing
2023-09-09 13:07:06,206 - T:336	MAE	0.292572	RMSE	0.260328	MAPE	1470.992565
2023-09-09 13:07:16,673 - [*] loss:0.2858
2023-09-09 13:07:16,754 - [*] phase 0, testing
2023-09-09 13:07:17,995 - T:336	MAE	0.327409	RMSE	0.286044	MAPE	1416.769218
2023-09-09 13:07:26,641 - [*] loss:0.2494
2023-09-09 13:07:26,721 - [*] phase 0, testing
2023-09-09 13:07:27,989 - T:336	MAE	0.287540	RMSE	0.249680	MAPE	1357.439899
----*-----
avg under noise: 0.3031128793954849 0.2655584402382374
2023-09-09 13:07:29,801 - logger name:exp/ECL-PatchTST2023-09-09-13:07:29.801659/ECL-PatchTST.log
2023-09-09 13:07:29,802 - params : {'loss': 'mse', 'conf': 'ECL-PatchTST', 'data_name': 'weather', 'iteration': 1, 'train': 0, 'mainrs': 1, 'abl': 0, 'abl_tmp_context': 0, 'abl_ae': 0, 'no_tmp': 0, 'load': False, 'build_graph': False, 'same_init': True, 'grad_norm': False, 'refiner_residual': 0, 'root_path': '', 'exp_path': 'exp/', 'val_test_mix': False, 'lr': 0.0001, 'lradj': 'TST', 'dropout': 0.2, 'fc_dropout': 0.2, 'head_dropout': 0.0, 'patch_len': 16, 'stride': 8, 'd_ff': 256, 'd_model': 128, 'n_heads': 16, 'seq_len': 336, 'pred_len': 336, 'noise_rate': 0.5, 'device': device(type='cuda', index=0), 'test_model_path': '/Disk/fhyega/code/BASE/exp/ECL-PatchTST2023-08-26-13:08:31.837686/0/best_model.pkl', 'idx': -1, 'aligner': 0, 'always_align': 1, 'refiner': 0, 'rec_block_num': 1, 'enhance': 0, 'enhance_type': 5, 'seed': 34, 'batch_size': 64, 'share_head': 0, 'add_noise': 1, 'add_norm': 0, 'jitter_sigma': 0.4, 'slope_rate': 0.01, 'slope_range': 0.2, 'alpha': 10.0, 'beta': 1.0, 'gamma': 0.15, 'feature_jittering': 1, 'rec_intra_feature': 0, 'rec_ori': 1, 'mid_dim': 128, 'test_en': 0, 'debugger': 0, 'summary': 0, 'omega': 1.0, 'theta': 1.5, 'mask_border': 1, 'sup_weight': 10.0, 'rec_length_ratio': 0.8, 'ref_dropout': 0.0, 'ref_block_num': 1, 'add_FFN': 1, 'add_residual': 0, 'rec_all': 0, 'e_layers': 3, 'early_break': 0, 'early_stop': 10, 'lo': 'mainresult/ECL-PatchTST_ori_336_weather.log', '/* model related args*/': '//', 'model_name': 'PatchTST', 'label_len': 48, 'features': 'M', 'target': 'OT', 'graph_input': False, 'individual': False, 'd_layers': 1, 'factor': 1, 'des': 'Exp', 'padding_patch': 'end', 'revin': 1, 'affine': 0, 'subtract_last': 0, 'decomposition': 0, 'kernel_size': 25, 'output_attention': 0, 'embed_type': 0, 'activation': 'gelu', 'distil': 1, 'linear_output': 1, 'pct_start': 0.2, 'indie': 1, '/*train related args*/': '//', 'epoch': 30, '/*dataset related args*/': '//', 'save_data_path': 'data/ECL/', 'data_process': True, 'embed': 'timeF', 'freq': 'h', 'begin_phase': 0, 'end_phase': 1, 'phase_len': -1, 'val_ratio': 0.33, 'graph_size': 321, '/*strategy related args*/': '//', 'strategy': 'incremental', 'increase': False, 'detect': False, 'detect_strategy': 'feature', 'replay': False, 'replay_strategy': 'random', 'repaly_num_samples': 100, 'ewc': False, 'ewc_strategy': 'ewc', 'ewc_lambda': 0.0001, 'subgraph_train': False, 'num_hops': 2, 'logname': 'ECL-PatchTST', 'time': '2023-09-09-13:07:29.801659', 'path': 'exp/ECL-PatchTST2023-09-09-13:07:29.801659', 'num_workers': 4, 'start_train': 0, 'train_mode': 'pretrain', 'get_score': False, 'use_cm': True, 'logger': <Logger __main__ (INFO)>}
2023-09-09 13:07:29,802 - [*] phase 0 start training
0 52696
36887 5270 10539 0.7 0.2 52696
train 36216
36887 5270 10539 0.7 0.2 52696
val 4935
36887 5270 10539 0.7 0.2 52696
test 10204
2023-09-09 13:07:30,619 - [*] phase 0 Dataset load!
0 True None
weawew exp/ECL-PatchTST2023-09-09-07:11:39.405167/0/0.55_epoch_8.pkl
2023-09-09 13:07:38,403 - [*] loss:0.2502
2023-09-09 13:07:38,483 - [*] phase 0, testing
2023-09-09 13:07:39,750 - T:336	MAE	0.285021	RMSE	0.250388	MAPE	1551.236629
2023-09-09 13:07:39,751 - 336	mae	0.2850	
2023-09-09 13:07:39,751 - 336	rmse	0.2504	
2023-09-09 13:07:39,751 - 336	mape	1551.2366	
----*-----
2023-09-09 13:07:47,949 - [*] loss:0.2695
2023-09-09 13:07:48,029 - [*] phase 0, testing
2023-09-09 13:07:49,309 - T:336	MAE	0.307131	RMSE	0.269690	MAPE	1473.991394
2023-09-09 13:07:57,304 - [*] loss:0.2797
2023-09-09 13:07:57,386 - [*] phase 0, testing
2023-09-09 13:07:58,674 - T:336	MAE	0.307876	RMSE	0.279814	MAPE	1604.142952
2023-09-09 13:08:09,238 - [*] loss:0.3006
2023-09-09 13:08:09,318 - [*] phase 0, testing
2023-09-09 13:08:10,591 - T:336	MAE	0.347151	RMSE	0.300680	MAPE	1241.109276
2023-09-09 13:08:19,084 - [*] loss:0.2537
2023-09-09 13:08:19,166 - [*] phase 0, testing
2023-09-09 13:08:20,444 - T:336	MAE	0.294125	RMSE	0.253971	MAPE	1391.591454
----*-----
avg under noise: 0.31407080590724945 0.27603863924741745
2023-09-09 13:08:22,249 - logger name:exp/ECL-PatchTST2023-09-09-13:08:22.249549/ECL-PatchTST.log
2023-09-09 13:08:22,250 - params : {'loss': 'huber', 'conf': 'ECL-PatchTST', 'data_name': 'weather', 'iteration': 1, 'train': 0, 'mainrs': 1, 'abl': 0, 'abl_tmp_context': 0, 'abl_ae': 0, 'no_tmp': 0, 'load': False, 'build_graph': False, 'same_init': True, 'grad_norm': False, 'refiner_residual': 0, 'root_path': '', 'exp_path': 'exp/', 'val_test_mix': False, 'lr': 0.0001, 'lradj': 'TST', 'dropout': 0.2, 'fc_dropout': 0.2, 'head_dropout': 0.0, 'patch_len': 16, 'stride': 8, 'd_ff': 256, 'd_model': 128, 'n_heads': 16, 'seq_len': 336, 'pred_len': 720, 'noise_rate': 0.5, 'device': device(type='cuda', index=0), 'test_model_path': '/Disk/fhyega/code/BASE/exp/ECL-PatchTST2023-08-26-13:08:31.837686/0/best_model.pkl', 'idx': -1, 'aligner': 1, 'always_align': 1, 'refiner': 1, 'rec_block_num': 1, 'enhance': 1, 'enhance_type': 5, 'seed': 34, 'batch_size': 64, 'share_head': 0, 'add_noise': 1, 'add_norm': 0, 'jitter_sigma': 0.4, 'slope_rate': 0.01, 'slope_range': 0.2, 'alpha': 10.0, 'beta': 1.0, 'gamma': 0.15, 'feature_jittering': 1, 'rec_intra_feature': 0, 'rec_ori': 1, 'mid_dim': 128, 'test_en': 0, 'debugger': 0, 'summary': 0, 'omega': 1.0, 'theta': 1.5, 'mask_border': 1, 'sup_weight': 10.0, 'rec_length_ratio': 0.8, 'ref_dropout': 0.0, 'ref_block_num': 1, 'add_FFN': 1, 'add_residual': 0, 'rec_all': 0, 'e_layers': 3, 'early_break': 0, 'early_stop': 10, 'lo': 'mainresult/ECL-PatchTST_OURS_720_weather.log', '/* model related args*/': '//', 'model_name': 'PatchTST', 'label_len': 48, 'features': 'M', 'target': 'OT', 'graph_input': False, 'individual': False, 'd_layers': 1, 'factor': 1, 'des': 'Exp', 'padding_patch': 'end', 'revin': 1, 'affine': 0, 'subtract_last': 0, 'decomposition': 0, 'kernel_size': 25, 'output_attention': 0, 'embed_type': 0, 'activation': 'gelu', 'distil': 1, 'linear_output': 1, 'pct_start': 0.2, 'indie': 1, '/*train related args*/': '//', 'epoch': 30, '/*dataset related args*/': '//', 'save_data_path': 'data/ECL/', 'data_process': True, 'embed': 'timeF', 'freq': 'h', 'begin_phase': 0, 'end_phase': 1, 'phase_len': -1, 'val_ratio': 0.33, 'graph_size': 321, '/*strategy related args*/': '//', 'strategy': 'incremental', 'increase': False, 'detect': False, 'detect_strategy': 'feature', 'replay': False, 'replay_strategy': 'random', 'repaly_num_samples': 100, 'ewc': False, 'ewc_strategy': 'ewc', 'ewc_lambda': 0.0001, 'subgraph_train': False, 'num_hops': 2, 'logname': 'ECL-PatchTST', 'time': '2023-09-09-13:08:22.249549', 'path': 'exp/ECL-PatchTST2023-09-09-13:08:22.249549', 'num_workers': 4, 'start_train': 0, 'train_mode': 'pretrain', 'get_score': False, 'use_cm': True, 'logger': <Logger __main__ (INFO)>}
2023-09-09 13:08:22,250 - [*] phase 0 start training
0 52696
36887 5270 10539 0.7 0.2 52696
train 35832
36887 5270 10539 0.7 0.2 52696
val 4551
36887 5270 10539 0.7 0.2 52696
test 9820
2023-09-09 13:08:23,045 - [*] phase 0 Dataset load!
1 True None
weawew exp/ECL-PatchTST2023-09-09-04:53:30.260483/0/0.2007_epoch_8.pkl
2023-09-09 13:08:34,251 - [*] loss:0.3210
2023-09-09 13:08:34,409 - [*] phase 0, testing
2023-09-09 13:08:36,889 - T:720	MAE	0.328101	RMSE	0.320387	MAPE	1504.106236
2023-09-09 13:08:36,891 - 720	mae	0.3281	
2023-09-09 13:08:36,891 - 720	rmse	0.3204	
2023-09-09 13:08:36,891 - 720	mape	1504.1062	
----*-----
2023-09-09 13:08:48,320 - [*] loss:0.3323
2023-09-09 13:08:48,484 - [*] phase 0, testing
2023-09-09 13:08:51,040 - T:720	MAE	0.345162	RMSE	0.331606	MAPE	1544.028664
2023-09-09 13:09:02,152 - [*] loss:0.3347
2023-09-09 13:09:02,312 - [*] phase 0, testing
2023-09-09 13:09:04,901 - T:720	MAE	0.341228	RMSE	0.334029	MAPE	1548.231506
2023-09-09 13:09:18,614 - [*] loss:0.3369
2023-09-09 13:09:18,773 - [*] phase 0, testing
2023-09-09 13:09:21,284 - T:720	MAE	0.360062	RMSE	0.336263	MAPE	1305.402660
2023-09-09 13:09:33,101 - [*] loss:0.3134
2023-09-09 13:09:33,268 - [*] phase 0, testing
2023-09-09 13:09:35,927 - T:720	MAE	0.329302	RMSE	0.312720	MAPE	1403.095722
----*-----
avg under noise: 0.34393852949142456 0.3286546543240547
2023-09-09 13:09:44,192 - [*] loss:0.3205
2023-09-09 13:09:44,362 - [*] phase 0, testing
2023-09-09 13:09:47,018 - T:720	MAE	0.327713	RMSE	0.319999	MAPE	1498.355293
2023-09-09 13:09:47,020 - 720	mae	0.3277	
2023-09-09 13:09:47,020 - 720	rmse	0.3200	
2023-09-09 13:09:47,020 - 720	mape	1498.3553	
----*-----
2023-09-09 13:09:55,778 - [*] loss:0.3318
2023-09-09 13:09:55,946 - [*] phase 0, testing
2023-09-09 13:09:58,521 - T:720	MAE	0.344732	RMSE	0.331183	MAPE	1532.131004
2023-09-09 13:10:06,857 - [*] loss:0.3338
2023-09-09 13:10:07,017 - [*] phase 0, testing
2023-09-09 13:10:09,575 - T:720	MAE	0.340762	RMSE	0.333188	MAPE	1513.494778
2023-09-09 13:10:20,438 - [*] loss:0.3417
2023-09-09 13:10:20,597 - [*] phase 0, testing
2023-09-09 13:10:23,180 - T:720	MAE	0.366269	RMSE	0.341069	MAPE	1347.425461
2023-09-09 13:10:32,233 - [*] loss:0.3130
2023-09-09 13:10:32,404 - [*] phase 0, testing
2023-09-09 13:10:34,979 - T:720	MAE	0.328918	RMSE	0.312413	MAPE	1405.073643
----*-----
avg under noise: 0.34517040103673935 0.329463467001915
2023-09-09 13:10:36,796 - logger name:exp/ECL-PatchTST2023-09-09-13:10:36.796046/ECL-PatchTST.log
2023-09-09 13:10:36,796 - params : {'loss': 'mse', 'conf': 'ECL-PatchTST', 'data_name': 'weather', 'iteration': 1, 'train': 0, 'mainrs': 1, 'abl': 0, 'abl_tmp_context': 0, 'abl_ae': 0, 'no_tmp': 0, 'load': False, 'build_graph': False, 'same_init': True, 'grad_norm': False, 'refiner_residual': 0, 'root_path': '', 'exp_path': 'exp/', 'val_test_mix': False, 'lr': 0.0001, 'lradj': 'TST', 'dropout': 0.2, 'fc_dropout': 0.2, 'head_dropout': 0.0, 'patch_len': 16, 'stride': 8, 'd_ff': 256, 'd_model': 128, 'n_heads': 16, 'seq_len': 336, 'pred_len': 720, 'noise_rate': 0.5, 'device': device(type='cuda', index=0), 'test_model_path': '/Disk/fhyega/code/BASE/exp/ECL-PatchTST2023-08-26-13:08:31.837686/0/best_model.pkl', 'idx': -1, 'aligner': 0, 'always_align': 1, 'refiner': 0, 'rec_block_num': 1, 'enhance': 0, 'enhance_type': 5, 'seed': 34, 'batch_size': 64, 'share_head': 0, 'add_noise': 1, 'add_norm': 0, 'jitter_sigma': 0.4, 'slope_rate': 0.01, 'slope_range': 0.2, 'alpha': 10.0, 'beta': 1.0, 'gamma': 0.15, 'feature_jittering': 1, 'rec_intra_feature': 0, 'rec_ori': 1, 'mid_dim': 128, 'test_en': 0, 'debugger': 0, 'summary': 0, 'omega': 1.0, 'theta': 1.5, 'mask_border': 1, 'sup_weight': 10.0, 'rec_length_ratio': 0.8, 'ref_dropout': 0.0, 'ref_block_num': 1, 'add_FFN': 1, 'add_residual': 0, 'rec_all': 0, 'e_layers': 3, 'early_break': 0, 'early_stop': 10, 'lo': 'mainresult/ECL-PatchTST_ori_720_weather.log', '/* model related args*/': '//', 'model_name': 'PatchTST', 'label_len': 48, 'features': 'M', 'target': 'OT', 'graph_input': False, 'individual': False, 'd_layers': 1, 'factor': 1, 'des': 'Exp', 'padding_patch': 'end', 'revin': 1, 'affine': 0, 'subtract_last': 0, 'decomposition': 0, 'kernel_size': 25, 'output_attention': 0, 'embed_type': 0, 'activation': 'gelu', 'distil': 1, 'linear_output': 1, 'pct_start': 0.2, 'indie': 1, '/*train related args*/': '//', 'epoch': 30, '/*dataset related args*/': '//', 'save_data_path': 'data/ECL/', 'data_process': True, 'embed': 'timeF', 'freq': 'h', 'begin_phase': 0, 'end_phase': 1, 'phase_len': -1, 'val_ratio': 0.33, 'graph_size': 321, '/*strategy related args*/': '//', 'strategy': 'incremental', 'increase': False, 'detect': False, 'detect_strategy': 'feature', 'replay': False, 'replay_strategy': 'random', 'repaly_num_samples': 100, 'ewc': False, 'ewc_strategy': 'ewc', 'ewc_lambda': 0.0001, 'subgraph_train': False, 'num_hops': 2, 'logname': 'ECL-PatchTST', 'time': '2023-09-09-13:10:36.796046', 'path': 'exp/ECL-PatchTST2023-09-09-13:10:36.796046', 'num_workers': 4, 'start_train': 0, 'train_mode': 'pretrain', 'get_score': False, 'use_cm': True, 'logger': <Logger __main__ (INFO)>}
2023-09-09 13:10:36,796 - [*] phase 0 start training
0 52696
36887 5270 10539 0.7 0.2 52696
train 35832
36887 5270 10539 0.7 0.2 52696
val 4551
36887 5270 10539 0.7 0.2 52696
test 9820
2023-09-09 13:10:37,590 - [*] phase 0 Dataset load!
0 True None
weawew exp/ECL-PatchTST2023-09-09-07:25:26.078448/0/0.6566_epoch_8.pkl
2023-09-09 13:10:45,865 - [*] loss:0.3246
2023-09-09 13:10:46,033 - [*] phase 0, testing
2023-09-09 13:10:48,600 - T:720	MAE	0.335405	RMSE	0.323995	MAPE	1526.430607
2023-09-09 13:10:48,602 - 720	mae	0.3354	
2023-09-09 13:10:48,602 - 720	rmse	0.3240	
2023-09-09 13:10:48,602 - 720	mape	1526.4306	
----*-----
2023-09-09 13:10:57,398 - [*] loss:0.3379
2023-09-09 13:10:57,561 - [*] phase 0, testing
2023-09-09 13:11:00,193 - T:720	MAE	0.358471	RMSE	0.337308	MAPE	1454.063988
2023-09-09 13:11:08,507 - [*] loss:0.3675
2023-09-09 13:11:08,672 - [*] phase 0, testing
2023-09-09 13:11:11,287 - T:720	MAE	0.363089	RMSE	0.366850	MAPE	1715.013695
2023-09-09 13:11:22,272 - [*] loss:0.3846
2023-09-09 13:11:22,432 - [*] phase 0, testing
2023-09-09 13:11:25,017 - T:720	MAE	0.410525	RMSE	0.383828	MAPE	1172.947598
2023-09-09 13:11:34,034 - [*] loss:0.3207
2023-09-09 13:11:34,196 - [*] phase 0, testing
2023-09-09 13:11:36,782 - T:720	MAE	0.343142	RMSE	0.320143	MAPE	1408.553028
----*-----
avg under noise: 0.3688064441084862 0.3520323559641838
2023-09-09 13:11:38,591 - logger name:exp/ECL-PatchTST2023-09-09-13:11:38.591069/ECL-PatchTST.log
2023-09-09 13:11:38,591 - params : {'loss': 'huber', 'conf': 'ECL-PatchTST', 'data_name': 'ETTh2', 'iteration': 1, 'train': 0, 'mainrs': 1, 'abl': 0, 'abl_tmp_context': 0, 'abl_ae': 0, 'no_tmp': 0, 'load': False, 'build_graph': False, 'same_init': True, 'grad_norm': False, 'refiner_residual': 0, 'root_path': '', 'exp_path': 'exp/', 'val_test_mix': False, 'lr': 0.0001, 'lradj': 'TST', 'dropout': 0.2, 'fc_dropout': 0.2, 'head_dropout': 0.0, 'patch_len': 16, 'stride': 8, 'd_ff': 256, 'd_model': 128, 'n_heads': 16, 'seq_len': 336, 'pred_len': 96, 'noise_rate': 0.5, 'device': device(type='cuda', index=0), 'test_model_path': '/Disk/fhyega/code/BASE/exp/ECL-PatchTST2023-08-26-13:08:31.837686/0/best_model.pkl', 'idx': -1, 'aligner': 1, 'always_align': 1, 'refiner': 1, 'rec_block_num': 1, 'enhance': 1, 'enhance_type': 5, 'seed': 34, 'batch_size': 64, 'share_head': 0, 'add_noise': 1, 'add_norm': 0, 'jitter_sigma': 0.4, 'slope_rate': 0.01, 'slope_range': 0.2, 'alpha': 10.0, 'beta': 1.0, 'gamma': 0.15, 'feature_jittering': 1, 'rec_intra_feature': 0, 'rec_ori': 1, 'mid_dim': 128, 'test_en': 0, 'debugger': 0, 'summary': 0, 'omega': 1.0, 'theta': 1.5, 'mask_border': 1, 'sup_weight': 10.0, 'rec_length_ratio': 0.8, 'ref_dropout': 0.0, 'ref_block_num': 1, 'add_FFN': 1, 'add_residual': 0, 'rec_all': 0, 'e_layers': 3, 'early_break': 0, 'early_stop': 10, 'lo': 'mainresult/ECL-PatchTST_OURS_96_ETTh2.log', '/* model related args*/': '//', 'model_name': 'PatchTST', 'label_len': 48, 'features': 'M', 'target': 'OT', 'graph_input': False, 'individual': False, 'd_layers': 1, 'factor': 1, 'des': 'Exp', 'padding_patch': 'end', 'revin': 1, 'affine': 0, 'subtract_last': 0, 'decomposition': 0, 'kernel_size': 25, 'output_attention': 0, 'embed_type': 0, 'activation': 'gelu', 'distil': 1, 'linear_output': 1, 'pct_start': 0.2, 'indie': 1, '/*train related args*/': '//', 'epoch': 30, '/*dataset related args*/': '//', 'save_data_path': 'data/ECL/', 'data_process': True, 'embed': 'timeF', 'freq': 'h', 'begin_phase': 0, 'end_phase': 1, 'phase_len': -1, 'val_ratio': 0.33, 'graph_size': 321, '/*strategy related args*/': '//', 'strategy': 'incremental', 'increase': False, 'detect': False, 'detect_strategy': 'feature', 'replay': False, 'replay_strategy': 'random', 'repaly_num_samples': 100, 'ewc': False, 'ewc_strategy': 'ewc', 'ewc_lambda': 0.0001, 'subgraph_train': False, 'num_hops': 2, 'logname': 'ECL-PatchTST', 'time': '2023-09-09-13:11:38.591069', 'path': 'exp/ECL-PatchTST2023-09-09-13:11:38.591069', 'num_workers': 4, 'start_train': 0, 'train_mode': 'pretrain', 'get_score': False, 'use_cm': True, 'logger': <Logger __main__ (INFO)>}
2023-09-09 13:11:38,591 - [*] phase 0 start training
0 17420
train 8209
val 2785
test 2785
2023-09-09 13:11:38,793 - [*] phase 0 Dataset load!
1 True None
2023-09-09 13:11:40,662 - logger name:exp/ECL-PatchTST2023-09-09-13:11:40.662246/ECL-PatchTST.log
2023-09-09 13:11:40,662 - params : {'loss': 'mse', 'conf': 'ECL-PatchTST', 'data_name': 'ETTh2', 'iteration': 1, 'train': 0, 'mainrs': 1, 'abl': 0, 'abl_tmp_context': 0, 'abl_ae': 0, 'no_tmp': 0, 'load': False, 'build_graph': False, 'same_init': True, 'grad_norm': False, 'refiner_residual': 0, 'root_path': '', 'exp_path': 'exp/', 'val_test_mix': False, 'lr': 0.0001, 'lradj': 'TST', 'dropout': 0.2, 'fc_dropout': 0.2, 'head_dropout': 0.0, 'patch_len': 16, 'stride': 8, 'd_ff': 256, 'd_model': 128, 'n_heads': 16, 'seq_len': 336, 'pred_len': 96, 'noise_rate': 0.5, 'device': device(type='cuda', index=0), 'test_model_path': '/Disk/fhyega/code/BASE/exp/ECL-PatchTST2023-08-26-13:08:31.837686/0/best_model.pkl', 'idx': -1, 'aligner': 0, 'always_align': 1, 'refiner': 0, 'rec_block_num': 1, 'enhance': 0, 'enhance_type': 5, 'seed': 34, 'batch_size': 64, 'share_head': 0, 'add_noise': 1, 'add_norm': 0, 'jitter_sigma': 0.4, 'slope_rate': 0.01, 'slope_range': 0.2, 'alpha': 10.0, 'beta': 1.0, 'gamma': 0.15, 'feature_jittering': 1, 'rec_intra_feature': 0, 'rec_ori': 1, 'mid_dim': 128, 'test_en': 0, 'debugger': 0, 'summary': 0, 'omega': 1.0, 'theta': 1.5, 'mask_border': 1, 'sup_weight': 10.0, 'rec_length_ratio': 0.8, 'ref_dropout': 0.0, 'ref_block_num': 1, 'add_FFN': 1, 'add_residual': 0, 'rec_all': 0, 'e_layers': 3, 'early_break': 0, 'early_stop': 10, 'lo': 'mainresult/ECL-PatchTST_ori_96_ETTh2.log', '/* model related args*/': '//', 'model_name': 'PatchTST', 'label_len': 48, 'features': 'M', 'target': 'OT', 'graph_input': False, 'individual': False, 'd_layers': 1, 'factor': 1, 'des': 'Exp', 'padding_patch': 'end', 'revin': 1, 'affine': 0, 'subtract_last': 0, 'decomposition': 0, 'kernel_size': 25, 'output_attention': 0, 'embed_type': 0, 'activation': 'gelu', 'distil': 1, 'linear_output': 1, 'pct_start': 0.2, 'indie': 1, '/*train related args*/': '//', 'epoch': 30, '/*dataset related args*/': '//', 'save_data_path': 'data/ECL/', 'data_process': True, 'embed': 'timeF', 'freq': 'h', 'begin_phase': 0, 'end_phase': 1, 'phase_len': -1, 'val_ratio': 0.33, 'graph_size': 321, '/*strategy related args*/': '//', 'strategy': 'incremental', 'increase': False, 'detect': False, 'detect_strategy': 'feature', 'replay': False, 'replay_strategy': 'random', 'repaly_num_samples': 100, 'ewc': False, 'ewc_strategy': 'ewc', 'ewc_lambda': 0.0001, 'subgraph_train': False, 'num_hops': 2, 'logname': 'ECL-PatchTST', 'time': '2023-09-09-13:11:40.662246', 'path': 'exp/ECL-PatchTST2023-09-09-13:11:40.662246', 'num_workers': 4, 'start_train': 0, 'train_mode': 'pretrain', 'get_score': False, 'use_cm': True, 'logger': <Logger __main__ (INFO)>}
2023-09-09 13:11:40,662 - [*] phase 0 start training
0 17420
train 8209
val 2785
test 2785
2023-09-09 13:11:40,864 - [*] phase 0 Dataset load!
0 True None
2023-09-09 13:11:42,733 - logger name:exp/ECL-PatchTST2023-09-09-13:11:42.733124/ECL-PatchTST.log
2023-09-09 13:11:42,733 - params : {'loss': 'huber', 'conf': 'ECL-PatchTST', 'data_name': 'ETTh2', 'iteration': 1, 'train': 0, 'mainrs': 1, 'abl': 0, 'abl_tmp_context': 0, 'abl_ae': 0, 'no_tmp': 0, 'load': False, 'build_graph': False, 'same_init': True, 'grad_norm': False, 'refiner_residual': 0, 'root_path': '', 'exp_path': 'exp/', 'val_test_mix': False, 'lr': 0.0001, 'lradj': 'TST', 'dropout': 0.2, 'fc_dropout': 0.2, 'head_dropout': 0.0, 'patch_len': 16, 'stride': 8, 'd_ff': 256, 'd_model': 128, 'n_heads': 16, 'seq_len': 336, 'pred_len': 192, 'noise_rate': 0.5, 'device': device(type='cuda', index=0), 'test_model_path': '/Disk/fhyega/code/BASE/exp/ECL-PatchTST2023-08-26-13:08:31.837686/0/best_model.pkl', 'idx': -1, 'aligner': 1, 'always_align': 1, 'refiner': 1, 'rec_block_num': 1, 'enhance': 1, 'enhance_type': 5, 'seed': 34, 'batch_size': 64, 'share_head': 0, 'add_noise': 1, 'add_norm': 0, 'jitter_sigma': 0.4, 'slope_rate': 0.01, 'slope_range': 0.2, 'alpha': 10.0, 'beta': 1.0, 'gamma': 0.15, 'feature_jittering': 1, 'rec_intra_feature': 0, 'rec_ori': 1, 'mid_dim': 128, 'test_en': 0, 'debugger': 0, 'summary': 0, 'omega': 1.0, 'theta': 1.5, 'mask_border': 1, 'sup_weight': 10.0, 'rec_length_ratio': 0.8, 'ref_dropout': 0.0, 'ref_block_num': 1, 'add_FFN': 1, 'add_residual': 0, 'rec_all': 0, 'e_layers': 3, 'early_break': 0, 'early_stop': 10, 'lo': 'mainresult/ECL-PatchTST_OURS_192_ETTh2.log', '/* model related args*/': '//', 'model_name': 'PatchTST', 'label_len': 48, 'features': 'M', 'target': 'OT', 'graph_input': False, 'individual': False, 'd_layers': 1, 'factor': 1, 'des': 'Exp', 'padding_patch': 'end', 'revin': 1, 'affine': 0, 'subtract_last': 0, 'decomposition': 0, 'kernel_size': 25, 'output_attention': 0, 'embed_type': 0, 'activation': 'gelu', 'distil': 1, 'linear_output': 1, 'pct_start': 0.2, 'indie': 1, '/*train related args*/': '//', 'epoch': 30, '/*dataset related args*/': '//', 'save_data_path': 'data/ECL/', 'data_process': True, 'embed': 'timeF', 'freq': 'h', 'begin_phase': 0, 'end_phase': 1, 'phase_len': -1, 'val_ratio': 0.33, 'graph_size': 321, '/*strategy related args*/': '//', 'strategy': 'incremental', 'increase': False, 'detect': False, 'detect_strategy': 'feature', 'replay': False, 'replay_strategy': 'random', 'repaly_num_samples': 100, 'ewc': False, 'ewc_strategy': 'ewc', 'ewc_lambda': 0.0001, 'subgraph_train': False, 'num_hops': 2, 'logname': 'ECL-PatchTST', 'time': '2023-09-09-13:11:42.733124', 'path': 'exp/ECL-PatchTST2023-09-09-13:11:42.733124', 'num_workers': 4, 'start_train': 0, 'train_mode': 'pretrain', 'get_score': False, 'use_cm': True, 'logger': <Logger __main__ (INFO)>}
2023-09-09 13:11:42,733 - [*] phase 0 start training
0 17420
train 8113
val 2689
test 2689
2023-09-09 13:11:42,936 - [*] phase 0 Dataset load!
1 True None
2023-09-09 13:11:44,806 - logger name:exp/ECL-PatchTST2023-09-09-13:11:44.805841/ECL-PatchTST.log
2023-09-09 13:11:44,806 - params : {'loss': 'mse', 'conf': 'ECL-PatchTST', 'data_name': 'ETTh2', 'iteration': 1, 'train': 0, 'mainrs': 1, 'abl': 0, 'abl_tmp_context': 0, 'abl_ae': 0, 'no_tmp': 0, 'load': False, 'build_graph': False, 'same_init': True, 'grad_norm': False, 'refiner_residual': 0, 'root_path': '', 'exp_path': 'exp/', 'val_test_mix': False, 'lr': 0.0001, 'lradj': 'TST', 'dropout': 0.2, 'fc_dropout': 0.2, 'head_dropout': 0.0, 'patch_len': 16, 'stride': 8, 'd_ff': 256, 'd_model': 128, 'n_heads': 16, 'seq_len': 336, 'pred_len': 192, 'noise_rate': 0.5, 'device': device(type='cuda', index=0), 'test_model_path': '/Disk/fhyega/code/BASE/exp/ECL-PatchTST2023-08-26-13:08:31.837686/0/best_model.pkl', 'idx': -1, 'aligner': 0, 'always_align': 1, 'refiner': 0, 'rec_block_num': 1, 'enhance': 0, 'enhance_type': 5, 'seed': 34, 'batch_size': 64, 'share_head': 0, 'add_noise': 1, 'add_norm': 0, 'jitter_sigma': 0.4, 'slope_rate': 0.01, 'slope_range': 0.2, 'alpha': 10.0, 'beta': 1.0, 'gamma': 0.15, 'feature_jittering': 1, 'rec_intra_feature': 0, 'rec_ori': 1, 'mid_dim': 128, 'test_en': 0, 'debugger': 0, 'summary': 0, 'omega': 1.0, 'theta': 1.5, 'mask_border': 1, 'sup_weight': 10.0, 'rec_length_ratio': 0.8, 'ref_dropout': 0.0, 'ref_block_num': 1, 'add_FFN': 1, 'add_residual': 0, 'rec_all': 0, 'e_layers': 3, 'early_break': 0, 'early_stop': 10, 'lo': 'mainresult/ECL-PatchTST_ori_192_ETTh2.log', '/* model related args*/': '//', 'model_name': 'PatchTST', 'label_len': 48, 'features': 'M', 'target': 'OT', 'graph_input': False, 'individual': False, 'd_layers': 1, 'factor': 1, 'des': 'Exp', 'padding_patch': 'end', 'revin': 1, 'affine': 0, 'subtract_last': 0, 'decomposition': 0, 'kernel_size': 25, 'output_attention': 0, 'embed_type': 0, 'activation': 'gelu', 'distil': 1, 'linear_output': 1, 'pct_start': 0.2, 'indie': 1, '/*train related args*/': '//', 'epoch': 30, '/*dataset related args*/': '//', 'save_data_path': 'data/ECL/', 'data_process': True, 'embed': 'timeF', 'freq': 'h', 'begin_phase': 0, 'end_phase': 1, 'phase_len': -1, 'val_ratio': 0.33, 'graph_size': 321, '/*strategy related args*/': '//', 'strategy': 'incremental', 'increase': False, 'detect': False, 'detect_strategy': 'feature', 'replay': False, 'replay_strategy': 'random', 'repaly_num_samples': 100, 'ewc': False, 'ewc_strategy': 'ewc', 'ewc_lambda': 0.0001, 'subgraph_train': False, 'num_hops': 2, 'logname': 'ECL-PatchTST', 'time': '2023-09-09-13:11:44.805841', 'path': 'exp/ECL-PatchTST2023-09-09-13:11:44.805841', 'num_workers': 4, 'start_train': 0, 'train_mode': 'pretrain', 'get_score': False, 'use_cm': True, 'logger': <Logger __main__ (INFO)>}
2023-09-09 13:11:44,806 - [*] phase 0 start training
0 17420
train 8113
val 2689
test 2689
2023-09-09 13:11:45,008 - [*] phase 0 Dataset load!
0 True None
2023-09-09 13:11:46,873 - logger name:exp/ECL-PatchTST2023-09-09-13:11:46.873710/ECL-PatchTST.log
2023-09-09 13:11:46,874 - params : {'loss': 'huber', 'conf': 'ECL-PatchTST', 'data_name': 'ETTh2', 'iteration': 1, 'train': 0, 'mainrs': 1, 'abl': 0, 'abl_tmp_context': 0, 'abl_ae': 0, 'no_tmp': 0, 'load': False, 'build_graph': False, 'same_init': True, 'grad_norm': False, 'refiner_residual': 0, 'root_path': '', 'exp_path': 'exp/', 'val_test_mix': False, 'lr': 0.0001, 'lradj': 'TST', 'dropout': 0.2, 'fc_dropout': 0.2, 'head_dropout': 0.0, 'patch_len': 16, 'stride': 8, 'd_ff': 256, 'd_model': 128, 'n_heads': 16, 'seq_len': 336, 'pred_len': 336, 'noise_rate': 0.5, 'device': device(type='cuda', index=0), 'test_model_path': '/Disk/fhyega/code/BASE/exp/ECL-PatchTST2023-08-26-13:08:31.837686/0/best_model.pkl', 'idx': -1, 'aligner': 1, 'always_align': 1, 'refiner': 1, 'rec_block_num': 1, 'enhance': 1, 'enhance_type': 5, 'seed': 34, 'batch_size': 64, 'share_head': 0, 'add_noise': 1, 'add_norm': 0, 'jitter_sigma': 0.4, 'slope_rate': 0.01, 'slope_range': 0.2, 'alpha': 10.0, 'beta': 1.0, 'gamma': 0.15, 'feature_jittering': 1, 'rec_intra_feature': 0, 'rec_ori': 1, 'mid_dim': 128, 'test_en': 0, 'debugger': 0, 'summary': 0, 'omega': 1.0, 'theta': 1.5, 'mask_border': 1, 'sup_weight': 10.0, 'rec_length_ratio': 0.8, 'ref_dropout': 0.0, 'ref_block_num': 1, 'add_FFN': 1, 'add_residual': 0, 'rec_all': 0, 'e_layers': 3, 'early_break': 0, 'early_stop': 10, 'lo': 'mainresult/ECL-PatchTST_OURS_336_ETTh2.log', '/* model related args*/': '//', 'model_name': 'PatchTST', 'label_len': 48, 'features': 'M', 'target': 'OT', 'graph_input': False, 'individual': False, 'd_layers': 1, 'factor': 1, 'des': 'Exp', 'padding_patch': 'end', 'revin': 1, 'affine': 0, 'subtract_last': 0, 'decomposition': 0, 'kernel_size': 25, 'output_attention': 0, 'embed_type': 0, 'activation': 'gelu', 'distil': 1, 'linear_output': 1, 'pct_start': 0.2, 'indie': 1, '/*train related args*/': '//', 'epoch': 30, '/*dataset related args*/': '//', 'save_data_path': 'data/ECL/', 'data_process': True, 'embed': 'timeF', 'freq': 'h', 'begin_phase': 0, 'end_phase': 1, 'phase_len': -1, 'val_ratio': 0.33, 'graph_size': 321, '/*strategy related args*/': '//', 'strategy': 'incremental', 'increase': False, 'detect': False, 'detect_strategy': 'feature', 'replay': False, 'replay_strategy': 'random', 'repaly_num_samples': 100, 'ewc': False, 'ewc_strategy': 'ewc', 'ewc_lambda': 0.0001, 'subgraph_train': False, 'num_hops': 2, 'logname': 'ECL-PatchTST', 'time': '2023-09-09-13:11:46.873710', 'path': 'exp/ECL-PatchTST2023-09-09-13:11:46.873710', 'num_workers': 4, 'start_train': 0, 'train_mode': 'pretrain', 'get_score': False, 'use_cm': True, 'logger': <Logger __main__ (INFO)>}
2023-09-09 13:11:46,874 - [*] phase 0 start training
0 17420
train 7969
val 2545
test 2545
2023-09-09 13:11:47,074 - [*] phase 0 Dataset load!
1 True None
2023-09-09 13:11:48,952 - logger name:exp/ECL-PatchTST2023-09-09-13:11:48.952692/ECL-PatchTST.log
2023-09-09 13:11:48,953 - params : {'loss': 'mse', 'conf': 'ECL-PatchTST', 'data_name': 'ETTh2', 'iteration': 1, 'train': 0, 'mainrs': 1, 'abl': 0, 'abl_tmp_context': 0, 'abl_ae': 0, 'no_tmp': 0, 'load': False, 'build_graph': False, 'same_init': True, 'grad_norm': False, 'refiner_residual': 0, 'root_path': '', 'exp_path': 'exp/', 'val_test_mix': False, 'lr': 0.0001, 'lradj': 'TST', 'dropout': 0.2, 'fc_dropout': 0.2, 'head_dropout': 0.0, 'patch_len': 16, 'stride': 8, 'd_ff': 256, 'd_model': 128, 'n_heads': 16, 'seq_len': 336, 'pred_len': 336, 'noise_rate': 0.5, 'device': device(type='cuda', index=0), 'test_model_path': '/Disk/fhyega/code/BASE/exp/ECL-PatchTST2023-08-26-13:08:31.837686/0/best_model.pkl', 'idx': -1, 'aligner': 0, 'always_align': 1, 'refiner': 0, 'rec_block_num': 1, 'enhance': 0, 'enhance_type': 5, 'seed': 34, 'batch_size': 64, 'share_head': 0, 'add_noise': 1, 'add_norm': 0, 'jitter_sigma': 0.4, 'slope_rate': 0.01, 'slope_range': 0.2, 'alpha': 10.0, 'beta': 1.0, 'gamma': 0.15, 'feature_jittering': 1, 'rec_intra_feature': 0, 'rec_ori': 1, 'mid_dim': 128, 'test_en': 0, 'debugger': 0, 'summary': 0, 'omega': 1.0, 'theta': 1.5, 'mask_border': 1, 'sup_weight': 10.0, 'rec_length_ratio': 0.8, 'ref_dropout': 0.0, 'ref_block_num': 1, 'add_FFN': 1, 'add_residual': 0, 'rec_all': 0, 'e_layers': 3, 'early_break': 0, 'early_stop': 10, 'lo': 'mainresult/ECL-PatchTST_ori_336_ETTh2.log', '/* model related args*/': '//', 'model_name': 'PatchTST', 'label_len': 48, 'features': 'M', 'target': 'OT', 'graph_input': False, 'individual': False, 'd_layers': 1, 'factor': 1, 'des': 'Exp', 'padding_patch': 'end', 'revin': 1, 'affine': 0, 'subtract_last': 0, 'decomposition': 0, 'kernel_size': 25, 'output_attention': 0, 'embed_type': 0, 'activation': 'gelu', 'distil': 1, 'linear_output': 1, 'pct_start': 0.2, 'indie': 1, '/*train related args*/': '//', 'epoch': 30, '/*dataset related args*/': '//', 'save_data_path': 'data/ECL/', 'data_process': True, 'embed': 'timeF', 'freq': 'h', 'begin_phase': 0, 'end_phase': 1, 'phase_len': -1, 'val_ratio': 0.33, 'graph_size': 321, '/*strategy related args*/': '//', 'strategy': 'incremental', 'increase': False, 'detect': False, 'detect_strategy': 'feature', 'replay': False, 'replay_strategy': 'random', 'repaly_num_samples': 100, 'ewc': False, 'ewc_strategy': 'ewc', 'ewc_lambda': 0.0001, 'subgraph_train': False, 'num_hops': 2, 'logname': 'ECL-PatchTST', 'time': '2023-09-09-13:11:48.952692', 'path': 'exp/ECL-PatchTST2023-09-09-13:11:48.952692', 'num_workers': 4, 'start_train': 0, 'train_mode': 'pretrain', 'get_score': False, 'use_cm': True, 'logger': <Logger __main__ (INFO)>}
2023-09-09 13:11:48,953 - [*] phase 0 start training
0 17420
train 7969
val 2545
test 2545
2023-09-09 13:11:49,152 - [*] phase 0 Dataset load!
0 True None
2023-09-09 13:11:51,027 - logger name:exp/ECL-PatchTST2023-09-09-13:11:51.027008/ECL-PatchTST.log
2023-09-09 13:11:51,027 - params : {'loss': 'huber', 'conf': 'ECL-PatchTST', 'data_name': 'ETTh2', 'iteration': 1, 'train': 0, 'mainrs': 1, 'abl': 0, 'abl_tmp_context': 0, 'abl_ae': 0, 'no_tmp': 0, 'load': False, 'build_graph': False, 'same_init': True, 'grad_norm': False, 'refiner_residual': 0, 'root_path': '', 'exp_path': 'exp/', 'val_test_mix': False, 'lr': 0.0001, 'lradj': 'TST', 'dropout': 0.2, 'fc_dropout': 0.2, 'head_dropout': 0.0, 'patch_len': 16, 'stride': 8, 'd_ff': 256, 'd_model': 128, 'n_heads': 16, 'seq_len': 336, 'pred_len': 720, 'noise_rate': 0.5, 'device': device(type='cuda', index=0), 'test_model_path': '/Disk/fhyega/code/BASE/exp/ECL-PatchTST2023-08-26-13:08:31.837686/0/best_model.pkl', 'idx': -1, 'aligner': 1, 'always_align': 1, 'refiner': 1, 'rec_block_num': 1, 'enhance': 1, 'enhance_type': 5, 'seed': 34, 'batch_size': 64, 'share_head': 0, 'add_noise': 1, 'add_norm': 0, 'jitter_sigma': 0.4, 'slope_rate': 0.01, 'slope_range': 0.2, 'alpha': 10.0, 'beta': 1.0, 'gamma': 0.15, 'feature_jittering': 1, 'rec_intra_feature': 0, 'rec_ori': 1, 'mid_dim': 128, 'test_en': 0, 'debugger': 0, 'summary': 0, 'omega': 1.0, 'theta': 1.5, 'mask_border': 1, 'sup_weight': 10.0, 'rec_length_ratio': 0.8, 'ref_dropout': 0.0, 'ref_block_num': 1, 'add_FFN': 1, 'add_residual': 0, 'rec_all': 0, 'e_layers': 3, 'early_break': 0, 'early_stop': 10, 'lo': 'mainresult/ECL-PatchTST_OURS_720_ETTh2.log', '/* model related args*/': '//', 'model_name': 'PatchTST', 'label_len': 48, 'features': 'M', 'target': 'OT', 'graph_input': False, 'individual': False, 'd_layers': 1, 'factor': 1, 'des': 'Exp', 'padding_patch': 'end', 'revin': 1, 'affine': 0, 'subtract_last': 0, 'decomposition': 0, 'kernel_size': 25, 'output_attention': 0, 'embed_type': 0, 'activation': 'gelu', 'distil': 1, 'linear_output': 1, 'pct_start': 0.2, 'indie': 1, '/*train related args*/': '//', 'epoch': 30, '/*dataset related args*/': '//', 'save_data_path': 'data/ECL/', 'data_process': True, 'embed': 'timeF', 'freq': 'h', 'begin_phase': 0, 'end_phase': 1, 'phase_len': -1, 'val_ratio': 0.33, 'graph_size': 321, '/*strategy related args*/': '//', 'strategy': 'incremental', 'increase': False, 'detect': False, 'detect_strategy': 'feature', 'replay': False, 'replay_strategy': 'random', 'repaly_num_samples': 100, 'ewc': False, 'ewc_strategy': 'ewc', 'ewc_lambda': 0.0001, 'subgraph_train': False, 'num_hops': 2, 'logname': 'ECL-PatchTST', 'time': '2023-09-09-13:11:51.027008', 'path': 'exp/ECL-PatchTST2023-09-09-13:11:51.027008', 'num_workers': 4, 'start_train': 0, 'train_mode': 'pretrain', 'get_score': False, 'use_cm': True, 'logger': <Logger __main__ (INFO)>}
2023-09-09 13:11:51,027 - [*] phase 0 start training
0 17420
train 7585
val 2161
test 2161
2023-09-09 13:11:51,230 - [*] phase 0 Dataset load!
1 True None
2023-09-09 13:11:53,109 - logger name:exp/ECL-PatchTST2023-09-09-13:11:53.109538/ECL-PatchTST.log
2023-09-09 13:11:53,110 - params : {'loss': 'mse', 'conf': 'ECL-PatchTST', 'data_name': 'ETTh2', 'iteration': 1, 'train': 0, 'mainrs': 1, 'abl': 0, 'abl_tmp_context': 0, 'abl_ae': 0, 'no_tmp': 0, 'load': False, 'build_graph': False, 'same_init': True, 'grad_norm': False, 'refiner_residual': 0, 'root_path': '', 'exp_path': 'exp/', 'val_test_mix': False, 'lr': 0.0001, 'lradj': 'TST', 'dropout': 0.2, 'fc_dropout': 0.2, 'head_dropout': 0.0, 'patch_len': 16, 'stride': 8, 'd_ff': 256, 'd_model': 128, 'n_heads': 16, 'seq_len': 336, 'pred_len': 720, 'noise_rate': 0.5, 'device': device(type='cuda', index=0), 'test_model_path': '/Disk/fhyega/code/BASE/exp/ECL-PatchTST2023-08-26-13:08:31.837686/0/best_model.pkl', 'idx': -1, 'aligner': 0, 'always_align': 1, 'refiner': 0, 'rec_block_num': 1, 'enhance': 0, 'enhance_type': 5, 'seed': 34, 'batch_size': 64, 'share_head': 0, 'add_noise': 1, 'add_norm': 0, 'jitter_sigma': 0.4, 'slope_rate': 0.01, 'slope_range': 0.2, 'alpha': 10.0, 'beta': 1.0, 'gamma': 0.15, 'feature_jittering': 1, 'rec_intra_feature': 0, 'rec_ori': 1, 'mid_dim': 128, 'test_en': 0, 'debugger': 0, 'summary': 0, 'omega': 1.0, 'theta': 1.5, 'mask_border': 1, 'sup_weight': 10.0, 'rec_length_ratio': 0.8, 'ref_dropout': 0.0, 'ref_block_num': 1, 'add_FFN': 1, 'add_residual': 0, 'rec_all': 0, 'e_layers': 3, 'early_break': 0, 'early_stop': 10, 'lo': 'mainresult/ECL-PatchTST_ori_720_ETTh2.log', '/* model related args*/': '//', 'model_name': 'PatchTST', 'label_len': 48, 'features': 'M', 'target': 'OT', 'graph_input': False, 'individual': False, 'd_layers': 1, 'factor': 1, 'des': 'Exp', 'padding_patch': 'end', 'revin': 1, 'affine': 0, 'subtract_last': 0, 'decomposition': 0, 'kernel_size': 25, 'output_attention': 0, 'embed_type': 0, 'activation': 'gelu', 'distil': 1, 'linear_output': 1, 'pct_start': 0.2, 'indie': 1, '/*train related args*/': '//', 'epoch': 30, '/*dataset related args*/': '//', 'save_data_path': 'data/ECL/', 'data_process': True, 'embed': 'timeF', 'freq': 'h', 'begin_phase': 0, 'end_phase': 1, 'phase_len': -1, 'val_ratio': 0.33, 'graph_size': 321, '/*strategy related args*/': '//', 'strategy': 'incremental', 'increase': False, 'detect': False, 'detect_strategy': 'feature', 'replay': False, 'replay_strategy': 'random', 'repaly_num_samples': 100, 'ewc': False, 'ewc_strategy': 'ewc', 'ewc_lambda': 0.0001, 'subgraph_train': False, 'num_hops': 2, 'logname': 'ECL-PatchTST', 'time': '2023-09-09-13:11:53.109538', 'path': 'exp/ECL-PatchTST2023-09-09-13:11:53.109538', 'num_workers': 4, 'start_train': 0, 'train_mode': 'pretrain', 'get_score': False, 'use_cm': True, 'logger': <Logger __main__ (INFO)>}
2023-09-09 13:11:53,110 - [*] phase 0 start training
0 17420
train 7585
val 2161
test 2161
2023-09-09 13:11:53,310 - [*] phase 0 Dataset load!
0 True None
2023-09-09 13:11:55,197 - logger name:exp/ECL-Informer2023-09-09-13:11:55.197221/ECL-Informer.log
2023-09-09 13:11:55,197 - params : {'loss': 'huber', 'conf': 'ECL-Informer', 'data_name': 'weather', 'iteration': 1, 'train': 0, 'mainrs': 1, 'abl': 0, 'abl_tmp_context': 0, 'abl_ae': 0, 'no_tmp': 0, 'load': False, 'build_graph': False, 'same_init': True, 'grad_norm': False, 'refiner_residual': 0, 'root_path': '', 'exp_path': 'exp/', 'val_test_mix': False, 'lr': 0.0001, 'lradj': 'TST', 'dropout': 0.05, 'fc_dropout': 0.05, 'head_dropout': 0.0, 'patch_len': 16, 'stride': 8, 'd_ff': 512, 'd_model': 128, 'n_heads': 8, 'seq_len': 96, 'pred_len': 96, 'noise_rate': 0.5, 'device': device(type='cuda', index=0), 'test_model_path': '/Disk/fhyega/code/BASE/exp/ECL-PatchTST2023-08-26-13:08:31.837686/0/best_model.pkl', 'idx': -1, 'aligner': 1, 'always_align': 1, 'refiner': 1, 'rec_block_num': 1, 'enhance': 1, 'enhance_type': 5, 'seed': 34, 'batch_size': 64, 'share_head': 0, 'add_noise': 1, 'add_norm': 0, 'jitter_sigma': 0.4, 'slope_rate': 0.01, 'slope_range': 0.2, 'alpha': 10.0, 'beta': 1.0, 'gamma': 0.15, 'feature_jittering': 1, 'rec_intra_feature': 0, 'rec_ori': 1, 'mid_dim': 128, 'test_en': 0, 'debugger': 0, 'summary': 0, 'omega': 1.0, 'theta': 1.5, 'mask_border': 1, 'sup_weight': 10.0, 'rec_length_ratio': 0.8, 'ref_dropout': 0.0, 'ref_block_num': 1, 'add_FFN': 1, 'add_residual': 0, 'rec_all': 0, 'e_layers': 2, 'early_break': 0, 'early_stop': 10, 'lo': 'mainresult/ECL-Informer_OURS_96_weather.log', '/* model related args*/': '//', 'model_name': 'informer', 'label_len': 48, 'features': 'M', 'target': 'OT', 'graph_input': False, 'individual': False, 'd_layers': 1, 'factor': 3, 'des': 'Exp', 'padding_patch': 'end', 'revin': 1, 'affine': 0, 'subtract_last': 0, 'decomposition': 0, 'kernel_size': 25, 'output_attention': 0, 'embed_type': 0, 'activation': 'gelu', 'distil': 1, 'linear_output': 0, 'pct_start': 0.3, 'indie': 0, '/*train related args*/': '//', 'epoch': 30, '/*dataset related args*/': '//', 'save_data_path': 'data/ECL/', 'data_process': False, 'embed': 'timeF', 'freq': 'h', 'begin_phase': 0, 'end_phase': 1, 'phase_len': 26304, 'val_ratio': 0.33, 'graph_size': 321, '/*strategy related args*/': '//', 'strategy': 'incremental', 'increase': False, 'detect': False, 'detect_strategy': 'feature', 'replay': False, 'replay_strategy': 'random', 'repaly_num_samples': 100, 'ewc': False, 'ewc_strategy': 'ewc', 'ewc_lambda': 0.0001, 'subgraph_train': False, 'num_hops': 2, 'logname': 'ECL-Informer', 'time': '2023-09-09-13:11:55.197221', 'path': 'exp/ECL-Informer2023-09-09-13:11:55.197221', 'num_workers': 4, 'start_train': 0, 'train_mode': 'pretrain', 'get_score': False, 'use_cm': True, 'logger': <Logger __main__ (INFO)>}
2023-09-09 13:11:55,197 - [*] phase 0 start training
36887 5270 10539 0.7 0.2 52696
train 36696
36887 5270 10539 0.7 0.2 52696
val 5175
36887 5270 10539 0.7 0.2 52696
test 10444
2023-09-09 13:11:55,491 - [*] phase 0 Dataset load!
dropout 0.05
dropout 0.05
1 True None
2023-09-09 13:11:57,382 - logger name:exp/ECL-Informer2023-09-09-13:11:57.381902/ECL-Informer.log
2023-09-09 13:11:57,382 - params : {'loss': 'mse', 'conf': 'ECL-Informer', 'data_name': 'weather', 'iteration': 1, 'train': 0, 'mainrs': 1, 'abl': 0, 'abl_tmp_context': 0, 'abl_ae': 0, 'no_tmp': 0, 'load': False, 'build_graph': False, 'same_init': True, 'grad_norm': False, 'refiner_residual': 0, 'root_path': '', 'exp_path': 'exp/', 'val_test_mix': False, 'lr': 0.0001, 'lradj': 'TST', 'dropout': 0.05, 'fc_dropout': 0.05, 'head_dropout': 0.0, 'patch_len': 16, 'stride': 8, 'd_ff': 512, 'd_model': 128, 'n_heads': 8, 'seq_len': 96, 'pred_len': 96, 'noise_rate': 0.5, 'device': device(type='cuda', index=0), 'test_model_path': '/Disk/fhyega/code/BASE/exp/ECL-PatchTST2023-08-26-13:08:31.837686/0/best_model.pkl', 'idx': -1, 'aligner': 0, 'always_align': 1, 'refiner': 0, 'rec_block_num': 1, 'enhance': 0, 'enhance_type': 5, 'seed': 34, 'batch_size': 64, 'share_head': 0, 'add_noise': 1, 'add_norm': 0, 'jitter_sigma': 0.4, 'slope_rate': 0.01, 'slope_range': 0.2, 'alpha': 10.0, 'beta': 1.0, 'gamma': 0.15, 'feature_jittering': 1, 'rec_intra_feature': 0, 'rec_ori': 1, 'mid_dim': 128, 'test_en': 0, 'debugger': 0, 'summary': 0, 'omega': 1.0, 'theta': 1.5, 'mask_border': 1, 'sup_weight': 10.0, 'rec_length_ratio': 0.8, 'ref_dropout': 0.0, 'ref_block_num': 1, 'add_FFN': 1, 'add_residual': 0, 'rec_all': 0, 'e_layers': 2, 'early_break': 0, 'early_stop': 10, 'lo': 'mainresult/ECL-Informer_ori_96_weather.log', '/* model related args*/': '//', 'model_name': 'informer', 'label_len': 48, 'features': 'M', 'target': 'OT', 'graph_input': False, 'individual': False, 'd_layers': 1, 'factor': 3, 'des': 'Exp', 'padding_patch': 'end', 'revin': 1, 'affine': 0, 'subtract_last': 0, 'decomposition': 0, 'kernel_size': 25, 'output_attention': 0, 'embed_type': 0, 'activation': 'gelu', 'distil': 1, 'linear_output': 0, 'pct_start': 0.3, 'indie': 0, '/*train related args*/': '//', 'epoch': 30, '/*dataset related args*/': '//', 'save_data_path': 'data/ECL/', 'data_process': False, 'embed': 'timeF', 'freq': 'h', 'begin_phase': 0, 'end_phase': 1, 'phase_len': 26304, 'val_ratio': 0.33, 'graph_size': 321, '/*strategy related args*/': '//', 'strategy': 'incremental', 'increase': False, 'detect': False, 'detect_strategy': 'feature', 'replay': False, 'replay_strategy': 'random', 'repaly_num_samples': 100, 'ewc': False, 'ewc_strategy': 'ewc', 'ewc_lambda': 0.0001, 'subgraph_train': False, 'num_hops': 2, 'logname': 'ECL-Informer', 'time': '2023-09-09-13:11:57.381902', 'path': 'exp/ECL-Informer2023-09-09-13:11:57.381902', 'num_workers': 4, 'start_train': 0, 'train_mode': 'pretrain', 'get_score': False, 'use_cm': True, 'logger': <Logger __main__ (INFO)>}
2023-09-09 13:11:57,382 - [*] phase 0 start training
36887 5270 10539 0.7 0.2 52696
train 36696
36887 5270 10539 0.7 0.2 52696
val 5175
36887 5270 10539 0.7 0.2 52696
test 10444
2023-09-09 13:11:57,668 - [*] phase 0 Dataset load!
dropout 0.05
dropout 0.05
0 True None
2023-09-09 13:11:59,538 - logger name:exp/ECL-Informer2023-09-09-13:11:59.538711/ECL-Informer.log
2023-09-09 13:11:59,539 - params : {'loss': 'huber', 'conf': 'ECL-Informer', 'data_name': 'weather', 'iteration': 1, 'train': 0, 'mainrs': 1, 'abl': 0, 'abl_tmp_context': 0, 'abl_ae': 0, 'no_tmp': 0, 'load': False, 'build_graph': False, 'same_init': True, 'grad_norm': False, 'refiner_residual': 0, 'root_path': '', 'exp_path': 'exp/', 'val_test_mix': False, 'lr': 0.0001, 'lradj': 'TST', 'dropout': 0.05, 'fc_dropout': 0.05, 'head_dropout': 0.0, 'patch_len': 16, 'stride': 8, 'd_ff': 512, 'd_model': 128, 'n_heads': 8, 'seq_len': 96, 'pred_len': 192, 'noise_rate': 0.5, 'device': device(type='cuda', index=0), 'test_model_path': '/Disk/fhyega/code/BASE/exp/ECL-PatchTST2023-08-26-13:08:31.837686/0/best_model.pkl', 'idx': -1, 'aligner': 1, 'always_align': 1, 'refiner': 1, 'rec_block_num': 1, 'enhance': 1, 'enhance_type': 5, 'seed': 34, 'batch_size': 64, 'share_head': 0, 'add_noise': 1, 'add_norm': 0, 'jitter_sigma': 0.4, 'slope_rate': 0.01, 'slope_range': 0.2, 'alpha': 10.0, 'beta': 1.0, 'gamma': 0.15, 'feature_jittering': 1, 'rec_intra_feature': 0, 'rec_ori': 1, 'mid_dim': 128, 'test_en': 0, 'debugger': 0, 'summary': 0, 'omega': 1.0, 'theta': 1.5, 'mask_border': 1, 'sup_weight': 10.0, 'rec_length_ratio': 0.8, 'ref_dropout': 0.0, 'ref_block_num': 1, 'add_FFN': 1, 'add_residual': 0, 'rec_all': 0, 'e_layers': 2, 'early_break': 0, 'early_stop': 10, 'lo': 'mainresult/ECL-Informer_OURS_192_weather.log', '/* model related args*/': '//', 'model_name': 'informer', 'label_len': 48, 'features': 'M', 'target': 'OT', 'graph_input': False, 'individual': False, 'd_layers': 1, 'factor': 3, 'des': 'Exp', 'padding_patch': 'end', 'revin': 1, 'affine': 0, 'subtract_last': 0, 'decomposition': 0, 'kernel_size': 25, 'output_attention': 0, 'embed_type': 0, 'activation': 'gelu', 'distil': 1, 'linear_output': 0, 'pct_start': 0.3, 'indie': 0, '/*train related args*/': '//', 'epoch': 30, '/*dataset related args*/': '//', 'save_data_path': 'data/ECL/', 'data_process': False, 'embed': 'timeF', 'freq': 'h', 'begin_phase': 0, 'end_phase': 1, 'phase_len': 26304, 'val_ratio': 0.33, 'graph_size': 321, '/*strategy related args*/': '//', 'strategy': 'incremental', 'increase': False, 'detect': False, 'detect_strategy': 'feature', 'replay': False, 'replay_strategy': 'random', 'repaly_num_samples': 100, 'ewc': False, 'ewc_strategy': 'ewc', 'ewc_lambda': 0.0001, 'subgraph_train': False, 'num_hops': 2, 'logname': 'ECL-Informer', 'time': '2023-09-09-13:11:59.538711', 'path': 'exp/ECL-Informer2023-09-09-13:11:59.538711', 'num_workers': 4, 'start_train': 0, 'train_mode': 'pretrain', 'get_score': False, 'use_cm': True, 'logger': <Logger __main__ (INFO)>}
2023-09-09 13:11:59,539 - [*] phase 0 start training
36887 5270 10539 0.7 0.2 52696
train 36600
36887 5270 10539 0.7 0.2 52696
val 5079
36887 5270 10539 0.7 0.2 52696
test 10348
2023-09-09 13:11:59,824 - [*] phase 0 Dataset load!
dropout 0.05
dropout 0.05
1 True None
2023-09-09 13:12:01,714 - logger name:exp/ECL-Informer2023-09-09-13:12:01.713979/ECL-Informer.log
2023-09-09 13:12:01,714 - params : {'loss': 'mse', 'conf': 'ECL-Informer', 'data_name': 'weather', 'iteration': 1, 'train': 0, 'mainrs': 1, 'abl': 0, 'abl_tmp_context': 0, 'abl_ae': 0, 'no_tmp': 0, 'load': False, 'build_graph': False, 'same_init': True, 'grad_norm': False, 'refiner_residual': 0, 'root_path': '', 'exp_path': 'exp/', 'val_test_mix': False, 'lr': 0.0001, 'lradj': 'TST', 'dropout': 0.05, 'fc_dropout': 0.05, 'head_dropout': 0.0, 'patch_len': 16, 'stride': 8, 'd_ff': 512, 'd_model': 128, 'n_heads': 8, 'seq_len': 96, 'pred_len': 192, 'noise_rate': 0.5, 'device': device(type='cuda', index=0), 'test_model_path': '/Disk/fhyega/code/BASE/exp/ECL-PatchTST2023-08-26-13:08:31.837686/0/best_model.pkl', 'idx': -1, 'aligner': 0, 'always_align': 1, 'refiner': 0, 'rec_block_num': 1, 'enhance': 0, 'enhance_type': 5, 'seed': 34, 'batch_size': 64, 'share_head': 0, 'add_noise': 1, 'add_norm': 0, 'jitter_sigma': 0.4, 'slope_rate': 0.01, 'slope_range': 0.2, 'alpha': 10.0, 'beta': 1.0, 'gamma': 0.15, 'feature_jittering': 1, 'rec_intra_feature': 0, 'rec_ori': 1, 'mid_dim': 128, 'test_en': 0, 'debugger': 0, 'summary': 0, 'omega': 1.0, 'theta': 1.5, 'mask_border': 1, 'sup_weight': 10.0, 'rec_length_ratio': 0.8, 'ref_dropout': 0.0, 'ref_block_num': 1, 'add_FFN': 1, 'add_residual': 0, 'rec_all': 0, 'e_layers': 2, 'early_break': 0, 'early_stop': 10, 'lo': 'mainresult/ECL-Informer_ori_192_weather.log', '/* model related args*/': '//', 'model_name': 'informer', 'label_len': 48, 'features': 'M', 'target': 'OT', 'graph_input': False, 'individual': False, 'd_layers': 1, 'factor': 3, 'des': 'Exp', 'padding_patch': 'end', 'revin': 1, 'affine': 0, 'subtract_last': 0, 'decomposition': 0, 'kernel_size': 25, 'output_attention': 0, 'embed_type': 0, 'activation': 'gelu', 'distil': 1, 'linear_output': 0, 'pct_start': 0.3, 'indie': 0, '/*train related args*/': '//', 'epoch': 30, '/*dataset related args*/': '//', 'save_data_path': 'data/ECL/', 'data_process': False, 'embed': 'timeF', 'freq': 'h', 'begin_phase': 0, 'end_phase': 1, 'phase_len': 26304, 'val_ratio': 0.33, 'graph_size': 321, '/*strategy related args*/': '//', 'strategy': 'incremental', 'increase': False, 'detect': False, 'detect_strategy': 'feature', 'replay': False, 'replay_strategy': 'random', 'repaly_num_samples': 100, 'ewc': False, 'ewc_strategy': 'ewc', 'ewc_lambda': 0.0001, 'subgraph_train': False, 'num_hops': 2, 'logname': 'ECL-Informer', 'time': '2023-09-09-13:12:01.713979', 'path': 'exp/ECL-Informer2023-09-09-13:12:01.713979', 'num_workers': 4, 'start_train': 0, 'train_mode': 'pretrain', 'get_score': False, 'use_cm': True, 'logger': <Logger __main__ (INFO)>}
2023-09-09 13:12:01,714 - [*] phase 0 start training
36887 5270 10539 0.7 0.2 52696
train 36600
36887 5270 10539 0.7 0.2 52696
val 5079
36887 5270 10539 0.7 0.2 52696
test 10348
2023-09-09 13:12:02,001 - [*] phase 0 Dataset load!
dropout 0.05
dropout 0.05
0 True None
2023-09-09 13:12:03,883 - logger name:exp/ECL-Informer2023-09-09-13:12:03.883366/ECL-Informer.log
2023-09-09 13:12:03,883 - params : {'loss': 'huber', 'conf': 'ECL-Informer', 'data_name': 'weather', 'iteration': 1, 'train': 0, 'mainrs': 1, 'abl': 0, 'abl_tmp_context': 0, 'abl_ae': 0, 'no_tmp': 0, 'load': False, 'build_graph': False, 'same_init': True, 'grad_norm': False, 'refiner_residual': 0, 'root_path': '', 'exp_path': 'exp/', 'val_test_mix': False, 'lr': 0.0001, 'lradj': 'TST', 'dropout': 0.05, 'fc_dropout': 0.05, 'head_dropout': 0.0, 'patch_len': 16, 'stride': 8, 'd_ff': 512, 'd_model': 128, 'n_heads': 8, 'seq_len': 96, 'pred_len': 336, 'noise_rate': 0.5, 'device': device(type='cuda', index=0), 'test_model_path': '/Disk/fhyega/code/BASE/exp/ECL-PatchTST2023-08-26-13:08:31.837686/0/best_model.pkl', 'idx': -1, 'aligner': 1, 'always_align': 1, 'refiner': 1, 'rec_block_num': 1, 'enhance': 1, 'enhance_type': 5, 'seed': 34, 'batch_size': 64, 'share_head': 0, 'add_noise': 1, 'add_norm': 0, 'jitter_sigma': 0.4, 'slope_rate': 0.01, 'slope_range': 0.2, 'alpha': 10.0, 'beta': 1.0, 'gamma': 0.15, 'feature_jittering': 1, 'rec_intra_feature': 0, 'rec_ori': 1, 'mid_dim': 128, 'test_en': 0, 'debugger': 0, 'summary': 0, 'omega': 1.0, 'theta': 1.5, 'mask_border': 1, 'sup_weight': 10.0, 'rec_length_ratio': 0.8, 'ref_dropout': 0.0, 'ref_block_num': 1, 'add_FFN': 1, 'add_residual': 0, 'rec_all': 0, 'e_layers': 2, 'early_break': 0, 'early_stop': 10, 'lo': 'mainresult/ECL-Informer_OURS_336_weather.log', '/* model related args*/': '//', 'model_name': 'informer', 'label_len': 48, 'features': 'M', 'target': 'OT', 'graph_input': False, 'individual': False, 'd_layers': 1, 'factor': 3, 'des': 'Exp', 'padding_patch': 'end', 'revin': 1, 'affine': 0, 'subtract_last': 0, 'decomposition': 0, 'kernel_size': 25, 'output_attention': 0, 'embed_type': 0, 'activation': 'gelu', 'distil': 1, 'linear_output': 0, 'pct_start': 0.3, 'indie': 0, '/*train related args*/': '//', 'epoch': 30, '/*dataset related args*/': '//', 'save_data_path': 'data/ECL/', 'data_process': False, 'embed': 'timeF', 'freq': 'h', 'begin_phase': 0, 'end_phase': 1, 'phase_len': 26304, 'val_ratio': 0.33, 'graph_size': 321, '/*strategy related args*/': '//', 'strategy': 'incremental', 'increase': False, 'detect': False, 'detect_strategy': 'feature', 'replay': False, 'replay_strategy': 'random', 'repaly_num_samples': 100, 'ewc': False, 'ewc_strategy': 'ewc', 'ewc_lambda': 0.0001, 'subgraph_train': False, 'num_hops': 2, 'logname': 'ECL-Informer', 'time': '2023-09-09-13:12:03.883366', 'path': 'exp/ECL-Informer2023-09-09-13:12:03.883366', 'num_workers': 4, 'start_train': 0, 'train_mode': 'pretrain', 'get_score': False, 'use_cm': True, 'logger': <Logger __main__ (INFO)>}
2023-09-09 13:12:03,883 - [*] phase 0 start training
36887 5270 10539 0.7 0.2 52696
train 36456
36887 5270 10539 0.7 0.2 52696
val 4935
36887 5270 10539 0.7 0.2 52696
test 10204
2023-09-09 13:12:04,167 - [*] phase 0 Dataset load!
dropout 0.05
dropout 0.05
1 True None
2023-09-09 13:12:06,048 - logger name:exp/ECL-Informer2023-09-09-13:12:06.048434/ECL-Informer.log
2023-09-09 13:12:06,048 - params : {'loss': 'mse', 'conf': 'ECL-Informer', 'data_name': 'weather', 'iteration': 1, 'train': 0, 'mainrs': 1, 'abl': 0, 'abl_tmp_context': 0, 'abl_ae': 0, 'no_tmp': 0, 'load': False, 'build_graph': False, 'same_init': True, 'grad_norm': False, 'refiner_residual': 0, 'root_path': '', 'exp_path': 'exp/', 'val_test_mix': False, 'lr': 0.0001, 'lradj': 'TST', 'dropout': 0.05, 'fc_dropout': 0.05, 'head_dropout': 0.0, 'patch_len': 16, 'stride': 8, 'd_ff': 512, 'd_model': 128, 'n_heads': 8, 'seq_len': 96, 'pred_len': 336, 'noise_rate': 0.5, 'device': device(type='cuda', index=0), 'test_model_path': '/Disk/fhyega/code/BASE/exp/ECL-PatchTST2023-08-26-13:08:31.837686/0/best_model.pkl', 'idx': -1, 'aligner': 0, 'always_align': 1, 'refiner': 0, 'rec_block_num': 1, 'enhance': 0, 'enhance_type': 5, 'seed': 34, 'batch_size': 64, 'share_head': 0, 'add_noise': 1, 'add_norm': 0, 'jitter_sigma': 0.4, 'slope_rate': 0.01, 'slope_range': 0.2, 'alpha': 10.0, 'beta': 1.0, 'gamma': 0.15, 'feature_jittering': 1, 'rec_intra_feature': 0, 'rec_ori': 1, 'mid_dim': 128, 'test_en': 0, 'debugger': 0, 'summary': 0, 'omega': 1.0, 'theta': 1.5, 'mask_border': 1, 'sup_weight': 10.0, 'rec_length_ratio': 0.8, 'ref_dropout': 0.0, 'ref_block_num': 1, 'add_FFN': 1, 'add_residual': 0, 'rec_all': 0, 'e_layers': 2, 'early_break': 0, 'early_stop': 10, 'lo': 'mainresult/ECL-Informer_ori_336_weather.log', '/* model related args*/': '//', 'model_name': 'informer', 'label_len': 48, 'features': 'M', 'target': 'OT', 'graph_input': False, 'individual': False, 'd_layers': 1, 'factor': 3, 'des': 'Exp', 'padding_patch': 'end', 'revin': 1, 'affine': 0, 'subtract_last': 0, 'decomposition': 0, 'kernel_size': 25, 'output_attention': 0, 'embed_type': 0, 'activation': 'gelu', 'distil': 1, 'linear_output': 0, 'pct_start': 0.3, 'indie': 0, '/*train related args*/': '//', 'epoch': 30, '/*dataset related args*/': '//', 'save_data_path': 'data/ECL/', 'data_process': False, 'embed': 'timeF', 'freq': 'h', 'begin_phase': 0, 'end_phase': 1, 'phase_len': 26304, 'val_ratio': 0.33, 'graph_size': 321, '/*strategy related args*/': '//', 'strategy': 'incremental', 'increase': False, 'detect': False, 'detect_strategy': 'feature', 'replay': False, 'replay_strategy': 'random', 'repaly_num_samples': 100, 'ewc': False, 'ewc_strategy': 'ewc', 'ewc_lambda': 0.0001, 'subgraph_train': False, 'num_hops': 2, 'logname': 'ECL-Informer', 'time': '2023-09-09-13:12:06.048434', 'path': 'exp/ECL-Informer2023-09-09-13:12:06.048434', 'num_workers': 4, 'start_train': 0, 'train_mode': 'pretrain', 'get_score': False, 'use_cm': True, 'logger': <Logger __main__ (INFO)>}
2023-09-09 13:12:06,049 - [*] phase 0 start training
36887 5270 10539 0.7 0.2 52696
train 36456
36887 5270 10539 0.7 0.2 52696
val 4935
36887 5270 10539 0.7 0.2 52696
test 10204
2023-09-09 13:12:06,333 - [*] phase 0 Dataset load!
dropout 0.05
dropout 0.05
0 True None
2023-09-09 13:12:08,220 - logger name:exp/ECL-Informer2023-09-09-13:12:08.220331/ECL-Informer.log
2023-09-09 13:12:08,220 - params : {'loss': 'huber', 'conf': 'ECL-Informer', 'data_name': 'weather', 'iteration': 1, 'train': 0, 'mainrs': 1, 'abl': 0, 'abl_tmp_context': 0, 'abl_ae': 0, 'no_tmp': 0, 'load': False, 'build_graph': False, 'same_init': True, 'grad_norm': False, 'refiner_residual': 0, 'root_path': '', 'exp_path': 'exp/', 'val_test_mix': False, 'lr': 0.0001, 'lradj': 'TST', 'dropout': 0.05, 'fc_dropout': 0.05, 'head_dropout': 0.0, 'patch_len': 16, 'stride': 8, 'd_ff': 512, 'd_model': 128, 'n_heads': 8, 'seq_len': 96, 'pred_len': 720, 'noise_rate': 0.5, 'device': device(type='cuda', index=0), 'test_model_path': '/Disk/fhyega/code/BASE/exp/ECL-PatchTST2023-08-26-13:08:31.837686/0/best_model.pkl', 'idx': -1, 'aligner': 1, 'always_align': 1, 'refiner': 1, 'rec_block_num': 1, 'enhance': 1, 'enhance_type': 5, 'seed': 34, 'batch_size': 64, 'share_head': 0, 'add_noise': 1, 'add_norm': 0, 'jitter_sigma': 0.4, 'slope_rate': 0.01, 'slope_range': 0.2, 'alpha': 10.0, 'beta': 1.0, 'gamma': 0.15, 'feature_jittering': 1, 'rec_intra_feature': 0, 'rec_ori': 1, 'mid_dim': 128, 'test_en': 0, 'debugger': 0, 'summary': 0, 'omega': 1.0, 'theta': 1.5, 'mask_border': 1, 'sup_weight': 10.0, 'rec_length_ratio': 0.8, 'ref_dropout': 0.0, 'ref_block_num': 1, 'add_FFN': 1, 'add_residual': 0, 'rec_all': 0, 'e_layers': 2, 'early_break': 0, 'early_stop': 10, 'lo': 'mainresult/ECL-Informer_OURS_720_weather.log', '/* model related args*/': '//', 'model_name': 'informer', 'label_len': 48, 'features': 'M', 'target': 'OT', 'graph_input': False, 'individual': False, 'd_layers': 1, 'factor': 3, 'des': 'Exp', 'padding_patch': 'end', 'revin': 1, 'affine': 0, 'subtract_last': 0, 'decomposition': 0, 'kernel_size': 25, 'output_attention': 0, 'embed_type': 0, 'activation': 'gelu', 'distil': 1, 'linear_output': 0, 'pct_start': 0.3, 'indie': 0, '/*train related args*/': '//', 'epoch': 30, '/*dataset related args*/': '//', 'save_data_path': 'data/ECL/', 'data_process': False, 'embed': 'timeF', 'freq': 'h', 'begin_phase': 0, 'end_phase': 1, 'phase_len': 26304, 'val_ratio': 0.33, 'graph_size': 321, '/*strategy related args*/': '//', 'strategy': 'incremental', 'increase': False, 'detect': False, 'detect_strategy': 'feature', 'replay': False, 'replay_strategy': 'random', 'repaly_num_samples': 100, 'ewc': False, 'ewc_strategy': 'ewc', 'ewc_lambda': 0.0001, 'subgraph_train': False, 'num_hops': 2, 'logname': 'ECL-Informer', 'time': '2023-09-09-13:12:08.220331', 'path': 'exp/ECL-Informer2023-09-09-13:12:08.220331', 'num_workers': 4, 'start_train': 0, 'train_mode': 'pretrain', 'get_score': False, 'use_cm': True, 'logger': <Logger __main__ (INFO)>}
2023-09-09 13:12:08,220 - [*] phase 0 start training
36887 5270 10539 0.7 0.2 52696
train 36072
36887 5270 10539 0.7 0.2 52696
val 4551
36887 5270 10539 0.7 0.2 52696
test 9820
2023-09-09 13:12:08,505 - [*] phase 0 Dataset load!
dropout 0.05
dropout 0.05
1 True None
2023-09-09 13:12:10,397 - logger name:exp/ECL-Informer2023-09-09-13:12:10.396773/ECL-Informer.log
2023-09-09 13:12:10,397 - params : {'loss': 'mse', 'conf': 'ECL-Informer', 'data_name': 'weather', 'iteration': 1, 'train': 0, 'mainrs': 1, 'abl': 0, 'abl_tmp_context': 0, 'abl_ae': 0, 'no_tmp': 0, 'load': False, 'build_graph': False, 'same_init': True, 'grad_norm': False, 'refiner_residual': 0, 'root_path': '', 'exp_path': 'exp/', 'val_test_mix': False, 'lr': 0.0001, 'lradj': 'TST', 'dropout': 0.05, 'fc_dropout': 0.05, 'head_dropout': 0.0, 'patch_len': 16, 'stride': 8, 'd_ff': 512, 'd_model': 128, 'n_heads': 8, 'seq_len': 96, 'pred_len': 720, 'noise_rate': 0.5, 'device': device(type='cuda', index=0), 'test_model_path': '/Disk/fhyega/code/BASE/exp/ECL-PatchTST2023-08-26-13:08:31.837686/0/best_model.pkl', 'idx': -1, 'aligner': 0, 'always_align': 1, 'refiner': 0, 'rec_block_num': 1, 'enhance': 0, 'enhance_type': 5, 'seed': 34, 'batch_size': 64, 'share_head': 0, 'add_noise': 1, 'add_norm': 0, 'jitter_sigma': 0.4, 'slope_rate': 0.01, 'slope_range': 0.2, 'alpha': 10.0, 'beta': 1.0, 'gamma': 0.15, 'feature_jittering': 1, 'rec_intra_feature': 0, 'rec_ori': 1, 'mid_dim': 128, 'test_en': 0, 'debugger': 0, 'summary': 0, 'omega': 1.0, 'theta': 1.5, 'mask_border': 1, 'sup_weight': 10.0, 'rec_length_ratio': 0.8, 'ref_dropout': 0.0, 'ref_block_num': 1, 'add_FFN': 1, 'add_residual': 0, 'rec_all': 0, 'e_layers': 2, 'early_break': 0, 'early_stop': 10, 'lo': 'mainresult/ECL-Informer_ori_720_weather.log', '/* model related args*/': '//', 'model_name': 'informer', 'label_len': 48, 'features': 'M', 'target': 'OT', 'graph_input': False, 'individual': False, 'd_layers': 1, 'factor': 3, 'des': 'Exp', 'padding_patch': 'end', 'revin': 1, 'affine': 0, 'subtract_last': 0, 'decomposition': 0, 'kernel_size': 25, 'output_attention': 0, 'embed_type': 0, 'activation': 'gelu', 'distil': 1, 'linear_output': 0, 'pct_start': 0.3, 'indie': 0, '/*train related args*/': '//', 'epoch': 30, '/*dataset related args*/': '//', 'save_data_path': 'data/ECL/', 'data_process': False, 'embed': 'timeF', 'freq': 'h', 'begin_phase': 0, 'end_phase': 1, 'phase_len': 26304, 'val_ratio': 0.33, 'graph_size': 321, '/*strategy related args*/': '//', 'strategy': 'incremental', 'increase': False, 'detect': False, 'detect_strategy': 'feature', 'replay': False, 'replay_strategy': 'random', 'repaly_num_samples': 100, 'ewc': False, 'ewc_strategy': 'ewc', 'ewc_lambda': 0.0001, 'subgraph_train': False, 'num_hops': 2, 'logname': 'ECL-Informer', 'time': '2023-09-09-13:12:10.396773', 'path': 'exp/ECL-Informer2023-09-09-13:12:10.396773', 'num_workers': 4, 'start_train': 0, 'train_mode': 'pretrain', 'get_score': False, 'use_cm': True, 'logger': <Logger __main__ (INFO)>}
2023-09-09 13:12:10,397 - [*] phase 0 start training
36887 5270 10539 0.7 0.2 52696
train 36072
36887 5270 10539 0.7 0.2 52696
val 4551
36887 5270 10539 0.7 0.2 52696
test 9820
2023-09-09 13:12:10,681 - [*] phase 0 Dataset load!
dropout 0.05
dropout 0.05
0 True None
2023-09-09 13:12:12,552 - logger name:exp/ECL-Informer2023-09-09-13:12:12.551886/ECL-Informer.log
2023-09-09 13:12:12,552 - params : {'loss': 'huber', 'conf': 'ECL-Informer', 'data_name': 'ETTh2', 'iteration': 1, 'train': 0, 'mainrs': 1, 'abl': 0, 'abl_tmp_context': 0, 'abl_ae': 0, 'no_tmp': 0, 'load': False, 'build_graph': False, 'same_init': True, 'grad_norm': False, 'refiner_residual': 0, 'root_path': '', 'exp_path': 'exp/', 'val_test_mix': False, 'lr': 0.0001, 'lradj': 'TST', 'dropout': 0.05, 'fc_dropout': 0.05, 'head_dropout': 0.0, 'patch_len': 16, 'stride': 8, 'd_ff': 512, 'd_model': 128, 'n_heads': 8, 'seq_len': 96, 'pred_len': 96, 'noise_rate': 0.5, 'device': device(type='cuda', index=0), 'test_model_path': '/Disk/fhyega/code/BASE/exp/ECL-PatchTST2023-08-26-13:08:31.837686/0/best_model.pkl', 'idx': -1, 'aligner': 1, 'always_align': 1, 'refiner': 1, 'rec_block_num': 1, 'enhance': 1, 'enhance_type': 5, 'seed': 34, 'batch_size': 64, 'share_head': 0, 'add_noise': 1, 'add_norm': 0, 'jitter_sigma': 0.4, 'slope_rate': 0.01, 'slope_range': 0.2, 'alpha': 10.0, 'beta': 1.0, 'gamma': 0.15, 'feature_jittering': 1, 'rec_intra_feature': 0, 'rec_ori': 1, 'mid_dim': 128, 'test_en': 0, 'debugger': 0, 'summary': 0, 'omega': 1.0, 'theta': 1.5, 'mask_border': 1, 'sup_weight': 10.0, 'rec_length_ratio': 0.8, 'ref_dropout': 0.0, 'ref_block_num': 1, 'add_FFN': 1, 'add_residual': 0, 'rec_all': 0, 'e_layers': 2, 'early_break': 0, 'early_stop': 10, 'lo': 'mainresult/ECL-Informer_OURS_96_ETTh2.log', '/* model related args*/': '//', 'model_name': 'informer', 'label_len': 48, 'features': 'M', 'target': 'OT', 'graph_input': False, 'individual': False, 'd_layers': 1, 'factor': 3, 'des': 'Exp', 'padding_patch': 'end', 'revin': 1, 'affine': 0, 'subtract_last': 0, 'decomposition': 0, 'kernel_size': 25, 'output_attention': 0, 'embed_type': 0, 'activation': 'gelu', 'distil': 1, 'linear_output': 0, 'pct_start': 0.3, 'indie': 0, '/*train related args*/': '//', 'epoch': 30, '/*dataset related args*/': '//', 'save_data_path': 'data/ECL/', 'data_process': False, 'embed': 'timeF', 'freq': 'h', 'begin_phase': 0, 'end_phase': 1, 'phase_len': 26304, 'val_ratio': 0.33, 'graph_size': 321, '/*strategy related args*/': '//', 'strategy': 'incremental', 'increase': False, 'detect': False, 'detect_strategy': 'feature', 'replay': False, 'replay_strategy': 'random', 'repaly_num_samples': 100, 'ewc': False, 'ewc_strategy': 'ewc', 'ewc_lambda': 0.0001, 'subgraph_train': False, 'num_hops': 2, 'logname': 'ECL-Informer', 'time': '2023-09-09-13:12:12.551886', 'path': 'exp/ECL-Informer2023-09-09-13:12:12.551886', 'num_workers': 4, 'start_train': 0, 'train_mode': 'pretrain', 'get_score': False, 'use_cm': True, 'logger': <Logger __main__ (INFO)>}
2023-09-09 13:12:12,552 - [*] phase 0 start training
train 8449
val 2785
test 2785
2023-09-09 13:12:12,627 - [*] phase 0 Dataset load!
dropout 0.05
dropout 0.05
1 True None
weawew /Disk/fhyega/code/BASE/exp/ECL-PatchTST2023-08-26-13:08:31.837686/0/best_model.pkl
2023-09-09 13:12:14,495 - logger name:exp/ECL-Informer2023-09-09-13:12:14.495381/ECL-Informer.log
2023-09-09 13:12:14,495 - params : {'loss': 'mse', 'conf': 'ECL-Informer', 'data_name': 'ETTh2', 'iteration': 1, 'train': 0, 'mainrs': 1, 'abl': 0, 'abl_tmp_context': 0, 'abl_ae': 0, 'no_tmp': 0, 'load': False, 'build_graph': False, 'same_init': True, 'grad_norm': False, 'refiner_residual': 0, 'root_path': '', 'exp_path': 'exp/', 'val_test_mix': False, 'lr': 0.0001, 'lradj': 'TST', 'dropout': 0.05, 'fc_dropout': 0.05, 'head_dropout': 0.0, 'patch_len': 16, 'stride': 8, 'd_ff': 512, 'd_model': 128, 'n_heads': 8, 'seq_len': 96, 'pred_len': 96, 'noise_rate': 0.5, 'device': device(type='cuda', index=0), 'test_model_path': '/Disk/fhyega/code/BASE/exp/ECL-PatchTST2023-08-26-13:08:31.837686/0/best_model.pkl', 'idx': -1, 'aligner': 0, 'always_align': 1, 'refiner': 0, 'rec_block_num': 1, 'enhance': 0, 'enhance_type': 5, 'seed': 34, 'batch_size': 64, 'share_head': 0, 'add_noise': 1, 'add_norm': 0, 'jitter_sigma': 0.4, 'slope_rate': 0.01, 'slope_range': 0.2, 'alpha': 10.0, 'beta': 1.0, 'gamma': 0.15, 'feature_jittering': 1, 'rec_intra_feature': 0, 'rec_ori': 1, 'mid_dim': 128, 'test_en': 0, 'debugger': 0, 'summary': 0, 'omega': 1.0, 'theta': 1.5, 'mask_border': 1, 'sup_weight': 10.0, 'rec_length_ratio': 0.8, 'ref_dropout': 0.0, 'ref_block_num': 1, 'add_FFN': 1, 'add_residual': 0, 'rec_all': 0, 'e_layers': 2, 'early_break': 0, 'early_stop': 10, 'lo': 'mainresult/ECL-Informer_ori_96_ETTh2.log', '/* model related args*/': '//', 'model_name': 'informer', 'label_len': 48, 'features': 'M', 'target': 'OT', 'graph_input': False, 'individual': False, 'd_layers': 1, 'factor': 3, 'des': 'Exp', 'padding_patch': 'end', 'revin': 1, 'affine': 0, 'subtract_last': 0, 'decomposition': 0, 'kernel_size': 25, 'output_attention': 0, 'embed_type': 0, 'activation': 'gelu', 'distil': 1, 'linear_output': 0, 'pct_start': 0.3, 'indie': 0, '/*train related args*/': '//', 'epoch': 30, '/*dataset related args*/': '//', 'save_data_path': 'data/ECL/', 'data_process': False, 'embed': 'timeF', 'freq': 'h', 'begin_phase': 0, 'end_phase': 1, 'phase_len': 26304, 'val_ratio': 0.33, 'graph_size': 321, '/*strategy related args*/': '//', 'strategy': 'incremental', 'increase': False, 'detect': False, 'detect_strategy': 'feature', 'replay': False, 'replay_strategy': 'random', 'repaly_num_samples': 100, 'ewc': False, 'ewc_strategy': 'ewc', 'ewc_lambda': 0.0001, 'subgraph_train': False, 'num_hops': 2, 'logname': 'ECL-Informer', 'time': '2023-09-09-13:12:14.495381', 'path': 'exp/ECL-Informer2023-09-09-13:12:14.495381', 'num_workers': 4, 'start_train': 0, 'train_mode': 'pretrain', 'get_score': False, 'use_cm': True, 'logger': <Logger __main__ (INFO)>}
2023-09-09 13:12:14,495 - [*] phase 0 start training
train 8449
val 2785
test 2785
2023-09-09 13:12:14,570 - [*] phase 0 Dataset load!
dropout 0.05
dropout 0.05
0 True None
2023-09-09 13:12:16,444 - logger name:exp/ECL-Informer2023-09-09-13:12:16.443826/ECL-Informer.log
2023-09-09 13:12:16,444 - params : {'loss': 'huber', 'conf': 'ECL-Informer', 'data_name': 'ETTh2', 'iteration': 1, 'train': 0, 'mainrs': 1, 'abl': 0, 'abl_tmp_context': 0, 'abl_ae': 0, 'no_tmp': 0, 'load': False, 'build_graph': False, 'same_init': True, 'grad_norm': False, 'refiner_residual': 0, 'root_path': '', 'exp_path': 'exp/', 'val_test_mix': False, 'lr': 0.0001, 'lradj': 'TST', 'dropout': 0.05, 'fc_dropout': 0.05, 'head_dropout': 0.0, 'patch_len': 16, 'stride': 8, 'd_ff': 512, 'd_model': 128, 'n_heads': 8, 'seq_len': 96, 'pred_len': 192, 'noise_rate': 0.5, 'device': device(type='cuda', index=0), 'test_model_path': '/Disk/fhyega/code/BASE/exp/ECL-PatchTST2023-08-26-13:08:31.837686/0/best_model.pkl', 'idx': -1, 'aligner': 1, 'always_align': 1, 'refiner': 1, 'rec_block_num': 1, 'enhance': 1, 'enhance_type': 5, 'seed': 34, 'batch_size': 64, 'share_head': 0, 'add_noise': 1, 'add_norm': 0, 'jitter_sigma': 0.4, 'slope_rate': 0.01, 'slope_range': 0.2, 'alpha': 10.0, 'beta': 1.0, 'gamma': 0.15, 'feature_jittering': 1, 'rec_intra_feature': 0, 'rec_ori': 1, 'mid_dim': 128, 'test_en': 0, 'debugger': 0, 'summary': 0, 'omega': 1.0, 'theta': 1.5, 'mask_border': 1, 'sup_weight': 10.0, 'rec_length_ratio': 0.8, 'ref_dropout': 0.0, 'ref_block_num': 1, 'add_FFN': 1, 'add_residual': 0, 'rec_all': 0, 'e_layers': 2, 'early_break': 0, 'early_stop': 10, 'lo': 'mainresult/ECL-Informer_OURS_192_ETTh2.log', '/* model related args*/': '//', 'model_name': 'informer', 'label_len': 48, 'features': 'M', 'target': 'OT', 'graph_input': False, 'individual': False, 'd_layers': 1, 'factor': 3, 'des': 'Exp', 'padding_patch': 'end', 'revin': 1, 'affine': 0, 'subtract_last': 0, 'decomposition': 0, 'kernel_size': 25, 'output_attention': 0, 'embed_type': 0, 'activation': 'gelu', 'distil': 1, 'linear_output': 0, 'pct_start': 0.3, 'indie': 0, '/*train related args*/': '//', 'epoch': 30, '/*dataset related args*/': '//', 'save_data_path': 'data/ECL/', 'data_process': False, 'embed': 'timeF', 'freq': 'h', 'begin_phase': 0, 'end_phase': 1, 'phase_len': 26304, 'val_ratio': 0.33, 'graph_size': 321, '/*strategy related args*/': '//', 'strategy': 'incremental', 'increase': False, 'detect': False, 'detect_strategy': 'feature', 'replay': False, 'replay_strategy': 'random', 'repaly_num_samples': 100, 'ewc': False, 'ewc_strategy': 'ewc', 'ewc_lambda': 0.0001, 'subgraph_train': False, 'num_hops': 2, 'logname': 'ECL-Informer', 'time': '2023-09-09-13:12:16.443826', 'path': 'exp/ECL-Informer2023-09-09-13:12:16.443826', 'num_workers': 4, 'start_train': 0, 'train_mode': 'pretrain', 'get_score': False, 'use_cm': True, 'logger': <Logger __main__ (INFO)>}
2023-09-09 13:12:16,444 - [*] phase 0 start training
train 8353
val 2689
test 2689
2023-09-09 13:12:16,518 - [*] phase 0 Dataset load!
dropout 0.05
dropout 0.05
1 True None
2023-09-09 13:12:18,403 - logger name:exp/ECL-Informer2023-09-09-13:12:18.403456/ECL-Informer.log
2023-09-09 13:12:18,403 - params : {'loss': 'mse', 'conf': 'ECL-Informer', 'data_name': 'ETTh2', 'iteration': 1, 'train': 0, 'mainrs': 1, 'abl': 0, 'abl_tmp_context': 0, 'abl_ae': 0, 'no_tmp': 0, 'load': False, 'build_graph': False, 'same_init': True, 'grad_norm': False, 'refiner_residual': 0, 'root_path': '', 'exp_path': 'exp/', 'val_test_mix': False, 'lr': 0.0001, 'lradj': 'TST', 'dropout': 0.05, 'fc_dropout': 0.05, 'head_dropout': 0.0, 'patch_len': 16, 'stride': 8, 'd_ff': 512, 'd_model': 128, 'n_heads': 8, 'seq_len': 96, 'pred_len': 192, 'noise_rate': 0.5, 'device': device(type='cuda', index=0), 'test_model_path': '/Disk/fhyega/code/BASE/exp/ECL-PatchTST2023-08-26-13:08:31.837686/0/best_model.pkl', 'idx': -1, 'aligner': 0, 'always_align': 1, 'refiner': 0, 'rec_block_num': 1, 'enhance': 0, 'enhance_type': 5, 'seed': 34, 'batch_size': 64, 'share_head': 0, 'add_noise': 1, 'add_norm': 0, 'jitter_sigma': 0.4, 'slope_rate': 0.01, 'slope_range': 0.2, 'alpha': 10.0, 'beta': 1.0, 'gamma': 0.15, 'feature_jittering': 1, 'rec_intra_feature': 0, 'rec_ori': 1, 'mid_dim': 128, 'test_en': 0, 'debugger': 0, 'summary': 0, 'omega': 1.0, 'theta': 1.5, 'mask_border': 1, 'sup_weight': 10.0, 'rec_length_ratio': 0.8, 'ref_dropout': 0.0, 'ref_block_num': 1, 'add_FFN': 1, 'add_residual': 0, 'rec_all': 0, 'e_layers': 2, 'early_break': 0, 'early_stop': 10, 'lo': 'mainresult/ECL-Informer_ori_192_ETTh2.log', '/* model related args*/': '//', 'model_name': 'informer', 'label_len': 48, 'features': 'M', 'target': 'OT', 'graph_input': False, 'individual': False, 'd_layers': 1, 'factor': 3, 'des': 'Exp', 'padding_patch': 'end', 'revin': 1, 'affine': 0, 'subtract_last': 0, 'decomposition': 0, 'kernel_size': 25, 'output_attention': 0, 'embed_type': 0, 'activation': 'gelu', 'distil': 1, 'linear_output': 0, 'pct_start': 0.3, 'indie': 0, '/*train related args*/': '//', 'epoch': 30, '/*dataset related args*/': '//', 'save_data_path': 'data/ECL/', 'data_process': False, 'embed': 'timeF', 'freq': 'h', 'begin_phase': 0, 'end_phase': 1, 'phase_len': 26304, 'val_ratio': 0.33, 'graph_size': 321, '/*strategy related args*/': '//', 'strategy': 'incremental', 'increase': False, 'detect': False, 'detect_strategy': 'feature', 'replay': False, 'replay_strategy': 'random', 'repaly_num_samples': 100, 'ewc': False, 'ewc_strategy': 'ewc', 'ewc_lambda': 0.0001, 'subgraph_train': False, 'num_hops': 2, 'logname': 'ECL-Informer', 'time': '2023-09-09-13:12:18.403456', 'path': 'exp/ECL-Informer2023-09-09-13:12:18.403456', 'num_workers': 4, 'start_train': 0, 'train_mode': 'pretrain', 'get_score': False, 'use_cm': True, 'logger': <Logger __main__ (INFO)>}
2023-09-09 13:12:18,404 - [*] phase 0 start training
train 8353
val 2689
test 2689
2023-09-09 13:12:18,478 - [*] phase 0 Dataset load!
dropout 0.05
dropout 0.05
0 True None
2023-09-09 13:12:20,348 - logger name:exp/ECL-Informer2023-09-09-13:12:20.348229/ECL-Informer.log
2023-09-09 13:12:20,348 - params : {'loss': 'huber', 'conf': 'ECL-Informer', 'data_name': 'ETTh2', 'iteration': 1, 'train': 0, 'mainrs': 1, 'abl': 0, 'abl_tmp_context': 0, 'abl_ae': 0, 'no_tmp': 0, 'load': False, 'build_graph': False, 'same_init': True, 'grad_norm': False, 'refiner_residual': 0, 'root_path': '', 'exp_path': 'exp/', 'val_test_mix': False, 'lr': 0.0001, 'lradj': 'TST', 'dropout': 0.05, 'fc_dropout': 0.05, 'head_dropout': 0.0, 'patch_len': 16, 'stride': 8, 'd_ff': 512, 'd_model': 128, 'n_heads': 8, 'seq_len': 96, 'pred_len': 336, 'noise_rate': 0.5, 'device': device(type='cuda', index=0), 'test_model_path': '/Disk/fhyega/code/BASE/exp/ECL-PatchTST2023-08-26-13:08:31.837686/0/best_model.pkl', 'idx': -1, 'aligner': 1, 'always_align': 1, 'refiner': 1, 'rec_block_num': 1, 'enhance': 1, 'enhance_type': 5, 'seed': 34, 'batch_size': 64, 'share_head': 0, 'add_noise': 1, 'add_norm': 0, 'jitter_sigma': 0.4, 'slope_rate': 0.01, 'slope_range': 0.2, 'alpha': 10.0, 'beta': 1.0, 'gamma': 0.15, 'feature_jittering': 1, 'rec_intra_feature': 0, 'rec_ori': 1, 'mid_dim': 128, 'test_en': 0, 'debugger': 0, 'summary': 0, 'omega': 1.0, 'theta': 1.5, 'mask_border': 1, 'sup_weight': 10.0, 'rec_length_ratio': 0.8, 'ref_dropout': 0.0, 'ref_block_num': 1, 'add_FFN': 1, 'add_residual': 0, 'rec_all': 0, 'e_layers': 2, 'early_break': 0, 'early_stop': 10, 'lo': 'mainresult/ECL-Informer_OURS_336_ETTh2.log', '/* model related args*/': '//', 'model_name': 'informer', 'label_len': 48, 'features': 'M', 'target': 'OT', 'graph_input': False, 'individual': False, 'd_layers': 1, 'factor': 3, 'des': 'Exp', 'padding_patch': 'end', 'revin': 1, 'affine': 0, 'subtract_last': 0, 'decomposition': 0, 'kernel_size': 25, 'output_attention': 0, 'embed_type': 0, 'activation': 'gelu', 'distil': 1, 'linear_output': 0, 'pct_start': 0.3, 'indie': 0, '/*train related args*/': '//', 'epoch': 30, '/*dataset related args*/': '//', 'save_data_path': 'data/ECL/', 'data_process': False, 'embed': 'timeF', 'freq': 'h', 'begin_phase': 0, 'end_phase': 1, 'phase_len': 26304, 'val_ratio': 0.33, 'graph_size': 321, '/*strategy related args*/': '//', 'strategy': 'incremental', 'increase': False, 'detect': False, 'detect_strategy': 'feature', 'replay': False, 'replay_strategy': 'random', 'repaly_num_samples': 100, 'ewc': False, 'ewc_strategy': 'ewc', 'ewc_lambda': 0.0001, 'subgraph_train': False, 'num_hops': 2, 'logname': 'ECL-Informer', 'time': '2023-09-09-13:12:20.348229', 'path': 'exp/ECL-Informer2023-09-09-13:12:20.348229', 'num_workers': 4, 'start_train': 0, 'train_mode': 'pretrain', 'get_score': False, 'use_cm': True, 'logger': <Logger __main__ (INFO)>}
2023-09-09 13:12:20,348 - [*] phase 0 start training
train 8209
val 2545
test 2545
2023-09-09 13:12:20,423 - [*] phase 0 Dataset load!
dropout 0.05
dropout 0.05
1 True None
2023-09-09 13:12:22,290 - logger name:exp/ECL-Informer2023-09-09-13:12:22.289784/ECL-Informer.log
2023-09-09 13:12:22,290 - params : {'loss': 'mse', 'conf': 'ECL-Informer', 'data_name': 'ETTh2', 'iteration': 1, 'train': 0, 'mainrs': 1, 'abl': 0, 'abl_tmp_context': 0, 'abl_ae': 0, 'no_tmp': 0, 'load': False, 'build_graph': False, 'same_init': True, 'grad_norm': False, 'refiner_residual': 0, 'root_path': '', 'exp_path': 'exp/', 'val_test_mix': False, 'lr': 0.0001, 'lradj': 'TST', 'dropout': 0.05, 'fc_dropout': 0.05, 'head_dropout': 0.0, 'patch_len': 16, 'stride': 8, 'd_ff': 512, 'd_model': 128, 'n_heads': 8, 'seq_len': 96, 'pred_len': 336, 'noise_rate': 0.5, 'device': device(type='cuda', index=0), 'test_model_path': '/Disk/fhyega/code/BASE/exp/ECL-PatchTST2023-08-26-13:08:31.837686/0/best_model.pkl', 'idx': -1, 'aligner': 0, 'always_align': 1, 'refiner': 0, 'rec_block_num': 1, 'enhance': 0, 'enhance_type': 5, 'seed': 34, 'batch_size': 64, 'share_head': 0, 'add_noise': 1, 'add_norm': 0, 'jitter_sigma': 0.4, 'slope_rate': 0.01, 'slope_range': 0.2, 'alpha': 10.0, 'beta': 1.0, 'gamma': 0.15, 'feature_jittering': 1, 'rec_intra_feature': 0, 'rec_ori': 1, 'mid_dim': 128, 'test_en': 0, 'debugger': 0, 'summary': 0, 'omega': 1.0, 'theta': 1.5, 'mask_border': 1, 'sup_weight': 10.0, 'rec_length_ratio': 0.8, 'ref_dropout': 0.0, 'ref_block_num': 1, 'add_FFN': 1, 'add_residual': 0, 'rec_all': 0, 'e_layers': 2, 'early_break': 0, 'early_stop': 10, 'lo': 'mainresult/ECL-Informer_ori_336_ETTh2.log', '/* model related args*/': '//', 'model_name': 'informer', 'label_len': 48, 'features': 'M', 'target': 'OT', 'graph_input': False, 'individual': False, 'd_layers': 1, 'factor': 3, 'des': 'Exp', 'padding_patch': 'end', 'revin': 1, 'affine': 0, 'subtract_last': 0, 'decomposition': 0, 'kernel_size': 25, 'output_attention': 0, 'embed_type': 0, 'activation': 'gelu', 'distil': 1, 'linear_output': 0, 'pct_start': 0.3, 'indie': 0, '/*train related args*/': '//', 'epoch': 30, '/*dataset related args*/': '//', 'save_data_path': 'data/ECL/', 'data_process': False, 'embed': 'timeF', 'freq': 'h', 'begin_phase': 0, 'end_phase': 1, 'phase_len': 26304, 'val_ratio': 0.33, 'graph_size': 321, '/*strategy related args*/': '//', 'strategy': 'incremental', 'increase': False, 'detect': False, 'detect_strategy': 'feature', 'replay': False, 'replay_strategy': 'random', 'repaly_num_samples': 100, 'ewc': False, 'ewc_strategy': 'ewc', 'ewc_lambda': 0.0001, 'subgraph_train': False, 'num_hops': 2, 'logname': 'ECL-Informer', 'time': '2023-09-09-13:12:22.289784', 'path': 'exp/ECL-Informer2023-09-09-13:12:22.289784', 'num_workers': 4, 'start_train': 0, 'train_mode': 'pretrain', 'get_score': False, 'use_cm': True, 'logger': <Logger __main__ (INFO)>}
2023-09-09 13:12:22,290 - [*] phase 0 start training
train 8209
val 2545
test 2545
2023-09-09 13:12:22,365 - [*] phase 0 Dataset load!
dropout 0.05
dropout 0.05
0 True None
2023-09-09 13:12:24,239 - logger name:exp/ECL-Informer2023-09-09-13:12:24.239747/ECL-Informer.log
2023-09-09 13:12:24,240 - params : {'loss': 'huber', 'conf': 'ECL-Informer', 'data_name': 'ETTh2', 'iteration': 1, 'train': 0, 'mainrs': 1, 'abl': 0, 'abl_tmp_context': 0, 'abl_ae': 0, 'no_tmp': 0, 'load': False, 'build_graph': False, 'same_init': True, 'grad_norm': False, 'refiner_residual': 0, 'root_path': '', 'exp_path': 'exp/', 'val_test_mix': False, 'lr': 0.0001, 'lradj': 'TST', 'dropout': 0.05, 'fc_dropout': 0.05, 'head_dropout': 0.0, 'patch_len': 16, 'stride': 8, 'd_ff': 512, 'd_model': 128, 'n_heads': 8, 'seq_len': 96, 'pred_len': 720, 'noise_rate': 0.5, 'device': device(type='cuda', index=0), 'test_model_path': '/Disk/fhyega/code/BASE/exp/ECL-PatchTST2023-08-26-13:08:31.837686/0/best_model.pkl', 'idx': -1, 'aligner': 1, 'always_align': 1, 'refiner': 1, 'rec_block_num': 1, 'enhance': 1, 'enhance_type': 5, 'seed': 34, 'batch_size': 64, 'share_head': 0, 'add_noise': 1, 'add_norm': 0, 'jitter_sigma': 0.4, 'slope_rate': 0.01, 'slope_range': 0.2, 'alpha': 10.0, 'beta': 1.0, 'gamma': 0.15, 'feature_jittering': 1, 'rec_intra_feature': 0, 'rec_ori': 1, 'mid_dim': 128, 'test_en': 0, 'debugger': 0, 'summary': 0, 'omega': 1.0, 'theta': 1.5, 'mask_border': 1, 'sup_weight': 10.0, 'rec_length_ratio': 0.8, 'ref_dropout': 0.0, 'ref_block_num': 1, 'add_FFN': 1, 'add_residual': 0, 'rec_all': 0, 'e_layers': 2, 'early_break': 0, 'early_stop': 10, 'lo': 'mainresult/ECL-Informer_OURS_720_ETTh2.log', '/* model related args*/': '//', 'model_name': 'informer', 'label_len': 48, 'features': 'M', 'target': 'OT', 'graph_input': False, 'individual': False, 'd_layers': 1, 'factor': 3, 'des': 'Exp', 'padding_patch': 'end', 'revin': 1, 'affine': 0, 'subtract_last': 0, 'decomposition': 0, 'kernel_size': 25, 'output_attention': 0, 'embed_type': 0, 'activation': 'gelu', 'distil': 1, 'linear_output': 0, 'pct_start': 0.3, 'indie': 0, '/*train related args*/': '//', 'epoch': 30, '/*dataset related args*/': '//', 'save_data_path': 'data/ECL/', 'data_process': False, 'embed': 'timeF', 'freq': 'h', 'begin_phase': 0, 'end_phase': 1, 'phase_len': 26304, 'val_ratio': 0.33, 'graph_size': 321, '/*strategy related args*/': '//', 'strategy': 'incremental', 'increase': False, 'detect': False, 'detect_strategy': 'feature', 'replay': False, 'replay_strategy': 'random', 'repaly_num_samples': 100, 'ewc': False, 'ewc_strategy': 'ewc', 'ewc_lambda': 0.0001, 'subgraph_train': False, 'num_hops': 2, 'logname': 'ECL-Informer', 'time': '2023-09-09-13:12:24.239747', 'path': 'exp/ECL-Informer2023-09-09-13:12:24.239747', 'num_workers': 4, 'start_train': 0, 'train_mode': 'pretrain', 'get_score': False, 'use_cm': True, 'logger': <Logger __main__ (INFO)>}
2023-09-09 13:12:24,240 - [*] phase 0 start training
train 7825
val 2161
test 2161
2023-09-09 13:12:24,315 - [*] phase 0 Dataset load!
dropout 0.05
dropout 0.05
1 True None
2023-09-09 13:12:26,192 - logger name:exp/ECL-Informer2023-09-09-13:12:26.191855/ECL-Informer.log
2023-09-09 13:12:26,192 - params : {'loss': 'mse', 'conf': 'ECL-Informer', 'data_name': 'ETTh2', 'iteration': 1, 'train': 0, 'mainrs': 1, 'abl': 0, 'abl_tmp_context': 0, 'abl_ae': 0, 'no_tmp': 0, 'load': False, 'build_graph': False, 'same_init': True, 'grad_norm': False, 'refiner_residual': 0, 'root_path': '', 'exp_path': 'exp/', 'val_test_mix': False, 'lr': 0.0001, 'lradj': 'TST', 'dropout': 0.05, 'fc_dropout': 0.05, 'head_dropout': 0.0, 'patch_len': 16, 'stride': 8, 'd_ff': 512, 'd_model': 128, 'n_heads': 8, 'seq_len': 96, 'pred_len': 720, 'noise_rate': 0.5, 'device': device(type='cuda', index=0), 'test_model_path': '/Disk/fhyega/code/BASE/exp/ECL-PatchTST2023-08-26-13:08:31.837686/0/best_model.pkl', 'idx': -1, 'aligner': 0, 'always_align': 1, 'refiner': 0, 'rec_block_num': 1, 'enhance': 0, 'enhance_type': 5, 'seed': 34, 'batch_size': 64, 'share_head': 0, 'add_noise': 1, 'add_norm': 0, 'jitter_sigma': 0.4, 'slope_rate': 0.01, 'slope_range': 0.2, 'alpha': 10.0, 'beta': 1.0, 'gamma': 0.15, 'feature_jittering': 1, 'rec_intra_feature': 0, 'rec_ori': 1, 'mid_dim': 128, 'test_en': 0, 'debugger': 0, 'summary': 0, 'omega': 1.0, 'theta': 1.5, 'mask_border': 1, 'sup_weight': 10.0, 'rec_length_ratio': 0.8, 'ref_dropout': 0.0, 'ref_block_num': 1, 'add_FFN': 1, 'add_residual': 0, 'rec_all': 0, 'e_layers': 2, 'early_break': 0, 'early_stop': 10, 'lo': 'mainresult/ECL-Informer_ori_720_ETTh2.log', '/* model related args*/': '//', 'model_name': 'informer', 'label_len': 48, 'features': 'M', 'target': 'OT', 'graph_input': False, 'individual': False, 'd_layers': 1, 'factor': 3, 'des': 'Exp', 'padding_patch': 'end', 'revin': 1, 'affine': 0, 'subtract_last': 0, 'decomposition': 0, 'kernel_size': 25, 'output_attention': 0, 'embed_type': 0, 'activation': 'gelu', 'distil': 1, 'linear_output': 0, 'pct_start': 0.3, 'indie': 0, '/*train related args*/': '//', 'epoch': 30, '/*dataset related args*/': '//', 'save_data_path': 'data/ECL/', 'data_process': False, 'embed': 'timeF', 'freq': 'h', 'begin_phase': 0, 'end_phase': 1, 'phase_len': 26304, 'val_ratio': 0.33, 'graph_size': 321, '/*strategy related args*/': '//', 'strategy': 'incremental', 'increase': False, 'detect': False, 'detect_strategy': 'feature', 'replay': False, 'replay_strategy': 'random', 'repaly_num_samples': 100, 'ewc': False, 'ewc_strategy': 'ewc', 'ewc_lambda': 0.0001, 'subgraph_train': False, 'num_hops': 2, 'logname': 'ECL-Informer', 'time': '2023-09-09-13:12:26.191855', 'path': 'exp/ECL-Informer2023-09-09-13:12:26.191855', 'num_workers': 4, 'start_train': 0, 'train_mode': 'pretrain', 'get_score': False, 'use_cm': True, 'logger': <Logger __main__ (INFO)>}
2023-09-09 13:12:26,192 - [*] phase 0 start training
train 7825
val 2161
test 2161
2023-09-09 13:12:26,268 - [*] phase 0 Dataset load!
dropout 0.05
dropout 0.05
0 True None
2023-09-09 13:12:28,130 - logger name:exp/ECL-FEDformer2023-09-09-13:12:28.130250/ECL-FEDformer.log
2023-09-09 13:12:28,130 - params : {'loss': 'huber', 'conf': 'ECL-FEDformer', 'data_name': 'weather', 'iteration': 1, 'train': 0, 'mainrs': 1, 'abl': 0, 'abl_tmp_context': 0, 'abl_ae': 0, 'no_tmp': 0, 'load': False, 'build_graph': False, 'same_init': True, 'grad_norm': False, 'refiner_residual': 0, 'root_path': '', 'exp_path': 'exp/', 'val_test_mix': False, 'lr': 0.0001, 'lradj': 'TST', 'dropout': 0.05, 'fc_dropout': 0.05, 'head_dropout': 0.0, 'patch_len': 16, 'stride': 8, 'd_ff': 512, 'd_model': 128, 'n_heads': 8, 'seq_len': 96, 'pred_len': 96, 'noise_rate': 0.5, 'device': device(type='cuda', index=0), 'test_model_path': '/Disk/fhyega/code/BASE/exp/ECL-PatchTST2023-08-26-13:08:31.837686/0/best_model.pkl', 'idx': -1, 'aligner': 1, 'always_align': 1, 'refiner': 1, 'rec_block_num': 1, 'enhance': 1, 'enhance_type': 5, 'seed': 34, 'batch_size': 64, 'share_head': 0, 'add_noise': 1, 'add_norm': 0, 'jitter_sigma': 0.4, 'slope_rate': 0.01, 'slope_range': 0.2, 'alpha': 10.0, 'beta': 1.0, 'gamma': 0.15, 'feature_jittering': 1, 'rec_intra_feature': 0, 'rec_ori': 1, 'mid_dim': 128, 'test_en': 0, 'debugger': 0, 'summary': 0, 'omega': 1.0, 'theta': 1.5, 'mask_border': 1, 'sup_weight': 10.0, 'rec_length_ratio': 0.8, 'ref_dropout': 0.0, 'ref_block_num': 1, 'add_FFN': 1, 'add_residual': 0, 'rec_all': 0, 'e_layers': 2, 'early_break': 0, 'early_stop': 10, 'lo': 'mainresult/ECL-FEDformer_OURS_96_weather.log', '/* model related args*/': '//', 'model_name': 'FEDformer', 'label_len': 48, 'features': 'M', 'target': 'OT', 'graph_input': False, 'individual': False, 'd_layers': 1, 'factor': 1, 'des': 'Exp', 'padding_patch': 'end', 'revin': 1, 'affine': 0, 'subtract_last': 0, 'decomposition': 0, 'kernel_size': 25, 'output_attention': 0, 'embed_type': 0, 'activation': 'gelu', 'distil': 1, 'linear_output': 0, 'pct_start': 0.2, 'num_kernels': 6, 'top_k': 5, 'moving_avg': 25, 'indie': 0, '/*train related args*/': '//', 'epoch': 30, '/*dataset related args*/': '//', 'save_data_path': 'data/ECL/', 'data_process': True, 'embed': 'timeF', 'freq': 'h', 'begin_phase': 0, 'end_phase': 1, 'phase_len': -1, 'val_ratio': 0.33, 'graph_size': 321, '/*strategy related args*/': '//', 'strategy': 'incremental', 'increase': False, 'detect': False, 'detect_strategy': 'feature', 'replay': False, 'replay_strategy': 'random', 'repaly_num_samples': 100, 'ewc': False, 'ewc_strategy': 'ewc', 'ewc_lambda': 0.0001, 'subgraph_train': False, 'num_hops': 2, 'logname': 'ECL-FEDformer', 'time': '2023-09-09-13:12:28.130250', 'path': 'exp/ECL-FEDformer2023-09-09-13:12:28.130250', 'num_workers': 4, 'start_train': 0, 'train_mode': 'pretrain', 'get_score': False, 'use_cm': True, 'logger': <Logger __main__ (INFO)>}
2023-09-09 13:12:28,130 - [*] phase 0 start training
0 52696
36887 5270 10539 0.7 0.2 52696
train 36696
36887 5270 10539 0.7 0.2 52696
val 5175
36887 5270 10539 0.7 0.2 52696
test 10444
2023-09-09 13:12:28,949 - [*] phase 0 Dataset load!
dropout 0.05
dropout 0.05
fourier enhanced block used!
modes=32, index=[0, 1, 2, 3, 6, 7, 8, 9, 10, 12, 13, 15, 16, 17, 19, 22, 23, 24, 26, 27, 28, 30, 31, 34, 37, 39, 40, 43, 44, 45, 46, 47]
fourier enhanced block used!
modes=32, index=[2, 3, 4, 7, 10, 12, 14, 15, 16, 18, 22, 24, 25, 28, 32, 33, 40, 43, 45, 47, 50, 51, 53, 54, 55, 59, 60, 61, 65, 67, 68, 71]
 fourier enhanced cross attention used!
modes_q=32, index_q=[1, 2, 5, 7, 10, 11, 13, 14, 18, 19, 20, 24, 26, 28, 29, 30, 31, 34, 35, 42, 44, 47, 50, 58, 59, 61, 62, 63, 64, 66, 69, 70]
modes_kv=32, index_kv=[0, 2, 3, 5, 7, 8, 9, 10, 11, 12, 14, 15, 16, 17, 20, 21, 22, 25, 27, 30, 31, 33, 35, 36, 37, 38, 39, 41, 43, 44, 45, 47]
1 True None
2023-09-09 13:12:30,822 - logger name:exp/ECL-FEDformer2023-09-09-13:12:30.822395/ECL-FEDformer.log
2023-09-09 13:12:30,822 - params : {'loss': 'mse', 'conf': 'ECL-FEDformer', 'data_name': 'weather', 'iteration': 1, 'train': 0, 'mainrs': 1, 'abl': 0, 'abl_tmp_context': 0, 'abl_ae': 0, 'no_tmp': 0, 'load': False, 'build_graph': False, 'same_init': True, 'grad_norm': False, 'refiner_residual': 0, 'root_path': '', 'exp_path': 'exp/', 'val_test_mix': False, 'lr': 0.0001, 'lradj': 'TST', 'dropout': 0.05, 'fc_dropout': 0.05, 'head_dropout': 0.0, 'patch_len': 16, 'stride': 8, 'd_ff': 512, 'd_model': 128, 'n_heads': 8, 'seq_len': 96, 'pred_len': 96, 'noise_rate': 0.5, 'device': device(type='cuda', index=0), 'test_model_path': '/Disk/fhyega/code/BASE/exp/ECL-PatchTST2023-08-26-13:08:31.837686/0/best_model.pkl', 'idx': -1, 'aligner': 0, 'always_align': 1, 'refiner': 0, 'rec_block_num': 1, 'enhance': 0, 'enhance_type': 5, 'seed': 34, 'batch_size': 64, 'share_head': 0, 'add_noise': 1, 'add_norm': 0, 'jitter_sigma': 0.4, 'slope_rate': 0.01, 'slope_range': 0.2, 'alpha': 10.0, 'beta': 1.0, 'gamma': 0.15, 'feature_jittering': 1, 'rec_intra_feature': 0, 'rec_ori': 1, 'mid_dim': 128, 'test_en': 0, 'debugger': 0, 'summary': 0, 'omega': 1.0, 'theta': 1.5, 'mask_border': 1, 'sup_weight': 10.0, 'rec_length_ratio': 0.8, 'ref_dropout': 0.0, 'ref_block_num': 1, 'add_FFN': 1, 'add_residual': 0, 'rec_all': 0, 'e_layers': 2, 'early_break': 0, 'early_stop': 10, 'lo': 'mainresult/ECL-FEDformer_ori_96_weather.log', '/* model related args*/': '//', 'model_name': 'FEDformer', 'label_len': 48, 'features': 'M', 'target': 'OT', 'graph_input': False, 'individual': False, 'd_layers': 1, 'factor': 1, 'des': 'Exp', 'padding_patch': 'end', 'revin': 1, 'affine': 0, 'subtract_last': 0, 'decomposition': 0, 'kernel_size': 25, 'output_attention': 0, 'embed_type': 0, 'activation': 'gelu', 'distil': 1, 'linear_output': 0, 'pct_start': 0.2, 'num_kernels': 6, 'top_k': 5, 'moving_avg': 25, 'indie': 0, '/*train related args*/': '//', 'epoch': 30, '/*dataset related args*/': '//', 'save_data_path': 'data/ECL/', 'data_process': True, 'embed': 'timeF', 'freq': 'h', 'begin_phase': 0, 'end_phase': 1, 'phase_len': -1, 'val_ratio': 0.33, 'graph_size': 321, '/*strategy related args*/': '//', 'strategy': 'incremental', 'increase': False, 'detect': False, 'detect_strategy': 'feature', 'replay': False, 'replay_strategy': 'random', 'repaly_num_samples': 100, 'ewc': False, 'ewc_strategy': 'ewc', 'ewc_lambda': 0.0001, 'subgraph_train': False, 'num_hops': 2, 'logname': 'ECL-FEDformer', 'time': '2023-09-09-13:12:30.822395', 'path': 'exp/ECL-FEDformer2023-09-09-13:12:30.822395', 'num_workers': 4, 'start_train': 0, 'train_mode': 'pretrain', 'get_score': False, 'use_cm': True, 'logger': <Logger __main__ (INFO)>}
2023-09-09 13:12:30,823 - [*] phase 0 start training
0 52696
36887 5270 10539 0.7 0.2 52696
train 36696
36887 5270 10539 0.7 0.2 52696
val 5175
36887 5270 10539 0.7 0.2 52696
test 10444
2023-09-09 13:12:31,620 - [*] phase 0 Dataset load!
dropout 0.05
dropout 0.05
fourier enhanced block used!
modes=32, index=[0, 1, 2, 3, 6, 7, 8, 9, 10, 12, 13, 15, 16, 17, 19, 22, 23, 24, 26, 27, 28, 30, 31, 34, 37, 39, 40, 43, 44, 45, 46, 47]
fourier enhanced block used!
modes=32, index=[2, 3, 4, 7, 10, 12, 14, 15, 16, 18, 22, 24, 25, 28, 32, 33, 40, 43, 45, 47, 50, 51, 53, 54, 55, 59, 60, 61, 65, 67, 68, 71]
 fourier enhanced cross attention used!
modes_q=32, index_q=[1, 2, 5, 7, 10, 11, 13, 14, 18, 19, 20, 24, 26, 28, 29, 30, 31, 34, 35, 42, 44, 47, 50, 58, 59, 61, 62, 63, 64, 66, 69, 70]
modes_kv=32, index_kv=[0, 2, 3, 5, 7, 8, 9, 10, 11, 12, 14, 15, 16, 17, 20, 21, 22, 25, 27, 30, 31, 33, 35, 36, 37, 38, 39, 41, 43, 44, 45, 47]
0 True None
2023-09-09 13:12:33,498 - logger name:exp/ECL-FEDformer2023-09-09-13:12:33.498507/ECL-FEDformer.log
2023-09-09 13:12:33,498 - params : {'loss': 'huber', 'conf': 'ECL-FEDformer', 'data_name': 'weather', 'iteration': 1, 'train': 0, 'mainrs': 1, 'abl': 0, 'abl_tmp_context': 0, 'abl_ae': 0, 'no_tmp': 0, 'load': False, 'build_graph': False, 'same_init': True, 'grad_norm': False, 'refiner_residual': 0, 'root_path': '', 'exp_path': 'exp/', 'val_test_mix': False, 'lr': 0.0001, 'lradj': 'TST', 'dropout': 0.05, 'fc_dropout': 0.05, 'head_dropout': 0.0, 'patch_len': 16, 'stride': 8, 'd_ff': 512, 'd_model': 128, 'n_heads': 8, 'seq_len': 96, 'pred_len': 192, 'noise_rate': 0.5, 'device': device(type='cuda', index=0), 'test_model_path': '/Disk/fhyega/code/BASE/exp/ECL-PatchTST2023-08-26-13:08:31.837686/0/best_model.pkl', 'idx': -1, 'aligner': 1, 'always_align': 1, 'refiner': 1, 'rec_block_num': 1, 'enhance': 1, 'enhance_type': 5, 'seed': 34, 'batch_size': 64, 'share_head': 0, 'add_noise': 1, 'add_norm': 0, 'jitter_sigma': 0.4, 'slope_rate': 0.01, 'slope_range': 0.2, 'alpha': 10.0, 'beta': 1.0, 'gamma': 0.15, 'feature_jittering': 1, 'rec_intra_feature': 0, 'rec_ori': 1, 'mid_dim': 128, 'test_en': 0, 'debugger': 0, 'summary': 0, 'omega': 1.0, 'theta': 1.5, 'mask_border': 1, 'sup_weight': 10.0, 'rec_length_ratio': 0.8, 'ref_dropout': 0.0, 'ref_block_num': 1, 'add_FFN': 1, 'add_residual': 0, 'rec_all': 0, 'e_layers': 2, 'early_break': 0, 'early_stop': 10, 'lo': 'mainresult/ECL-FEDformer_OURS_192_weather.log', '/* model related args*/': '//', 'model_name': 'FEDformer', 'label_len': 48, 'features': 'M', 'target': 'OT', 'graph_input': False, 'individual': False, 'd_layers': 1, 'factor': 1, 'des': 'Exp', 'padding_patch': 'end', 'revin': 1, 'affine': 0, 'subtract_last': 0, 'decomposition': 0, 'kernel_size': 25, 'output_attention': 0, 'embed_type': 0, 'activation': 'gelu', 'distil': 1, 'linear_output': 0, 'pct_start': 0.2, 'num_kernels': 6, 'top_k': 5, 'moving_avg': 25, 'indie': 0, '/*train related args*/': '//', 'epoch': 30, '/*dataset related args*/': '//', 'save_data_path': 'data/ECL/', 'data_process': True, 'embed': 'timeF', 'freq': 'h', 'begin_phase': 0, 'end_phase': 1, 'phase_len': -1, 'val_ratio': 0.33, 'graph_size': 321, '/*strategy related args*/': '//', 'strategy': 'incremental', 'increase': False, 'detect': False, 'detect_strategy': 'feature', 'replay': False, 'replay_strategy': 'random', 'repaly_num_samples': 100, 'ewc': False, 'ewc_strategy': 'ewc', 'ewc_lambda': 0.0001, 'subgraph_train': False, 'num_hops': 2, 'logname': 'ECL-FEDformer', 'time': '2023-09-09-13:12:33.498507', 'path': 'exp/ECL-FEDformer2023-09-09-13:12:33.498507', 'num_workers': 4, 'start_train': 0, 'train_mode': 'pretrain', 'get_score': False, 'use_cm': True, 'logger': <Logger __main__ (INFO)>}
2023-09-09 13:12:33,499 - [*] phase 0 start training
0 52696
36887 5270 10539 0.7 0.2 52696
train 36600
36887 5270 10539 0.7 0.2 52696
val 5079
36887 5270 10539 0.7 0.2 52696
test 10348
2023-09-09 13:12:34,302 - [*] phase 0 Dataset load!
dropout 0.05
dropout 0.05
fourier enhanced block used!
modes=32, index=[0, 1, 2, 3, 6, 7, 8, 9, 10, 12, 13, 15, 16, 17, 19, 22, 23, 24, 26, 27, 28, 30, 31, 34, 37, 39, 40, 43, 44, 45, 46, 47]
fourier enhanced block used!
modes=32, index=[2, 7, 10, 12, 26, 30, 32, 33, 34, 41, 46, 47, 50, 51, 52, 55, 56, 68, 69, 71, 74, 75, 78, 82, 83, 85, 92, 97, 108, 110, 111, 114]
 fourier enhanced cross attention used!
modes_q=32, index_q=[0, 2, 6, 14, 16, 17, 20, 27, 30, 36, 49, 50, 51, 59, 60, 61, 67, 73, 75, 76, 77, 79, 82, 84, 85, 92, 96, 103, 105, 107, 112, 114]
modes_kv=32, index_kv=[1, 3, 7, 8, 9, 11, 13, 15, 17, 21, 23, 24, 25, 26, 27, 29, 30, 32, 33, 34, 35, 36, 37, 38, 39, 40, 41, 42, 43, 44, 45, 47]
1 True None
2023-09-09 13:12:36,195 - logger name:exp/ECL-FEDformer2023-09-09-13:12:36.195630/ECL-FEDformer.log
2023-09-09 13:12:36,196 - params : {'loss': 'mse', 'conf': 'ECL-FEDformer', 'data_name': 'weather', 'iteration': 1, 'train': 0, 'mainrs': 1, 'abl': 0, 'abl_tmp_context': 0, 'abl_ae': 0, 'no_tmp': 0, 'load': False, 'build_graph': False, 'same_init': True, 'grad_norm': False, 'refiner_residual': 0, 'root_path': '', 'exp_path': 'exp/', 'val_test_mix': False, 'lr': 0.0001, 'lradj': 'TST', 'dropout': 0.05, 'fc_dropout': 0.05, 'head_dropout': 0.0, 'patch_len': 16, 'stride': 8, 'd_ff': 512, 'd_model': 128, 'n_heads': 8, 'seq_len': 96, 'pred_len': 192, 'noise_rate': 0.5, 'device': device(type='cuda', index=0), 'test_model_path': '/Disk/fhyega/code/BASE/exp/ECL-PatchTST2023-08-26-13:08:31.837686/0/best_model.pkl', 'idx': -1, 'aligner': 0, 'always_align': 1, 'refiner': 0, 'rec_block_num': 1, 'enhance': 0, 'enhance_type': 5, 'seed': 34, 'batch_size': 64, 'share_head': 0, 'add_noise': 1, 'add_norm': 0, 'jitter_sigma': 0.4, 'slope_rate': 0.01, 'slope_range': 0.2, 'alpha': 10.0, 'beta': 1.0, 'gamma': 0.15, 'feature_jittering': 1, 'rec_intra_feature': 0, 'rec_ori': 1, 'mid_dim': 128, 'test_en': 0, 'debugger': 0, 'summary': 0, 'omega': 1.0, 'theta': 1.5, 'mask_border': 1, 'sup_weight': 10.0, 'rec_length_ratio': 0.8, 'ref_dropout': 0.0, 'ref_block_num': 1, 'add_FFN': 1, 'add_residual': 0, 'rec_all': 0, 'e_layers': 2, 'early_break': 0, 'early_stop': 10, 'lo': 'mainresult/ECL-FEDformer_ori_192_weather.log', '/* model related args*/': '//', 'model_name': 'FEDformer', 'label_len': 48, 'features': 'M', 'target': 'OT', 'graph_input': False, 'individual': False, 'd_layers': 1, 'factor': 1, 'des': 'Exp', 'padding_patch': 'end', 'revin': 1, 'affine': 0, 'subtract_last': 0, 'decomposition': 0, 'kernel_size': 25, 'output_attention': 0, 'embed_type': 0, 'activation': 'gelu', 'distil': 1, 'linear_output': 0, 'pct_start': 0.2, 'num_kernels': 6, 'top_k': 5, 'moving_avg': 25, 'indie': 0, '/*train related args*/': '//', 'epoch': 30, '/*dataset related args*/': '//', 'save_data_path': 'data/ECL/', 'data_process': True, 'embed': 'timeF', 'freq': 'h', 'begin_phase': 0, 'end_phase': 1, 'phase_len': -1, 'val_ratio': 0.33, 'graph_size': 321, '/*strategy related args*/': '//', 'strategy': 'incremental', 'increase': False, 'detect': False, 'detect_strategy': 'feature', 'replay': False, 'replay_strategy': 'random', 'repaly_num_samples': 100, 'ewc': False, 'ewc_strategy': 'ewc', 'ewc_lambda': 0.0001, 'subgraph_train': False, 'num_hops': 2, 'logname': 'ECL-FEDformer', 'time': '2023-09-09-13:12:36.195630', 'path': 'exp/ECL-FEDformer2023-09-09-13:12:36.195630', 'num_workers': 4, 'start_train': 0, 'train_mode': 'pretrain', 'get_score': False, 'use_cm': True, 'logger': <Logger __main__ (INFO)>}
2023-09-09 13:12:36,196 - [*] phase 0 start training
0 52696
36887 5270 10539 0.7 0.2 52696
train 36600
36887 5270 10539 0.7 0.2 52696
val 5079
36887 5270 10539 0.7 0.2 52696
test 10348
2023-09-09 13:12:36,989 - [*] phase 0 Dataset load!
dropout 0.05
dropout 0.05
fourier enhanced block used!
modes=32, index=[0, 1, 2, 3, 6, 7, 8, 9, 10, 12, 13, 15, 16, 17, 19, 22, 23, 24, 26, 27, 28, 30, 31, 34, 37, 39, 40, 43, 44, 45, 46, 47]
fourier enhanced block used!
modes=32, index=[2, 7, 10, 12, 26, 30, 32, 33, 34, 41, 46, 47, 50, 51, 52, 55, 56, 68, 69, 71, 74, 75, 78, 82, 83, 85, 92, 97, 108, 110, 111, 114]
 fourier enhanced cross attention used!
modes_q=32, index_q=[0, 2, 6, 14, 16, 17, 20, 27, 30, 36, 49, 50, 51, 59, 60, 61, 67, 73, 75, 76, 77, 79, 82, 84, 85, 92, 96, 103, 105, 107, 112, 114]
modes_kv=32, index_kv=[1, 3, 7, 8, 9, 11, 13, 15, 17, 21, 23, 24, 25, 26, 27, 29, 30, 32, 33, 34, 35, 36, 37, 38, 39, 40, 41, 42, 43, 44, 45, 47]
0 True None
2023-09-09 13:12:38,864 - logger name:exp/ECL-FEDformer2023-09-09-13:12:38.864419/ECL-FEDformer.log
2023-09-09 13:12:38,865 - params : {'loss': 'huber', 'conf': 'ECL-FEDformer', 'data_name': 'weather', 'iteration': 1, 'train': 0, 'mainrs': 1, 'abl': 0, 'abl_tmp_context': 0, 'abl_ae': 0, 'no_tmp': 0, 'load': False, 'build_graph': False, 'same_init': True, 'grad_norm': False, 'refiner_residual': 0, 'root_path': '', 'exp_path': 'exp/', 'val_test_mix': False, 'lr': 0.0001, 'lradj': 'TST', 'dropout': 0.05, 'fc_dropout': 0.05, 'head_dropout': 0.0, 'patch_len': 16, 'stride': 8, 'd_ff': 512, 'd_model': 128, 'n_heads': 8, 'seq_len': 96, 'pred_len': 336, 'noise_rate': 0.5, 'device': device(type='cuda', index=0), 'test_model_path': '/Disk/fhyega/code/BASE/exp/ECL-PatchTST2023-08-26-13:08:31.837686/0/best_model.pkl', 'idx': -1, 'aligner': 1, 'always_align': 1, 'refiner': 1, 'rec_block_num': 1, 'enhance': 1, 'enhance_type': 5, 'seed': 34, 'batch_size': 64, 'share_head': 0, 'add_noise': 1, 'add_norm': 0, 'jitter_sigma': 0.4, 'slope_rate': 0.01, 'slope_range': 0.2, 'alpha': 10.0, 'beta': 1.0, 'gamma': 0.15, 'feature_jittering': 1, 'rec_intra_feature': 0, 'rec_ori': 1, 'mid_dim': 128, 'test_en': 0, 'debugger': 0, 'summary': 0, 'omega': 1.0, 'theta': 1.5, 'mask_border': 1, 'sup_weight': 10.0, 'rec_length_ratio': 0.8, 'ref_dropout': 0.0, 'ref_block_num': 1, 'add_FFN': 1, 'add_residual': 0, 'rec_all': 0, 'e_layers': 2, 'early_break': 0, 'early_stop': 10, 'lo': 'mainresult/ECL-FEDformer_OURS_336_weather.log', '/* model related args*/': '//', 'model_name': 'FEDformer', 'label_len': 48, 'features': 'M', 'target': 'OT', 'graph_input': False, 'individual': False, 'd_layers': 1, 'factor': 1, 'des': 'Exp', 'padding_patch': 'end', 'revin': 1, 'affine': 0, 'subtract_last': 0, 'decomposition': 0, 'kernel_size': 25, 'output_attention': 0, 'embed_type': 0, 'activation': 'gelu', 'distil': 1, 'linear_output': 0, 'pct_start': 0.2, 'num_kernels': 6, 'top_k': 5, 'moving_avg': 25, 'indie': 0, '/*train related args*/': '//', 'epoch': 30, '/*dataset related args*/': '//', 'save_data_path': 'data/ECL/', 'data_process': True, 'embed': 'timeF', 'freq': 'h', 'begin_phase': 0, 'end_phase': 1, 'phase_len': -1, 'val_ratio': 0.33, 'graph_size': 321, '/*strategy related args*/': '//', 'strategy': 'incremental', 'increase': False, 'detect': False, 'detect_strategy': 'feature', 'replay': False, 'replay_strategy': 'random', 'repaly_num_samples': 100, 'ewc': False, 'ewc_strategy': 'ewc', 'ewc_lambda': 0.0001, 'subgraph_train': False, 'num_hops': 2, 'logname': 'ECL-FEDformer', 'time': '2023-09-09-13:12:38.864419', 'path': 'exp/ECL-FEDformer2023-09-09-13:12:38.864419', 'num_workers': 4, 'start_train': 0, 'train_mode': 'pretrain', 'get_score': False, 'use_cm': True, 'logger': <Logger __main__ (INFO)>}
2023-09-09 13:12:38,865 - [*] phase 0 start training
0 52696
36887 5270 10539 0.7 0.2 52696
train 36456
36887 5270 10539 0.7 0.2 52696
val 4935
36887 5270 10539 0.7 0.2 52696
test 10204
2023-09-09 13:12:39,665 - [*] phase 0 Dataset load!
dropout 0.05
dropout 0.05
fourier enhanced block used!
modes=32, index=[0, 1, 2, 3, 6, 7, 8, 9, 10, 12, 13, 15, 16, 17, 19, 22, 23, 24, 26, 27, 28, 30, 31, 34, 37, 39, 40, 43, 44, 45, 46, 47]
fourier enhanced block used!
modes=32, index=[2, 3, 10, 14, 20, 26, 30, 34, 40, 47, 50, 52, 53, 69, 74, 75, 79, 91, 97, 105, 110, 113, 115, 118, 127, 130, 135, 171, 178, 181, 187, 189]
 fourier enhanced cross attention used!
modes_q=32, index_q=[0, 11, 14, 23, 35, 36, 47, 50, 52, 54, 56, 59, 61, 63, 72, 84, 94, 96, 101, 110, 115, 121, 124, 131, 134, 136, 142, 168, 172, 173, 175, 180]
modes_kv=32, index_kv=[0, 1, 2, 3, 5, 6, 7, 9, 12, 13, 15, 16, 17, 19, 25, 26, 27, 30, 32, 33, 34, 35, 36, 37, 38, 39, 41, 42, 43, 44, 45, 46]
1 True None
2023-09-09 13:12:41,545 - logger name:exp/ECL-FEDformer2023-09-09-13:12:41.544820/ECL-FEDformer.log
2023-09-09 13:12:41,545 - params : {'loss': 'mse', 'conf': 'ECL-FEDformer', 'data_name': 'weather', 'iteration': 1, 'train': 0, 'mainrs': 1, 'abl': 0, 'abl_tmp_context': 0, 'abl_ae': 0, 'no_tmp': 0, 'load': False, 'build_graph': False, 'same_init': True, 'grad_norm': False, 'refiner_residual': 0, 'root_path': '', 'exp_path': 'exp/', 'val_test_mix': False, 'lr': 0.0001, 'lradj': 'TST', 'dropout': 0.05, 'fc_dropout': 0.05, 'head_dropout': 0.0, 'patch_len': 16, 'stride': 8, 'd_ff': 512, 'd_model': 128, 'n_heads': 8, 'seq_len': 96, 'pred_len': 336, 'noise_rate': 0.5, 'device': device(type='cuda', index=0), 'test_model_path': '/Disk/fhyega/code/BASE/exp/ECL-PatchTST2023-08-26-13:08:31.837686/0/best_model.pkl', 'idx': -1, 'aligner': 0, 'always_align': 1, 'refiner': 0, 'rec_block_num': 1, 'enhance': 0, 'enhance_type': 5, 'seed': 34, 'batch_size': 64, 'share_head': 0, 'add_noise': 1, 'add_norm': 0, 'jitter_sigma': 0.4, 'slope_rate': 0.01, 'slope_range': 0.2, 'alpha': 10.0, 'beta': 1.0, 'gamma': 0.15, 'feature_jittering': 1, 'rec_intra_feature': 0, 'rec_ori': 1, 'mid_dim': 128, 'test_en': 0, 'debugger': 0, 'summary': 0, 'omega': 1.0, 'theta': 1.5, 'mask_border': 1, 'sup_weight': 10.0, 'rec_length_ratio': 0.8, 'ref_dropout': 0.0, 'ref_block_num': 1, 'add_FFN': 1, 'add_residual': 0, 'rec_all': 0, 'e_layers': 2, 'early_break': 0, 'early_stop': 10, 'lo': 'mainresult/ECL-FEDformer_ori_336_weather.log', '/* model related args*/': '//', 'model_name': 'FEDformer', 'label_len': 48, 'features': 'M', 'target': 'OT', 'graph_input': False, 'individual': False, 'd_layers': 1, 'factor': 1, 'des': 'Exp', 'padding_patch': 'end', 'revin': 1, 'affine': 0, 'subtract_last': 0, 'decomposition': 0, 'kernel_size': 25, 'output_attention': 0, 'embed_type': 0, 'activation': 'gelu', 'distil': 1, 'linear_output': 0, 'pct_start': 0.2, 'num_kernels': 6, 'top_k': 5, 'moving_avg': 25, 'indie': 0, '/*train related args*/': '//', 'epoch': 30, '/*dataset related args*/': '//', 'save_data_path': 'data/ECL/', 'data_process': True, 'embed': 'timeF', 'freq': 'h', 'begin_phase': 0, 'end_phase': 1, 'phase_len': -1, 'val_ratio': 0.33, 'graph_size': 321, '/*strategy related args*/': '//', 'strategy': 'incremental', 'increase': False, 'detect': False, 'detect_strategy': 'feature', 'replay': False, 'replay_strategy': 'random', 'repaly_num_samples': 100, 'ewc': False, 'ewc_strategy': 'ewc', 'ewc_lambda': 0.0001, 'subgraph_train': False, 'num_hops': 2, 'logname': 'ECL-FEDformer', 'time': '2023-09-09-13:12:41.544820', 'path': 'exp/ECL-FEDformer2023-09-09-13:12:41.544820', 'num_workers': 4, 'start_train': 0, 'train_mode': 'pretrain', 'get_score': False, 'use_cm': True, 'logger': <Logger __main__ (INFO)>}
2023-09-09 13:12:41,545 - [*] phase 0 start training
0 52696
36887 5270 10539 0.7 0.2 52696
train 36456
36887 5270 10539 0.7 0.2 52696
val 4935
36887 5270 10539 0.7 0.2 52696
test 10204
2023-09-09 13:12:42,344 - [*] phase 0 Dataset load!
dropout 0.05
dropout 0.05
fourier enhanced block used!
modes=32, index=[0, 1, 2, 3, 6, 7, 8, 9, 10, 12, 13, 15, 16, 17, 19, 22, 23, 24, 26, 27, 28, 30, 31, 34, 37, 39, 40, 43, 44, 45, 46, 47]
fourier enhanced block used!
modes=32, index=[2, 3, 10, 14, 20, 26, 30, 34, 40, 47, 50, 52, 53, 69, 74, 75, 79, 91, 97, 105, 110, 113, 115, 118, 127, 130, 135, 171, 178, 181, 187, 189]
 fourier enhanced cross attention used!
modes_q=32, index_q=[0, 11, 14, 23, 35, 36, 47, 50, 52, 54, 56, 59, 61, 63, 72, 84, 94, 96, 101, 110, 115, 121, 124, 131, 134, 136, 142, 168, 172, 173, 175, 180]
modes_kv=32, index_kv=[0, 1, 2, 3, 5, 6, 7, 9, 12, 13, 15, 16, 17, 19, 25, 26, 27, 30, 32, 33, 34, 35, 36, 37, 38, 39, 41, 42, 43, 44, 45, 46]
0 True None
2023-09-09 13:12:44,216 - logger name:exp/ECL-FEDformer2023-09-09-13:12:44.216543/ECL-FEDformer.log
2023-09-09 13:12:44,216 - params : {'loss': 'huber', 'conf': 'ECL-FEDformer', 'data_name': 'weather', 'iteration': 1, 'train': 0, 'mainrs': 1, 'abl': 0, 'abl_tmp_context': 0, 'abl_ae': 0, 'no_tmp': 0, 'load': False, 'build_graph': False, 'same_init': True, 'grad_norm': False, 'refiner_residual': 0, 'root_path': '', 'exp_path': 'exp/', 'val_test_mix': False, 'lr': 0.0001, 'lradj': 'TST', 'dropout': 0.05, 'fc_dropout': 0.05, 'head_dropout': 0.0, 'patch_len': 16, 'stride': 8, 'd_ff': 512, 'd_model': 128, 'n_heads': 8, 'seq_len': 96, 'pred_len': 720, 'noise_rate': 0.5, 'device': device(type='cuda', index=0), 'test_model_path': '/Disk/fhyega/code/BASE/exp/ECL-PatchTST2023-08-26-13:08:31.837686/0/best_model.pkl', 'idx': -1, 'aligner': 1, 'always_align': 1, 'refiner': 1, 'rec_block_num': 1, 'enhance': 1, 'enhance_type': 5, 'seed': 34, 'batch_size': 64, 'share_head': 0, 'add_noise': 1, 'add_norm': 0, 'jitter_sigma': 0.4, 'slope_rate': 0.01, 'slope_range': 0.2, 'alpha': 10.0, 'beta': 1.0, 'gamma': 0.15, 'feature_jittering': 1, 'rec_intra_feature': 0, 'rec_ori': 1, 'mid_dim': 128, 'test_en': 0, 'debugger': 0, 'summary': 0, 'omega': 1.0, 'theta': 1.5, 'mask_border': 1, 'sup_weight': 10.0, 'rec_length_ratio': 0.8, 'ref_dropout': 0.0, 'ref_block_num': 1, 'add_FFN': 1, 'add_residual': 0, 'rec_all': 0, 'e_layers': 2, 'early_break': 0, 'early_stop': 10, 'lo': 'mainresult/ECL-FEDformer_OURS_720_weather.log', '/* model related args*/': '//', 'model_name': 'FEDformer', 'label_len': 48, 'features': 'M', 'target': 'OT', 'graph_input': False, 'individual': False, 'd_layers': 1, 'factor': 1, 'des': 'Exp', 'padding_patch': 'end', 'revin': 1, 'affine': 0, 'subtract_last': 0, 'decomposition': 0, 'kernel_size': 25, 'output_attention': 0, 'embed_type': 0, 'activation': 'gelu', 'distil': 1, 'linear_output': 0, 'pct_start': 0.2, 'num_kernels': 6, 'top_k': 5, 'moving_avg': 25, 'indie': 0, '/*train related args*/': '//', 'epoch': 30, '/*dataset related args*/': '//', 'save_data_path': 'data/ECL/', 'data_process': True, 'embed': 'timeF', 'freq': 'h', 'begin_phase': 0, 'end_phase': 1, 'phase_len': -1, 'val_ratio': 0.33, 'graph_size': 321, '/*strategy related args*/': '//', 'strategy': 'incremental', 'increase': False, 'detect': False, 'detect_strategy': 'feature', 'replay': False, 'replay_strategy': 'random', 'repaly_num_samples': 100, 'ewc': False, 'ewc_strategy': 'ewc', 'ewc_lambda': 0.0001, 'subgraph_train': False, 'num_hops': 2, 'logname': 'ECL-FEDformer', 'time': '2023-09-09-13:12:44.216543', 'path': 'exp/ECL-FEDformer2023-09-09-13:12:44.216543', 'num_workers': 4, 'start_train': 0, 'train_mode': 'pretrain', 'get_score': False, 'use_cm': True, 'logger': <Logger __main__ (INFO)>}
2023-09-09 13:12:44,217 - [*] phase 0 start training
0 52696
36887 5270 10539 0.7 0.2 52696
train 36072
36887 5270 10539 0.7 0.2 52696
val 4551
36887 5270 10539 0.7 0.2 52696
test 9820
2023-09-09 13:12:45,027 - [*] phase 0 Dataset load!
dropout 0.05
dropout 0.05
fourier enhanced block used!
modes=32, index=[0, 1, 2, 3, 6, 7, 8, 9, 10, 12, 13, 15, 16, 17, 19, 22, 23, 24, 26, 27, 28, 30, 31, 34, 37, 39, 40, 43, 44, 45, 46, 47]
fourier enhanced block used!
modes=32, index=[19, 50, 63, 81, 83, 95, 104, 110, 124, 134, 144, 156, 162, 191, 204, 218, 244, 249, 250, 252, 259, 277, 278, 306, 312, 321, 322, 323, 336, 357, 367, 377]
 fourier enhanced cross attention used!
modes_q=32, index_q=[5, 6, 18, 37, 47, 68, 80, 112, 129, 153, 167, 195, 201, 220, 225, 229, 232, 239, 249, 250, 294, 296, 299, 315, 328, 344, 347, 350, 353, 358, 362, 376]
modes_kv=32, index_kv=[0, 2, 3, 5, 6, 8, 10, 11, 12, 14, 16, 17, 18, 20, 21, 22, 23, 24, 26, 28, 29, 32, 33, 34, 37, 38, 40, 42, 44, 45, 46, 47]
1 True None
2023-09-09 13:12:46,911 - logger name:exp/ECL-FEDformer2023-09-09-13:12:46.911125/ECL-FEDformer.log
2023-09-09 13:12:46,911 - params : {'loss': 'mse', 'conf': 'ECL-FEDformer', 'data_name': 'weather', 'iteration': 1, 'train': 0, 'mainrs': 1, 'abl': 0, 'abl_tmp_context': 0, 'abl_ae': 0, 'no_tmp': 0, 'load': False, 'build_graph': False, 'same_init': True, 'grad_norm': False, 'refiner_residual': 0, 'root_path': '', 'exp_path': 'exp/', 'val_test_mix': False, 'lr': 0.0001, 'lradj': 'TST', 'dropout': 0.05, 'fc_dropout': 0.05, 'head_dropout': 0.0, 'patch_len': 16, 'stride': 8, 'd_ff': 512, 'd_model': 128, 'n_heads': 8, 'seq_len': 96, 'pred_len': 720, 'noise_rate': 0.5, 'device': device(type='cuda', index=0), 'test_model_path': '/Disk/fhyega/code/BASE/exp/ECL-PatchTST2023-08-26-13:08:31.837686/0/best_model.pkl', 'idx': -1, 'aligner': 0, 'always_align': 1, 'refiner': 0, 'rec_block_num': 1, 'enhance': 0, 'enhance_type': 5, 'seed': 34, 'batch_size': 64, 'share_head': 0, 'add_noise': 1, 'add_norm': 0, 'jitter_sigma': 0.4, 'slope_rate': 0.01, 'slope_range': 0.2, 'alpha': 10.0, 'beta': 1.0, 'gamma': 0.15, 'feature_jittering': 1, 'rec_intra_feature': 0, 'rec_ori': 1, 'mid_dim': 128, 'test_en': 0, 'debugger': 0, 'summary': 0, 'omega': 1.0, 'theta': 1.5, 'mask_border': 1, 'sup_weight': 10.0, 'rec_length_ratio': 0.8, 'ref_dropout': 0.0, 'ref_block_num': 1, 'add_FFN': 1, 'add_residual': 0, 'rec_all': 0, 'e_layers': 2, 'early_break': 0, 'early_stop': 10, 'lo': 'mainresult/ECL-FEDformer_ori_720_weather.log', '/* model related args*/': '//', 'model_name': 'FEDformer', 'label_len': 48, 'features': 'M', 'target': 'OT', 'graph_input': False, 'individual': False, 'd_layers': 1, 'factor': 1, 'des': 'Exp', 'padding_patch': 'end', 'revin': 1, 'affine': 0, 'subtract_last': 0, 'decomposition': 0, 'kernel_size': 25, 'output_attention': 0, 'embed_type': 0, 'activation': 'gelu', 'distil': 1, 'linear_output': 0, 'pct_start': 0.2, 'num_kernels': 6, 'top_k': 5, 'moving_avg': 25, 'indie': 0, '/*train related args*/': '//', 'epoch': 30, '/*dataset related args*/': '//', 'save_data_path': 'data/ECL/', 'data_process': True, 'embed': 'timeF', 'freq': 'h', 'begin_phase': 0, 'end_phase': 1, 'phase_len': -1, 'val_ratio': 0.33, 'graph_size': 321, '/*strategy related args*/': '//', 'strategy': 'incremental', 'increase': False, 'detect': False, 'detect_strategy': 'feature', 'replay': False, 'replay_strategy': 'random', 'repaly_num_samples': 100, 'ewc': False, 'ewc_strategy': 'ewc', 'ewc_lambda': 0.0001, 'subgraph_train': False, 'num_hops': 2, 'logname': 'ECL-FEDformer', 'time': '2023-09-09-13:12:46.911125', 'path': 'exp/ECL-FEDformer2023-09-09-13:12:46.911125', 'num_workers': 4, 'start_train': 0, 'train_mode': 'pretrain', 'get_score': False, 'use_cm': True, 'logger': <Logger __main__ (INFO)>}
2023-09-09 13:12:46,911 - [*] phase 0 start training
0 52696
36887 5270 10539 0.7 0.2 52696
train 36072
36887 5270 10539 0.7 0.2 52696
val 4551
36887 5270 10539 0.7 0.2 52696
test 9820
2023-09-09 13:12:47,738 - [*] phase 0 Dataset load!
dropout 0.05
dropout 0.05
fourier enhanced block used!
modes=32, index=[0, 1, 2, 3, 6, 7, 8, 9, 10, 12, 13, 15, 16, 17, 19, 22, 23, 24, 26, 27, 28, 30, 31, 34, 37, 39, 40, 43, 44, 45, 46, 47]
fourier enhanced block used!
modes=32, index=[19, 50, 63, 81, 83, 95, 104, 110, 124, 134, 144, 156, 162, 191, 204, 218, 244, 249, 250, 252, 259, 277, 278, 306, 312, 321, 322, 323, 336, 357, 367, 377]
 fourier enhanced cross attention used!
modes_q=32, index_q=[5, 6, 18, 37, 47, 68, 80, 112, 129, 153, 167, 195, 201, 220, 225, 229, 232, 239, 249, 250, 294, 296, 299, 315, 328, 344, 347, 350, 353, 358, 362, 376]
modes_kv=32, index_kv=[0, 2, 3, 5, 6, 8, 10, 11, 12, 14, 16, 17, 18, 20, 21, 22, 23, 24, 26, 28, 29, 32, 33, 34, 37, 38, 40, 42, 44, 45, 46, 47]
0 True None
2023-09-09 13:12:49,617 - logger name:exp/ECL-FEDformer2023-09-09-13:12:49.617038/ECL-FEDformer.log
2023-09-09 13:12:49,617 - params : {'loss': 'huber', 'conf': 'ECL-FEDformer', 'data_name': 'ETTh2', 'iteration': 1, 'train': 0, 'mainrs': 1, 'abl': 0, 'abl_tmp_context': 0, 'abl_ae': 0, 'no_tmp': 0, 'load': False, 'build_graph': False, 'same_init': True, 'grad_norm': False, 'refiner_residual': 0, 'root_path': '', 'exp_path': 'exp/', 'val_test_mix': False, 'lr': 0.0001, 'lradj': 'TST', 'dropout': 0.05, 'fc_dropout': 0.05, 'head_dropout': 0.0, 'patch_len': 16, 'stride': 8, 'd_ff': 512, 'd_model': 128, 'n_heads': 8, 'seq_len': 96, 'pred_len': 96, 'noise_rate': 0.5, 'device': device(type='cuda', index=0), 'test_model_path': '/Disk/fhyega/code/BASE/exp/ECL-PatchTST2023-08-26-13:08:31.837686/0/best_model.pkl', 'idx': -1, 'aligner': 1, 'always_align': 1, 'refiner': 1, 'rec_block_num': 1, 'enhance': 1, 'enhance_type': 5, 'seed': 34, 'batch_size': 64, 'share_head': 0, 'add_noise': 1, 'add_norm': 0, 'jitter_sigma': 0.4, 'slope_rate': 0.01, 'slope_range': 0.2, 'alpha': 10.0, 'beta': 1.0, 'gamma': 0.15, 'feature_jittering': 1, 'rec_intra_feature': 0, 'rec_ori': 1, 'mid_dim': 128, 'test_en': 0, 'debugger': 0, 'summary': 0, 'omega': 1.0, 'theta': 1.5, 'mask_border': 1, 'sup_weight': 10.0, 'rec_length_ratio': 0.8, 'ref_dropout': 0.0, 'ref_block_num': 1, 'add_FFN': 1, 'add_residual': 0, 'rec_all': 0, 'e_layers': 2, 'early_break': 0, 'early_stop': 10, 'lo': 'mainresult/ECL-FEDformer_OURS_96_ETTh2.log', '/* model related args*/': '//', 'model_name': 'FEDformer', 'label_len': 48, 'features': 'M', 'target': 'OT', 'graph_input': False, 'individual': False, 'd_layers': 1, 'factor': 1, 'des': 'Exp', 'padding_patch': 'end', 'revin': 1, 'affine': 0, 'subtract_last': 0, 'decomposition': 0, 'kernel_size': 25, 'output_attention': 0, 'embed_type': 0, 'activation': 'gelu', 'distil': 1, 'linear_output': 0, 'pct_start': 0.2, 'num_kernels': 6, 'top_k': 5, 'moving_avg': 25, 'indie': 0, '/*train related args*/': '//', 'epoch': 30, '/*dataset related args*/': '//', 'save_data_path': 'data/ECL/', 'data_process': True, 'embed': 'timeF', 'freq': 'h', 'begin_phase': 0, 'end_phase': 1, 'phase_len': -1, 'val_ratio': 0.33, 'graph_size': 321, '/*strategy related args*/': '//', 'strategy': 'incremental', 'increase': False, 'detect': False, 'detect_strategy': 'feature', 'replay': False, 'replay_strategy': 'random', 'repaly_num_samples': 100, 'ewc': False, 'ewc_strategy': 'ewc', 'ewc_lambda': 0.0001, 'subgraph_train': False, 'num_hops': 2, 'logname': 'ECL-FEDformer', 'time': '2023-09-09-13:12:49.617038', 'path': 'exp/ECL-FEDformer2023-09-09-13:12:49.617038', 'num_workers': 4, 'start_train': 0, 'train_mode': 'pretrain', 'get_score': False, 'use_cm': True, 'logger': <Logger __main__ (INFO)>}
2023-09-09 13:12:49,617 - [*] phase 0 start training
0 17420
train 8449
val 2785
test 2785
2023-09-09 13:12:49,820 - [*] phase 0 Dataset load!
dropout 0.05
dropout 0.05
fourier enhanced block used!
modes=32, index=[0, 1, 2, 3, 6, 7, 8, 9, 10, 12, 13, 15, 16, 17, 19, 22, 23, 24, 26, 27, 28, 30, 31, 34, 37, 39, 40, 43, 44, 45, 46, 47]
fourier enhanced block used!
modes=32, index=[2, 3, 4, 7, 10, 12, 14, 15, 16, 18, 22, 24, 25, 28, 32, 33, 40, 43, 45, 47, 50, 51, 53, 54, 55, 59, 60, 61, 65, 67, 68, 71]
 fourier enhanced cross attention used!
modes_q=32, index_q=[1, 2, 5, 7, 10, 11, 13, 14, 18, 19, 20, 24, 26, 28, 29, 30, 31, 34, 35, 42, 44, 47, 50, 58, 59, 61, 62, 63, 64, 66, 69, 70]
modes_kv=32, index_kv=[0, 2, 3, 5, 7, 8, 9, 10, 11, 12, 14, 15, 16, 17, 20, 21, 22, 25, 27, 30, 31, 33, 35, 36, 37, 38, 39, 41, 43, 44, 45, 47]
1 True None
2023-09-09 13:12:51,702 - logger name:exp/ECL-FEDformer2023-09-09-13:12:51.701969/ECL-FEDformer.log
2023-09-09 13:12:51,702 - params : {'loss': 'mse', 'conf': 'ECL-FEDformer', 'data_name': 'ETTh2', 'iteration': 1, 'train': 0, 'mainrs': 1, 'abl': 0, 'abl_tmp_context': 0, 'abl_ae': 0, 'no_tmp': 0, 'load': False, 'build_graph': False, 'same_init': True, 'grad_norm': False, 'refiner_residual': 0, 'root_path': '', 'exp_path': 'exp/', 'val_test_mix': False, 'lr': 0.0001, 'lradj': 'TST', 'dropout': 0.05, 'fc_dropout': 0.05, 'head_dropout': 0.0, 'patch_len': 16, 'stride': 8, 'd_ff': 512, 'd_model': 128, 'n_heads': 8, 'seq_len': 96, 'pred_len': 96, 'noise_rate': 0.5, 'device': device(type='cuda', index=0), 'test_model_path': '/Disk/fhyega/code/BASE/exp/ECL-PatchTST2023-08-26-13:08:31.837686/0/best_model.pkl', 'idx': -1, 'aligner': 0, 'always_align': 1, 'refiner': 0, 'rec_block_num': 1, 'enhance': 0, 'enhance_type': 5, 'seed': 34, 'batch_size': 64, 'share_head': 0, 'add_noise': 1, 'add_norm': 0, 'jitter_sigma': 0.4, 'slope_rate': 0.01, 'slope_range': 0.2, 'alpha': 10.0, 'beta': 1.0, 'gamma': 0.15, 'feature_jittering': 1, 'rec_intra_feature': 0, 'rec_ori': 1, 'mid_dim': 128, 'test_en': 0, 'debugger': 0, 'summary': 0, 'omega': 1.0, 'theta': 1.5, 'mask_border': 1, 'sup_weight': 10.0, 'rec_length_ratio': 0.8, 'ref_dropout': 0.0, 'ref_block_num': 1, 'add_FFN': 1, 'add_residual': 0, 'rec_all': 0, 'e_layers': 2, 'early_break': 0, 'early_stop': 10, 'lo': 'mainresult/ECL-FEDformer_ori_96_ETTh2.log', '/* model related args*/': '//', 'model_name': 'FEDformer', 'label_len': 48, 'features': 'M', 'target': 'OT', 'graph_input': False, 'individual': False, 'd_layers': 1, 'factor': 1, 'des': 'Exp', 'padding_patch': 'end', 'revin': 1, 'affine': 0, 'subtract_last': 0, 'decomposition': 0, 'kernel_size': 25, 'output_attention': 0, 'embed_type': 0, 'activation': 'gelu', 'distil': 1, 'linear_output': 0, 'pct_start': 0.2, 'num_kernels': 6, 'top_k': 5, 'moving_avg': 25, 'indie': 0, '/*train related args*/': '//', 'epoch': 30, '/*dataset related args*/': '//', 'save_data_path': 'data/ECL/', 'data_process': True, 'embed': 'timeF', 'freq': 'h', 'begin_phase': 0, 'end_phase': 1, 'phase_len': -1, 'val_ratio': 0.33, 'graph_size': 321, '/*strategy related args*/': '//', 'strategy': 'incremental', 'increase': False, 'detect': False, 'detect_strategy': 'feature', 'replay': False, 'replay_strategy': 'random', 'repaly_num_samples': 100, 'ewc': False, 'ewc_strategy': 'ewc', 'ewc_lambda': 0.0001, 'subgraph_train': False, 'num_hops': 2, 'logname': 'ECL-FEDformer', 'time': '2023-09-09-13:12:51.701969', 'path': 'exp/ECL-FEDformer2023-09-09-13:12:51.701969', 'num_workers': 4, 'start_train': 0, 'train_mode': 'pretrain', 'get_score': False, 'use_cm': True, 'logger': <Logger __main__ (INFO)>}
2023-09-09 13:12:51,702 - [*] phase 0 start training
0 17420
train 8449
val 2785
test 2785
2023-09-09 13:12:51,904 - [*] phase 0 Dataset load!
dropout 0.05
dropout 0.05
fourier enhanced block used!
modes=32, index=[0, 1, 2, 3, 6, 7, 8, 9, 10, 12, 13, 15, 16, 17, 19, 22, 23, 24, 26, 27, 28, 30, 31, 34, 37, 39, 40, 43, 44, 45, 46, 47]
fourier enhanced block used!
modes=32, index=[2, 3, 4, 7, 10, 12, 14, 15, 16, 18, 22, 24, 25, 28, 32, 33, 40, 43, 45, 47, 50, 51, 53, 54, 55, 59, 60, 61, 65, 67, 68, 71]
 fourier enhanced cross attention used!
modes_q=32, index_q=[1, 2, 5, 7, 10, 11, 13, 14, 18, 19, 20, 24, 26, 28, 29, 30, 31, 34, 35, 42, 44, 47, 50, 58, 59, 61, 62, 63, 64, 66, 69, 70]
modes_kv=32, index_kv=[0, 2, 3, 5, 7, 8, 9, 10, 11, 12, 14, 15, 16, 17, 20, 21, 22, 25, 27, 30, 31, 33, 35, 36, 37, 38, 39, 41, 43, 44, 45, 47]
0 True None
2023-09-09 13:12:53,788 - logger name:exp/ECL-FEDformer2023-09-09-13:12:53.787917/ECL-FEDformer.log
2023-09-09 13:12:53,788 - params : {'loss': 'huber', 'conf': 'ECL-FEDformer', 'data_name': 'ETTh2', 'iteration': 1, 'train': 0, 'mainrs': 1, 'abl': 0, 'abl_tmp_context': 0, 'abl_ae': 0, 'no_tmp': 0, 'load': False, 'build_graph': False, 'same_init': True, 'grad_norm': False, 'refiner_residual': 0, 'root_path': '', 'exp_path': 'exp/', 'val_test_mix': False, 'lr': 0.0001, 'lradj': 'TST', 'dropout': 0.05, 'fc_dropout': 0.05, 'head_dropout': 0.0, 'patch_len': 16, 'stride': 8, 'd_ff': 512, 'd_model': 128, 'n_heads': 8, 'seq_len': 96, 'pred_len': 192, 'noise_rate': 0.5, 'device': device(type='cuda', index=0), 'test_model_path': '/Disk/fhyega/code/BASE/exp/ECL-PatchTST2023-08-26-13:08:31.837686/0/best_model.pkl', 'idx': -1, 'aligner': 1, 'always_align': 1, 'refiner': 1, 'rec_block_num': 1, 'enhance': 1, 'enhance_type': 5, 'seed': 34, 'batch_size': 64, 'share_head': 0, 'add_noise': 1, 'add_norm': 0, 'jitter_sigma': 0.4, 'slope_rate': 0.01, 'slope_range': 0.2, 'alpha': 10.0, 'beta': 1.0, 'gamma': 0.15, 'feature_jittering': 1, 'rec_intra_feature': 0, 'rec_ori': 1, 'mid_dim': 128, 'test_en': 0, 'debugger': 0, 'summary': 0, 'omega': 1.0, 'theta': 1.5, 'mask_border': 1, 'sup_weight': 10.0, 'rec_length_ratio': 0.8, 'ref_dropout': 0.0, 'ref_block_num': 1, 'add_FFN': 1, 'add_residual': 0, 'rec_all': 0, 'e_layers': 2, 'early_break': 0, 'early_stop': 10, 'lo': 'mainresult/ECL-FEDformer_OURS_192_ETTh2.log', '/* model related args*/': '//', 'model_name': 'FEDformer', 'label_len': 48, 'features': 'M', 'target': 'OT', 'graph_input': False, 'individual': False, 'd_layers': 1, 'factor': 1, 'des': 'Exp', 'padding_patch': 'end', 'revin': 1, 'affine': 0, 'subtract_last': 0, 'decomposition': 0, 'kernel_size': 25, 'output_attention': 0, 'embed_type': 0, 'activation': 'gelu', 'distil': 1, 'linear_output': 0, 'pct_start': 0.2, 'num_kernels': 6, 'top_k': 5, 'moving_avg': 25, 'indie': 0, '/*train related args*/': '//', 'epoch': 30, '/*dataset related args*/': '//', 'save_data_path': 'data/ECL/', 'data_process': True, 'embed': 'timeF', 'freq': 'h', 'begin_phase': 0, 'end_phase': 1, 'phase_len': -1, 'val_ratio': 0.33, 'graph_size': 321, '/*strategy related args*/': '//', 'strategy': 'incremental', 'increase': False, 'detect': False, 'detect_strategy': 'feature', 'replay': False, 'replay_strategy': 'random', 'repaly_num_samples': 100, 'ewc': False, 'ewc_strategy': 'ewc', 'ewc_lambda': 0.0001, 'subgraph_train': False, 'num_hops': 2, 'logname': 'ECL-FEDformer', 'time': '2023-09-09-13:12:53.787917', 'path': 'exp/ECL-FEDformer2023-09-09-13:12:53.787917', 'num_workers': 4, 'start_train': 0, 'train_mode': 'pretrain', 'get_score': False, 'use_cm': True, 'logger': <Logger __main__ (INFO)>}
2023-09-09 13:12:53,788 - [*] phase 0 start training
0 17420
train 8353
val 2689
test 2689
2023-09-09 13:12:53,989 - [*] phase 0 Dataset load!
dropout 0.05
dropout 0.05
fourier enhanced block used!
modes=32, index=[0, 1, 2, 3, 6, 7, 8, 9, 10, 12, 13, 15, 16, 17, 19, 22, 23, 24, 26, 27, 28, 30, 31, 34, 37, 39, 40, 43, 44, 45, 46, 47]
fourier enhanced block used!
modes=32, index=[2, 7, 10, 12, 26, 30, 32, 33, 34, 41, 46, 47, 50, 51, 52, 55, 56, 68, 69, 71, 74, 75, 78, 82, 83, 85, 92, 97, 108, 110, 111, 114]
 fourier enhanced cross attention used!
modes_q=32, index_q=[0, 2, 6, 14, 16, 17, 20, 27, 30, 36, 49, 50, 51, 59, 60, 61, 67, 73, 75, 76, 77, 79, 82, 84, 85, 92, 96, 103, 105, 107, 112, 114]
modes_kv=32, index_kv=[1, 3, 7, 8, 9, 11, 13, 15, 17, 21, 23, 24, 25, 26, 27, 29, 30, 32, 33, 34, 35, 36, 37, 38, 39, 40, 41, 42, 43, 44, 45, 47]
1 True None
2023-09-09 13:12:55,867 - logger name:exp/ECL-FEDformer2023-09-09-13:12:55.867103/ECL-FEDformer.log
2023-09-09 13:12:55,867 - params : {'loss': 'mse', 'conf': 'ECL-FEDformer', 'data_name': 'ETTh2', 'iteration': 1, 'train': 0, 'mainrs': 1, 'abl': 0, 'abl_tmp_context': 0, 'abl_ae': 0, 'no_tmp': 0, 'load': False, 'build_graph': False, 'same_init': True, 'grad_norm': False, 'refiner_residual': 0, 'root_path': '', 'exp_path': 'exp/', 'val_test_mix': False, 'lr': 0.0001, 'lradj': 'TST', 'dropout': 0.05, 'fc_dropout': 0.05, 'head_dropout': 0.0, 'patch_len': 16, 'stride': 8, 'd_ff': 512, 'd_model': 128, 'n_heads': 8, 'seq_len': 96, 'pred_len': 192, 'noise_rate': 0.5, 'device': device(type='cuda', index=0), 'test_model_path': '/Disk/fhyega/code/BASE/exp/ECL-PatchTST2023-08-26-13:08:31.837686/0/best_model.pkl', 'idx': -1, 'aligner': 0, 'always_align': 1, 'refiner': 0, 'rec_block_num': 1, 'enhance': 0, 'enhance_type': 5, 'seed': 34, 'batch_size': 64, 'share_head': 0, 'add_noise': 1, 'add_norm': 0, 'jitter_sigma': 0.4, 'slope_rate': 0.01, 'slope_range': 0.2, 'alpha': 10.0, 'beta': 1.0, 'gamma': 0.15, 'feature_jittering': 1, 'rec_intra_feature': 0, 'rec_ori': 1, 'mid_dim': 128, 'test_en': 0, 'debugger': 0, 'summary': 0, 'omega': 1.0, 'theta': 1.5, 'mask_border': 1, 'sup_weight': 10.0, 'rec_length_ratio': 0.8, 'ref_dropout': 0.0, 'ref_block_num': 1, 'add_FFN': 1, 'add_residual': 0, 'rec_all': 0, 'e_layers': 2, 'early_break': 0, 'early_stop': 10, 'lo': 'mainresult/ECL-FEDformer_ori_192_ETTh2.log', '/* model related args*/': '//', 'model_name': 'FEDformer', 'label_len': 48, 'features': 'M', 'target': 'OT', 'graph_input': False, 'individual': False, 'd_layers': 1, 'factor': 1, 'des': 'Exp', 'padding_patch': 'end', 'revin': 1, 'affine': 0, 'subtract_last': 0, 'decomposition': 0, 'kernel_size': 25, 'output_attention': 0, 'embed_type': 0, 'activation': 'gelu', 'distil': 1, 'linear_output': 0, 'pct_start': 0.2, 'num_kernels': 6, 'top_k': 5, 'moving_avg': 25, 'indie': 0, '/*train related args*/': '//', 'epoch': 30, '/*dataset related args*/': '//', 'save_data_path': 'data/ECL/', 'data_process': True, 'embed': 'timeF', 'freq': 'h', 'begin_phase': 0, 'end_phase': 1, 'phase_len': -1, 'val_ratio': 0.33, 'graph_size': 321, '/*strategy related args*/': '//', 'strategy': 'incremental', 'increase': False, 'detect': False, 'detect_strategy': 'feature', 'replay': False, 'replay_strategy': 'random', 'repaly_num_samples': 100, 'ewc': False, 'ewc_strategy': 'ewc', 'ewc_lambda': 0.0001, 'subgraph_train': False, 'num_hops': 2, 'logname': 'ECL-FEDformer', 'time': '2023-09-09-13:12:55.867103', 'path': 'exp/ECL-FEDformer2023-09-09-13:12:55.867103', 'num_workers': 4, 'start_train': 0, 'train_mode': 'pretrain', 'get_score': False, 'use_cm': True, 'logger': <Logger __main__ (INFO)>}
2023-09-09 13:12:55,867 - [*] phase 0 start training
0 17420
train 8353
val 2689
test 2689
2023-09-09 13:12:56,068 - [*] phase 0 Dataset load!
dropout 0.05
dropout 0.05
fourier enhanced block used!
modes=32, index=[0, 1, 2, 3, 6, 7, 8, 9, 10, 12, 13, 15, 16, 17, 19, 22, 23, 24, 26, 27, 28, 30, 31, 34, 37, 39, 40, 43, 44, 45, 46, 47]
fourier enhanced block used!
modes=32, index=[2, 7, 10, 12, 26, 30, 32, 33, 34, 41, 46, 47, 50, 51, 52, 55, 56, 68, 69, 71, 74, 75, 78, 82, 83, 85, 92, 97, 108, 110, 111, 114]
 fourier enhanced cross attention used!
modes_q=32, index_q=[0, 2, 6, 14, 16, 17, 20, 27, 30, 36, 49, 50, 51, 59, 60, 61, 67, 73, 75, 76, 77, 79, 82, 84, 85, 92, 96, 103, 105, 107, 112, 114]
modes_kv=32, index_kv=[1, 3, 7, 8, 9, 11, 13, 15, 17, 21, 23, 24, 25, 26, 27, 29, 30, 32, 33, 34, 35, 36, 37, 38, 39, 40, 41, 42, 43, 44, 45, 47]
0 True None
2023-09-09 13:12:57,959 - logger name:exp/ECL-FEDformer2023-09-09-13:12:57.959355/ECL-FEDformer.log
2023-09-09 13:12:57,959 - params : {'loss': 'huber', 'conf': 'ECL-FEDformer', 'data_name': 'ETTh2', 'iteration': 1, 'train': 0, 'mainrs': 1, 'abl': 0, 'abl_tmp_context': 0, 'abl_ae': 0, 'no_tmp': 0, 'load': False, 'build_graph': False, 'same_init': True, 'grad_norm': False, 'refiner_residual': 0, 'root_path': '', 'exp_path': 'exp/', 'val_test_mix': False, 'lr': 0.0001, 'lradj': 'TST', 'dropout': 0.05, 'fc_dropout': 0.05, 'head_dropout': 0.0, 'patch_len': 16, 'stride': 8, 'd_ff': 512, 'd_model': 128, 'n_heads': 8, 'seq_len': 96, 'pred_len': 336, 'noise_rate': 0.5, 'device': device(type='cuda', index=0), 'test_model_path': '/Disk/fhyega/code/BASE/exp/ECL-PatchTST2023-08-26-13:08:31.837686/0/best_model.pkl', 'idx': -1, 'aligner': 1, 'always_align': 1, 'refiner': 1, 'rec_block_num': 1, 'enhance': 1, 'enhance_type': 5, 'seed': 34, 'batch_size': 64, 'share_head': 0, 'add_noise': 1, 'add_norm': 0, 'jitter_sigma': 0.4, 'slope_rate': 0.01, 'slope_range': 0.2, 'alpha': 10.0, 'beta': 1.0, 'gamma': 0.15, 'feature_jittering': 1, 'rec_intra_feature': 0, 'rec_ori': 1, 'mid_dim': 128, 'test_en': 0, 'debugger': 0, 'summary': 0, 'omega': 1.0, 'theta': 1.5, 'mask_border': 1, 'sup_weight': 10.0, 'rec_length_ratio': 0.8, 'ref_dropout': 0.0, 'ref_block_num': 1, 'add_FFN': 1, 'add_residual': 0, 'rec_all': 0, 'e_layers': 2, 'early_break': 0, 'early_stop': 10, 'lo': 'mainresult/ECL-FEDformer_OURS_336_ETTh2.log', '/* model related args*/': '//', 'model_name': 'FEDformer', 'label_len': 48, 'features': 'M', 'target': 'OT', 'graph_input': False, 'individual': False, 'd_layers': 1, 'factor': 1, 'des': 'Exp', 'padding_patch': 'end', 'revin': 1, 'affine': 0, 'subtract_last': 0, 'decomposition': 0, 'kernel_size': 25, 'output_attention': 0, 'embed_type': 0, 'activation': 'gelu', 'distil': 1, 'linear_output': 0, 'pct_start': 0.2, 'num_kernels': 6, 'top_k': 5, 'moving_avg': 25, 'indie': 0, '/*train related args*/': '//', 'epoch': 30, '/*dataset related args*/': '//', 'save_data_path': 'data/ECL/', 'data_process': True, 'embed': 'timeF', 'freq': 'h', 'begin_phase': 0, 'end_phase': 1, 'phase_len': -1, 'val_ratio': 0.33, 'graph_size': 321, '/*strategy related args*/': '//', 'strategy': 'incremental', 'increase': False, 'detect': False, 'detect_strategy': 'feature', 'replay': False, 'replay_strategy': 'random', 'repaly_num_samples': 100, 'ewc': False, 'ewc_strategy': 'ewc', 'ewc_lambda': 0.0001, 'subgraph_train': False, 'num_hops': 2, 'logname': 'ECL-FEDformer', 'time': '2023-09-09-13:12:57.959355', 'path': 'exp/ECL-FEDformer2023-09-09-13:12:57.959355', 'num_workers': 4, 'start_train': 0, 'train_mode': 'pretrain', 'get_score': False, 'use_cm': True, 'logger': <Logger __main__ (INFO)>}
2023-09-09 13:12:57,959 - [*] phase 0 start training
0 17420
train 8209
val 2545
test 2545
2023-09-09 13:12:58,161 - [*] phase 0 Dataset load!
dropout 0.05
dropout 0.05
fourier enhanced block used!
modes=32, index=[0, 1, 2, 3, 6, 7, 8, 9, 10, 12, 13, 15, 16, 17, 19, 22, 23, 24, 26, 27, 28, 30, 31, 34, 37, 39, 40, 43, 44, 45, 46, 47]
fourier enhanced block used!
modes=32, index=[2, 3, 10, 14, 20, 26, 30, 34, 40, 47, 50, 52, 53, 69, 74, 75, 79, 91, 97, 105, 110, 113, 115, 118, 127, 130, 135, 171, 178, 181, 187, 189]
 fourier enhanced cross attention used!
modes_q=32, index_q=[0, 11, 14, 23, 35, 36, 47, 50, 52, 54, 56, 59, 61, 63, 72, 84, 94, 96, 101, 110, 115, 121, 124, 131, 134, 136, 142, 168, 172, 173, 175, 180]
modes_kv=32, index_kv=[0, 1, 2, 3, 5, 6, 7, 9, 12, 13, 15, 16, 17, 19, 25, 26, 27, 30, 32, 33, 34, 35, 36, 37, 38, 39, 41, 42, 43, 44, 45, 46]
1 True None
2023-09-09 13:13:00,040 - logger name:exp/ECL-FEDformer2023-09-09-13:13:00.040359/ECL-FEDformer.log
2023-09-09 13:13:00,040 - params : {'loss': 'mse', 'conf': 'ECL-FEDformer', 'data_name': 'ETTh2', 'iteration': 1, 'train': 0, 'mainrs': 1, 'abl': 0, 'abl_tmp_context': 0, 'abl_ae': 0, 'no_tmp': 0, 'load': False, 'build_graph': False, 'same_init': True, 'grad_norm': False, 'refiner_residual': 0, 'root_path': '', 'exp_path': 'exp/', 'val_test_mix': False, 'lr': 0.0001, 'lradj': 'TST', 'dropout': 0.05, 'fc_dropout': 0.05, 'head_dropout': 0.0, 'patch_len': 16, 'stride': 8, 'd_ff': 512, 'd_model': 128, 'n_heads': 8, 'seq_len': 96, 'pred_len': 336, 'noise_rate': 0.5, 'device': device(type='cuda', index=0), 'test_model_path': '/Disk/fhyega/code/BASE/exp/ECL-PatchTST2023-08-26-13:08:31.837686/0/best_model.pkl', 'idx': -1, 'aligner': 0, 'always_align': 1, 'refiner': 0, 'rec_block_num': 1, 'enhance': 0, 'enhance_type': 5, 'seed': 34, 'batch_size': 64, 'share_head': 0, 'add_noise': 1, 'add_norm': 0, 'jitter_sigma': 0.4, 'slope_rate': 0.01, 'slope_range': 0.2, 'alpha': 10.0, 'beta': 1.0, 'gamma': 0.15, 'feature_jittering': 1, 'rec_intra_feature': 0, 'rec_ori': 1, 'mid_dim': 128, 'test_en': 0, 'debugger': 0, 'summary': 0, 'omega': 1.0, 'theta': 1.5, 'mask_border': 1, 'sup_weight': 10.0, 'rec_length_ratio': 0.8, 'ref_dropout': 0.0, 'ref_block_num': 1, 'add_FFN': 1, 'add_residual': 0, 'rec_all': 0, 'e_layers': 2, 'early_break': 0, 'early_stop': 10, 'lo': 'mainresult/ECL-FEDformer_ori_336_ETTh2.log', '/* model related args*/': '//', 'model_name': 'FEDformer', 'label_len': 48, 'features': 'M', 'target': 'OT', 'graph_input': False, 'individual': False, 'd_layers': 1, 'factor': 1, 'des': 'Exp', 'padding_patch': 'end', 'revin': 1, 'affine': 0, 'subtract_last': 0, 'decomposition': 0, 'kernel_size': 25, 'output_attention': 0, 'embed_type': 0, 'activation': 'gelu', 'distil': 1, 'linear_output': 0, 'pct_start': 0.2, 'num_kernels': 6, 'top_k': 5, 'moving_avg': 25, 'indie': 0, '/*train related args*/': '//', 'epoch': 30, '/*dataset related args*/': '//', 'save_data_path': 'data/ECL/', 'data_process': True, 'embed': 'timeF', 'freq': 'h', 'begin_phase': 0, 'end_phase': 1, 'phase_len': -1, 'val_ratio': 0.33, 'graph_size': 321, '/*strategy related args*/': '//', 'strategy': 'incremental', 'increase': False, 'detect': False, 'detect_strategy': 'feature', 'replay': False, 'replay_strategy': 'random', 'repaly_num_samples': 100, 'ewc': False, 'ewc_strategy': 'ewc', 'ewc_lambda': 0.0001, 'subgraph_train': False, 'num_hops': 2, 'logname': 'ECL-FEDformer', 'time': '2023-09-09-13:13:00.040359', 'path': 'exp/ECL-FEDformer2023-09-09-13:13:00.040359', 'num_workers': 4, 'start_train': 0, 'train_mode': 'pretrain', 'get_score': False, 'use_cm': True, 'logger': <Logger __main__ (INFO)>}
2023-09-09 13:13:00,040 - [*] phase 0 start training
0 17420
train 8209
val 2545
test 2545
2023-09-09 13:13:00,243 - [*] phase 0 Dataset load!
dropout 0.05
dropout 0.05
fourier enhanced block used!
modes=32, index=[0, 1, 2, 3, 6, 7, 8, 9, 10, 12, 13, 15, 16, 17, 19, 22, 23, 24, 26, 27, 28, 30, 31, 34, 37, 39, 40, 43, 44, 45, 46, 47]
fourier enhanced block used!
modes=32, index=[2, 3, 10, 14, 20, 26, 30, 34, 40, 47, 50, 52, 53, 69, 74, 75, 79, 91, 97, 105, 110, 113, 115, 118, 127, 130, 135, 171, 178, 181, 187, 189]
 fourier enhanced cross attention used!
modes_q=32, index_q=[0, 11, 14, 23, 35, 36, 47, 50, 52, 54, 56, 59, 61, 63, 72, 84, 94, 96, 101, 110, 115, 121, 124, 131, 134, 136, 142, 168, 172, 173, 175, 180]
modes_kv=32, index_kv=[0, 1, 2, 3, 5, 6, 7, 9, 12, 13, 15, 16, 17, 19, 25, 26, 27, 30, 32, 33, 34, 35, 36, 37, 38, 39, 41, 42, 43, 44, 45, 46]
0 True None
2023-09-09 13:13:02,122 - logger name:exp/ECL-FEDformer2023-09-09-13:13:02.122053/ECL-FEDformer.log
2023-09-09 13:13:02,122 - params : {'loss': 'huber', 'conf': 'ECL-FEDformer', 'data_name': 'ETTh2', 'iteration': 1, 'train': 0, 'mainrs': 1, 'abl': 0, 'abl_tmp_context': 0, 'abl_ae': 0, 'no_tmp': 0, 'load': False, 'build_graph': False, 'same_init': True, 'grad_norm': False, 'refiner_residual': 0, 'root_path': '', 'exp_path': 'exp/', 'val_test_mix': False, 'lr': 0.0001, 'lradj': 'TST', 'dropout': 0.05, 'fc_dropout': 0.05, 'head_dropout': 0.0, 'patch_len': 16, 'stride': 8, 'd_ff': 512, 'd_model': 128, 'n_heads': 8, 'seq_len': 96, 'pred_len': 720, 'noise_rate': 0.5, 'device': device(type='cuda', index=0), 'test_model_path': '/Disk/fhyega/code/BASE/exp/ECL-PatchTST2023-08-26-13:08:31.837686/0/best_model.pkl', 'idx': -1, 'aligner': 1, 'always_align': 1, 'refiner': 1, 'rec_block_num': 1, 'enhance': 1, 'enhance_type': 5, 'seed': 34, 'batch_size': 64, 'share_head': 0, 'add_noise': 1, 'add_norm': 0, 'jitter_sigma': 0.4, 'slope_rate': 0.01, 'slope_range': 0.2, 'alpha': 10.0, 'beta': 1.0, 'gamma': 0.15, 'feature_jittering': 1, 'rec_intra_feature': 0, 'rec_ori': 1, 'mid_dim': 128, 'test_en': 0, 'debugger': 0, 'summary': 0, 'omega': 1.0, 'theta': 1.5, 'mask_border': 1, 'sup_weight': 10.0, 'rec_length_ratio': 0.8, 'ref_dropout': 0.0, 'ref_block_num': 1, 'add_FFN': 1, 'add_residual': 0, 'rec_all': 0, 'e_layers': 2, 'early_break': 0, 'early_stop': 10, 'lo': 'mainresult/ECL-FEDformer_OURS_720_ETTh2.log', '/* model related args*/': '//', 'model_name': 'FEDformer', 'label_len': 48, 'features': 'M', 'target': 'OT', 'graph_input': False, 'individual': False, 'd_layers': 1, 'factor': 1, 'des': 'Exp', 'padding_patch': 'end', 'revin': 1, 'affine': 0, 'subtract_last': 0, 'decomposition': 0, 'kernel_size': 25, 'output_attention': 0, 'embed_type': 0, 'activation': 'gelu', 'distil': 1, 'linear_output': 0, 'pct_start': 0.2, 'num_kernels': 6, 'top_k': 5, 'moving_avg': 25, 'indie': 0, '/*train related args*/': '//', 'epoch': 30, '/*dataset related args*/': '//', 'save_data_path': 'data/ECL/', 'data_process': True, 'embed': 'timeF', 'freq': 'h', 'begin_phase': 0, 'end_phase': 1, 'phase_len': -1, 'val_ratio': 0.33, 'graph_size': 321, '/*strategy related args*/': '//', 'strategy': 'incremental', 'increase': False, 'detect': False, 'detect_strategy': 'feature', 'replay': False, 'replay_strategy': 'random', 'repaly_num_samples': 100, 'ewc': False, 'ewc_strategy': 'ewc', 'ewc_lambda': 0.0001, 'subgraph_train': False, 'num_hops': 2, 'logname': 'ECL-FEDformer', 'time': '2023-09-09-13:13:02.122053', 'path': 'exp/ECL-FEDformer2023-09-09-13:13:02.122053', 'num_workers': 4, 'start_train': 0, 'train_mode': 'pretrain', 'get_score': False, 'use_cm': True, 'logger': <Logger __main__ (INFO)>}
2023-09-09 13:13:02,122 - [*] phase 0 start training
0 17420
train 7825
val 2161
test 2161
2023-09-09 13:13:02,324 - [*] phase 0 Dataset load!
dropout 0.05
dropout 0.05
fourier enhanced block used!
modes=32, index=[0, 1, 2, 3, 6, 7, 8, 9, 10, 12, 13, 15, 16, 17, 19, 22, 23, 24, 26, 27, 28, 30, 31, 34, 37, 39, 40, 43, 44, 45, 46, 47]
fourier enhanced block used!
modes=32, index=[19, 50, 63, 81, 83, 95, 104, 110, 124, 134, 144, 156, 162, 191, 204, 218, 244, 249, 250, 252, 259, 277, 278, 306, 312, 321, 322, 323, 336, 357, 367, 377]
 fourier enhanced cross attention used!
modes_q=32, index_q=[5, 6, 18, 37, 47, 68, 80, 112, 129, 153, 167, 195, 201, 220, 225, 229, 232, 239, 249, 250, 294, 296, 299, 315, 328, 344, 347, 350, 353, 358, 362, 376]
modes_kv=32, index_kv=[0, 2, 3, 5, 6, 8, 10, 11, 12, 14, 16, 17, 18, 20, 21, 22, 23, 24, 26, 28, 29, 32, 33, 34, 37, 38, 40, 42, 44, 45, 46, 47]
1 True None
2023-09-09 13:13:04,193 - logger name:exp/ECL-FEDformer2023-09-09-13:13:04.193450/ECL-FEDformer.log
2023-09-09 13:13:04,193 - params : {'loss': 'mse', 'conf': 'ECL-FEDformer', 'data_name': 'ETTh2', 'iteration': 1, 'train': 0, 'mainrs': 1, 'abl': 0, 'abl_tmp_context': 0, 'abl_ae': 0, 'no_tmp': 0, 'load': False, 'build_graph': False, 'same_init': True, 'grad_norm': False, 'refiner_residual': 0, 'root_path': '', 'exp_path': 'exp/', 'val_test_mix': False, 'lr': 0.0001, 'lradj': 'TST', 'dropout': 0.05, 'fc_dropout': 0.05, 'head_dropout': 0.0, 'patch_len': 16, 'stride': 8, 'd_ff': 512, 'd_model': 128, 'n_heads': 8, 'seq_len': 96, 'pred_len': 720, 'noise_rate': 0.5, 'device': device(type='cuda', index=0), 'test_model_path': '/Disk/fhyega/code/BASE/exp/ECL-PatchTST2023-08-26-13:08:31.837686/0/best_model.pkl', 'idx': -1, 'aligner': 0, 'always_align': 1, 'refiner': 0, 'rec_block_num': 1, 'enhance': 0, 'enhance_type': 5, 'seed': 34, 'batch_size': 64, 'share_head': 0, 'add_noise': 1, 'add_norm': 0, 'jitter_sigma': 0.4, 'slope_rate': 0.01, 'slope_range': 0.2, 'alpha': 10.0, 'beta': 1.0, 'gamma': 0.15, 'feature_jittering': 1, 'rec_intra_feature': 0, 'rec_ori': 1, 'mid_dim': 128, 'test_en': 0, 'debugger': 0, 'summary': 0, 'omega': 1.0, 'theta': 1.5, 'mask_border': 1, 'sup_weight': 10.0, 'rec_length_ratio': 0.8, 'ref_dropout': 0.0, 'ref_block_num': 1, 'add_FFN': 1, 'add_residual': 0, 'rec_all': 0, 'e_layers': 2, 'early_break': 0, 'early_stop': 10, 'lo': 'mainresult/ECL-FEDformer_ori_720_ETTh2.log', '/* model related args*/': '//', 'model_name': 'FEDformer', 'label_len': 48, 'features': 'M', 'target': 'OT', 'graph_input': False, 'individual': False, 'd_layers': 1, 'factor': 1, 'des': 'Exp', 'padding_patch': 'end', 'revin': 1, 'affine': 0, 'subtract_last': 0, 'decomposition': 0, 'kernel_size': 25, 'output_attention': 0, 'embed_type': 0, 'activation': 'gelu', 'distil': 1, 'linear_output': 0, 'pct_start': 0.2, 'num_kernels': 6, 'top_k': 5, 'moving_avg': 25, 'indie': 0, '/*train related args*/': '//', 'epoch': 30, '/*dataset related args*/': '//', 'save_data_path': 'data/ECL/', 'data_process': True, 'embed': 'timeF', 'freq': 'h', 'begin_phase': 0, 'end_phase': 1, 'phase_len': -1, 'val_ratio': 0.33, 'graph_size': 321, '/*strategy related args*/': '//', 'strategy': 'incremental', 'increase': False, 'detect': False, 'detect_strategy': 'feature', 'replay': False, 'replay_strategy': 'random', 'repaly_num_samples': 100, 'ewc': False, 'ewc_strategy': 'ewc', 'ewc_lambda': 0.0001, 'subgraph_train': False, 'num_hops': 2, 'logname': 'ECL-FEDformer', 'time': '2023-09-09-13:13:04.193450', 'path': 'exp/ECL-FEDformer2023-09-09-13:13:04.193450', 'num_workers': 4, 'start_train': 0, 'train_mode': 'pretrain', 'get_score': False, 'use_cm': True, 'logger': <Logger __main__ (INFO)>}
2023-09-09 13:13:04,194 - [*] phase 0 start training
0 17420
train 7825
val 2161
test 2161
2023-09-09 13:13:04,395 - [*] phase 0 Dataset load!
dropout 0.05
dropout 0.05
fourier enhanced block used!
modes=32, index=[0, 1, 2, 3, 6, 7, 8, 9, 10, 12, 13, 15, 16, 17, 19, 22, 23, 24, 26, 27, 28, 30, 31, 34, 37, 39, 40, 43, 44, 45, 46, 47]
fourier enhanced block used!
modes=32, index=[19, 50, 63, 81, 83, 95, 104, 110, 124, 134, 144, 156, 162, 191, 204, 218, 244, 249, 250, 252, 259, 277, 278, 306, 312, 321, 322, 323, 336, 357, 367, 377]
 fourier enhanced cross attention used!
modes_q=32, index_q=[5, 6, 18, 37, 47, 68, 80, 112, 129, 153, 167, 195, 201, 220, 225, 229, 232, 239, 249, 250, 294, 296, 299, 315, 328, 344, 347, 350, 353, 358, 362, 376]
modes_kv=32, index_kv=[0, 2, 3, 5, 6, 8, 10, 11, 12, 14, 16, 17, 18, 20, 21, 22, 23, 24, 26, 28, 29, 32, 33, 34, 37, 38, 40, 42, 44, 45, 46, 47]
0 True None
2023-09-09 13:13:06,273 - logger name:exp/ECL-Autoformer2023-09-09-13:13:06.272904/ECL-Autoformer.log
2023-09-09 13:13:06,273 - params : {'loss': 'huber', 'conf': 'ECL-Autoformer', 'data_name': 'weather', 'iteration': 1, 'train': 0, 'mainrs': 1, 'abl': 0, 'abl_tmp_context': 0, 'abl_ae': 0, 'no_tmp': 0, 'load': False, 'build_graph': False, 'same_init': True, 'grad_norm': False, 'refiner_residual': 0, 'root_path': '', 'exp_path': 'exp/', 'val_test_mix': False, 'lr': 0.0001, 'lradj': 'TST', 'dropout': 0.05, 'fc_dropout': 0.05, 'head_dropout': 0.0, 'patch_len': 16, 'stride': 8, 'd_ff': 512, 'd_model': 128, 'n_heads': 8, 'seq_len': 96, 'pred_len': 96, 'noise_rate': 0.5, 'device': device(type='cuda', index=0), 'test_model_path': '/Disk/fhyega/code/BASE/exp/ECL-PatchTST2023-08-26-13:08:31.837686/0/best_model.pkl', 'idx': -1, 'aligner': 1, 'always_align': 1, 'refiner': 1, 'rec_block_num': 1, 'enhance': 1, 'enhance_type': 5, 'seed': 34, 'batch_size': 64, 'share_head': 0, 'add_noise': 1, 'add_norm': 0, 'jitter_sigma': 0.4, 'slope_rate': 0.01, 'slope_range': 0.2, 'alpha': 10.0, 'beta': 1.0, 'gamma': 0.15, 'feature_jittering': 1, 'rec_intra_feature': 0, 'rec_ori': 1, 'mid_dim': 128, 'test_en': 0, 'debugger': 0, 'summary': 0, 'omega': 1.0, 'theta': 1.5, 'mask_border': 1, 'sup_weight': 10.0, 'rec_length_ratio': 0.8, 'ref_dropout': 0.0, 'ref_block_num': 1, 'add_FFN': 1, 'add_residual': 0, 'rec_all': 0, 'e_layers': 2, 'early_break': 0, 'early_stop': 10, 'lo': 'mainresult/ECL-Autoformer_OURS_96_weather.log', '/* model related args*/': '//', 'model_name': 'Autoformer', 'label_len': 48, 'features': 'M', 'target': 'OT', 'graph_input': False, 'individual': False, 'd_layers': 1, 'factor': 3, 'des': 'Exp', 'padding_patch': 'end', 'revin': 1, 'affine': 0, 'subtract_last': 0, 'decomposition': 0, 'kernel_size': 25, 'output_attention': 0, 'embed_type': 0, 'activation': 'gelu', 'distil': 1, 'linear_output': 0, 'pct_start': 0.3, 'moving_avg': 25, 'indie': 0, '/*train related args*/': '//', 'epoch': 30, '/*dataset related args*/': '//', 'save_data_path': 'data/ECL/', 'data_process': False, 'embed': 'timeF', 'freq': 'h', 'begin_phase': 0, 'end_phase': 1, 'phase_len': 26304, 'val_ratio': 0.33, 'graph_size': 321, '/*strategy related args*/': '//', 'strategy': 'incremental', 'increase': False, 'detect': False, 'detect_strategy': 'feature', 'replay': False, 'replay_strategy': 'random', 'repaly_num_samples': 100, 'ewc': False, 'ewc_strategy': 'ewc', 'ewc_lambda': 0.0001, 'subgraph_train': False, 'num_hops': 2, 'logname': 'ECL-Autoformer', 'time': '2023-09-09-13:13:06.272904', 'path': 'exp/ECL-Autoformer2023-09-09-13:13:06.272904', 'num_workers': 4, 'start_train': 0, 'train_mode': 'pretrain', 'get_score': False, 'use_cm': True, 'logger': <Logger __main__ (INFO)>}
2023-09-09 13:13:06,273 - [*] phase 0 start training
36887 5270 10539 0.7 0.2 52696
train 36696
36887 5270 10539 0.7 0.2 52696
val 5175
36887 5270 10539 0.7 0.2 52696
test 10444
2023-09-09 13:13:06,556 - [*] phase 0 Dataset load!
1 True None
2023-09-09 13:13:08,430 - logger name:exp/ECL-Autoformer2023-09-09-13:13:08.430358/ECL-Autoformer.log
2023-09-09 13:13:08,430 - params : {'loss': 'mse', 'conf': 'ECL-Autoformer', 'data_name': 'weather', 'iteration': 1, 'train': 0, 'mainrs': 1, 'abl': 0, 'abl_tmp_context': 0, 'abl_ae': 0, 'no_tmp': 0, 'load': False, 'build_graph': False, 'same_init': True, 'grad_norm': False, 'refiner_residual': 0, 'root_path': '', 'exp_path': 'exp/', 'val_test_mix': False, 'lr': 0.0001, 'lradj': 'TST', 'dropout': 0.05, 'fc_dropout': 0.05, 'head_dropout': 0.0, 'patch_len': 16, 'stride': 8, 'd_ff': 512, 'd_model': 128, 'n_heads': 8, 'seq_len': 96, 'pred_len': 96, 'noise_rate': 0.5, 'device': device(type='cuda', index=0), 'test_model_path': '/Disk/fhyega/code/BASE/exp/ECL-PatchTST2023-08-26-13:08:31.837686/0/best_model.pkl', 'idx': -1, 'aligner': 0, 'always_align': 1, 'refiner': 0, 'rec_block_num': 1, 'enhance': 0, 'enhance_type': 5, 'seed': 34, 'batch_size': 64, 'share_head': 0, 'add_noise': 1, 'add_norm': 0, 'jitter_sigma': 0.4, 'slope_rate': 0.01, 'slope_range': 0.2, 'alpha': 10.0, 'beta': 1.0, 'gamma': 0.15, 'feature_jittering': 1, 'rec_intra_feature': 0, 'rec_ori': 1, 'mid_dim': 128, 'test_en': 0, 'debugger': 0, 'summary': 0, 'omega': 1.0, 'theta': 1.5, 'mask_border': 1, 'sup_weight': 10.0, 'rec_length_ratio': 0.8, 'ref_dropout': 0.0, 'ref_block_num': 1, 'add_FFN': 1, 'add_residual': 0, 'rec_all': 0, 'e_layers': 2, 'early_break': 0, 'early_stop': 10, 'lo': 'mainresult/ECL-Autoformer_ori_96_weather.log', '/* model related args*/': '//', 'model_name': 'Autoformer', 'label_len': 48, 'features': 'M', 'target': 'OT', 'graph_input': False, 'individual': False, 'd_layers': 1, 'factor': 3, 'des': 'Exp', 'padding_patch': 'end', 'revin': 1, 'affine': 0, 'subtract_last': 0, 'decomposition': 0, 'kernel_size': 25, 'output_attention': 0, 'embed_type': 0, 'activation': 'gelu', 'distil': 1, 'linear_output': 0, 'pct_start': 0.3, 'moving_avg': 25, 'indie': 0, '/*train related args*/': '//', 'epoch': 30, '/*dataset related args*/': '//', 'save_data_path': 'data/ECL/', 'data_process': False, 'embed': 'timeF', 'freq': 'h', 'begin_phase': 0, 'end_phase': 1, 'phase_len': 26304, 'val_ratio': 0.33, 'graph_size': 321, '/*strategy related args*/': '//', 'strategy': 'incremental', 'increase': False, 'detect': False, 'detect_strategy': 'feature', 'replay': False, 'replay_strategy': 'random', 'repaly_num_samples': 100, 'ewc': False, 'ewc_strategy': 'ewc', 'ewc_lambda': 0.0001, 'subgraph_train': False, 'num_hops': 2, 'logname': 'ECL-Autoformer', 'time': '2023-09-09-13:13:08.430358', 'path': 'exp/ECL-Autoformer2023-09-09-13:13:08.430358', 'num_workers': 4, 'start_train': 0, 'train_mode': 'pretrain', 'get_score': False, 'use_cm': True, 'logger': <Logger __main__ (INFO)>}
2023-09-09 13:13:08,430 - [*] phase 0 start training
36887 5270 10539 0.7 0.2 52696
train 36696
36887 5270 10539 0.7 0.2 52696
val 5175
36887 5270 10539 0.7 0.2 52696
test 10444
2023-09-09 13:13:08,715 - [*] phase 0 Dataset load!
0 True None
2023-09-09 13:13:10,592 - logger name:exp/ECL-Autoformer2023-09-09-13:13:10.592672/ECL-Autoformer.log
2023-09-09 13:13:10,593 - params : {'loss': 'huber', 'conf': 'ECL-Autoformer', 'data_name': 'weather', 'iteration': 1, 'train': 0, 'mainrs': 1, 'abl': 0, 'abl_tmp_context': 0, 'abl_ae': 0, 'no_tmp': 0, 'load': False, 'build_graph': False, 'same_init': True, 'grad_norm': False, 'refiner_residual': 0, 'root_path': '', 'exp_path': 'exp/', 'val_test_mix': False, 'lr': 0.0001, 'lradj': 'TST', 'dropout': 0.05, 'fc_dropout': 0.05, 'head_dropout': 0.0, 'patch_len': 16, 'stride': 8, 'd_ff': 512, 'd_model': 128, 'n_heads': 8, 'seq_len': 96, 'pred_len': 192, 'noise_rate': 0.5, 'device': device(type='cuda', index=0), 'test_model_path': '/Disk/fhyega/code/BASE/exp/ECL-PatchTST2023-08-26-13:08:31.837686/0/best_model.pkl', 'idx': -1, 'aligner': 1, 'always_align': 1, 'refiner': 1, 'rec_block_num': 1, 'enhance': 1, 'enhance_type': 5, 'seed': 34, 'batch_size': 64, 'share_head': 0, 'add_noise': 1, 'add_norm': 0, 'jitter_sigma': 0.4, 'slope_rate': 0.01, 'slope_range': 0.2, 'alpha': 10.0, 'beta': 1.0, 'gamma': 0.15, 'feature_jittering': 1, 'rec_intra_feature': 0, 'rec_ori': 1, 'mid_dim': 128, 'test_en': 0, 'debugger': 0, 'summary': 0, 'omega': 1.0, 'theta': 1.5, 'mask_border': 1, 'sup_weight': 10.0, 'rec_length_ratio': 0.8, 'ref_dropout': 0.0, 'ref_block_num': 1, 'add_FFN': 1, 'add_residual': 0, 'rec_all': 0, 'e_layers': 2, 'early_break': 0, 'early_stop': 10, 'lo': 'mainresult/ECL-Autoformer_OURS_192_weather.log', '/* model related args*/': '//', 'model_name': 'Autoformer', 'label_len': 48, 'features': 'M', 'target': 'OT', 'graph_input': False, 'individual': False, 'd_layers': 1, 'factor': 3, 'des': 'Exp', 'padding_patch': 'end', 'revin': 1, 'affine': 0, 'subtract_last': 0, 'decomposition': 0, 'kernel_size': 25, 'output_attention': 0, 'embed_type': 0, 'activation': 'gelu', 'distil': 1, 'linear_output': 0, 'pct_start': 0.3, 'moving_avg': 25, 'indie': 0, '/*train related args*/': '//', 'epoch': 30, '/*dataset related args*/': '//', 'save_data_path': 'data/ECL/', 'data_process': False, 'embed': 'timeF', 'freq': 'h', 'begin_phase': 0, 'end_phase': 1, 'phase_len': 26304, 'val_ratio': 0.33, 'graph_size': 321, '/*strategy related args*/': '//', 'strategy': 'incremental', 'increase': False, 'detect': False, 'detect_strategy': 'feature', 'replay': False, 'replay_strategy': 'random', 'repaly_num_samples': 100, 'ewc': False, 'ewc_strategy': 'ewc', 'ewc_lambda': 0.0001, 'subgraph_train': False, 'num_hops': 2, 'logname': 'ECL-Autoformer', 'time': '2023-09-09-13:13:10.592672', 'path': 'exp/ECL-Autoformer2023-09-09-13:13:10.592672', 'num_workers': 4, 'start_train': 0, 'train_mode': 'pretrain', 'get_score': False, 'use_cm': True, 'logger': <Logger __main__ (INFO)>}
2023-09-09 13:13:10,593 - [*] phase 0 start training
36887 5270 10539 0.7 0.2 52696
train 36600
36887 5270 10539 0.7 0.2 52696
val 5079
36887 5270 10539 0.7 0.2 52696
test 10348
2023-09-09 13:13:10,877 - [*] phase 0 Dataset load!
1 True None
2023-09-09 13:13:12,762 - logger name:exp/ECL-Autoformer2023-09-09-13:13:12.762451/ECL-Autoformer.log
2023-09-09 13:13:12,762 - params : {'loss': 'mse', 'conf': 'ECL-Autoformer', 'data_name': 'weather', 'iteration': 1, 'train': 0, 'mainrs': 1, 'abl': 0, 'abl_tmp_context': 0, 'abl_ae': 0, 'no_tmp': 0, 'load': False, 'build_graph': False, 'same_init': True, 'grad_norm': False, 'refiner_residual': 0, 'root_path': '', 'exp_path': 'exp/', 'val_test_mix': False, 'lr': 0.0001, 'lradj': 'TST', 'dropout': 0.05, 'fc_dropout': 0.05, 'head_dropout': 0.0, 'patch_len': 16, 'stride': 8, 'd_ff': 512, 'd_model': 128, 'n_heads': 8, 'seq_len': 96, 'pred_len': 192, 'noise_rate': 0.5, 'device': device(type='cuda', index=0), 'test_model_path': '/Disk/fhyega/code/BASE/exp/ECL-PatchTST2023-08-26-13:08:31.837686/0/best_model.pkl', 'idx': -1, 'aligner': 0, 'always_align': 1, 'refiner': 0, 'rec_block_num': 1, 'enhance': 0, 'enhance_type': 5, 'seed': 34, 'batch_size': 64, 'share_head': 0, 'add_noise': 1, 'add_norm': 0, 'jitter_sigma': 0.4, 'slope_rate': 0.01, 'slope_range': 0.2, 'alpha': 10.0, 'beta': 1.0, 'gamma': 0.15, 'feature_jittering': 1, 'rec_intra_feature': 0, 'rec_ori': 1, 'mid_dim': 128, 'test_en': 0, 'debugger': 0, 'summary': 0, 'omega': 1.0, 'theta': 1.5, 'mask_border': 1, 'sup_weight': 10.0, 'rec_length_ratio': 0.8, 'ref_dropout': 0.0, 'ref_block_num': 1, 'add_FFN': 1, 'add_residual': 0, 'rec_all': 0, 'e_layers': 2, 'early_break': 0, 'early_stop': 10, 'lo': 'mainresult/ECL-Autoformer_ori_192_weather.log', '/* model related args*/': '//', 'model_name': 'Autoformer', 'label_len': 48, 'features': 'M', 'target': 'OT', 'graph_input': False, 'individual': False, 'd_layers': 1, 'factor': 3, 'des': 'Exp', 'padding_patch': 'end', 'revin': 1, 'affine': 0, 'subtract_last': 0, 'decomposition': 0, 'kernel_size': 25, 'output_attention': 0, 'embed_type': 0, 'activation': 'gelu', 'distil': 1, 'linear_output': 0, 'pct_start': 0.3, 'moving_avg': 25, 'indie': 0, '/*train related args*/': '//', 'epoch': 30, '/*dataset related args*/': '//', 'save_data_path': 'data/ECL/', 'data_process': False, 'embed': 'timeF', 'freq': 'h', 'begin_phase': 0, 'end_phase': 1, 'phase_len': 26304, 'val_ratio': 0.33, 'graph_size': 321, '/*strategy related args*/': '//', 'strategy': 'incremental', 'increase': False, 'detect': False, 'detect_strategy': 'feature', 'replay': False, 'replay_strategy': 'random', 'repaly_num_samples': 100, 'ewc': False, 'ewc_strategy': 'ewc', 'ewc_lambda': 0.0001, 'subgraph_train': False, 'num_hops': 2, 'logname': 'ECL-Autoformer', 'time': '2023-09-09-13:13:12.762451', 'path': 'exp/ECL-Autoformer2023-09-09-13:13:12.762451', 'num_workers': 4, 'start_train': 0, 'train_mode': 'pretrain', 'get_score': False, 'use_cm': True, 'logger': <Logger __main__ (INFO)>}
2023-09-09 13:13:12,763 - [*] phase 0 start training
36887 5270 10539 0.7 0.2 52696
train 36600
36887 5270 10539 0.7 0.2 52696
val 5079
36887 5270 10539 0.7 0.2 52696
test 10348
2023-09-09 13:13:13,046 - [*] phase 0 Dataset load!
0 True None
2023-09-09 13:13:14,948 - logger name:exp/ECL-Autoformer2023-09-09-13:13:14.947970/ECL-Autoformer.log
2023-09-09 13:13:14,948 - params : {'loss': 'huber', 'conf': 'ECL-Autoformer', 'data_name': 'weather', 'iteration': 1, 'train': 0, 'mainrs': 1, 'abl': 0, 'abl_tmp_context': 0, 'abl_ae': 0, 'no_tmp': 0, 'load': False, 'build_graph': False, 'same_init': True, 'grad_norm': False, 'refiner_residual': 0, 'root_path': '', 'exp_path': 'exp/', 'val_test_mix': False, 'lr': 0.0001, 'lradj': 'TST', 'dropout': 0.05, 'fc_dropout': 0.05, 'head_dropout': 0.0, 'patch_len': 16, 'stride': 8, 'd_ff': 512, 'd_model': 128, 'n_heads': 8, 'seq_len': 96, 'pred_len': 336, 'noise_rate': 0.5, 'device': device(type='cuda', index=0), 'test_model_path': '/Disk/fhyega/code/BASE/exp/ECL-PatchTST2023-08-26-13:08:31.837686/0/best_model.pkl', 'idx': -1, 'aligner': 1, 'always_align': 1, 'refiner': 1, 'rec_block_num': 1, 'enhance': 1, 'enhance_type': 5, 'seed': 34, 'batch_size': 64, 'share_head': 0, 'add_noise': 1, 'add_norm': 0, 'jitter_sigma': 0.4, 'slope_rate': 0.01, 'slope_range': 0.2, 'alpha': 10.0, 'beta': 1.0, 'gamma': 0.15, 'feature_jittering': 1, 'rec_intra_feature': 0, 'rec_ori': 1, 'mid_dim': 128, 'test_en': 0, 'debugger': 0, 'summary': 0, 'omega': 1.0, 'theta': 1.5, 'mask_border': 1, 'sup_weight': 10.0, 'rec_length_ratio': 0.8, 'ref_dropout': 0.0, 'ref_block_num': 1, 'add_FFN': 1, 'add_residual': 0, 'rec_all': 0, 'e_layers': 2, 'early_break': 0, 'early_stop': 10, 'lo': 'mainresult/ECL-Autoformer_OURS_336_weather.log', '/* model related args*/': '//', 'model_name': 'Autoformer', 'label_len': 48, 'features': 'M', 'target': 'OT', 'graph_input': False, 'individual': False, 'd_layers': 1, 'factor': 3, 'des': 'Exp', 'padding_patch': 'end', 'revin': 1, 'affine': 0, 'subtract_last': 0, 'decomposition': 0, 'kernel_size': 25, 'output_attention': 0, 'embed_type': 0, 'activation': 'gelu', 'distil': 1, 'linear_output': 0, 'pct_start': 0.3, 'moving_avg': 25, 'indie': 0, '/*train related args*/': '//', 'epoch': 30, '/*dataset related args*/': '//', 'save_data_path': 'data/ECL/', 'data_process': False, 'embed': 'timeF', 'freq': 'h', 'begin_phase': 0, 'end_phase': 1, 'phase_len': 26304, 'val_ratio': 0.33, 'graph_size': 321, '/*strategy related args*/': '//', 'strategy': 'incremental', 'increase': False, 'detect': False, 'detect_strategy': 'feature', 'replay': False, 'replay_strategy': 'random', 'repaly_num_samples': 100, 'ewc': False, 'ewc_strategy': 'ewc', 'ewc_lambda': 0.0001, 'subgraph_train': False, 'num_hops': 2, 'logname': 'ECL-Autoformer', 'time': '2023-09-09-13:13:14.947970', 'path': 'exp/ECL-Autoformer2023-09-09-13:13:14.947970', 'num_workers': 4, 'start_train': 0, 'train_mode': 'pretrain', 'get_score': False, 'use_cm': True, 'logger': <Logger __main__ (INFO)>}
2023-09-09 13:13:14,948 - [*] phase 0 start training
36887 5270 10539 0.7 0.2 52696
train 36456
36887 5270 10539 0.7 0.2 52696
val 4935
36887 5270 10539 0.7 0.2 52696
test 10204
2023-09-09 13:13:15,234 - [*] phase 0 Dataset load!
1 True None
2023-09-09 13:13:17,118 - logger name:exp/ECL-Autoformer2023-09-09-13:13:17.118531/ECL-Autoformer.log
2023-09-09 13:13:17,118 - params : {'loss': 'mse', 'conf': 'ECL-Autoformer', 'data_name': 'weather', 'iteration': 1, 'train': 0, 'mainrs': 1, 'abl': 0, 'abl_tmp_context': 0, 'abl_ae': 0, 'no_tmp': 0, 'load': False, 'build_graph': False, 'same_init': True, 'grad_norm': False, 'refiner_residual': 0, 'root_path': '', 'exp_path': 'exp/', 'val_test_mix': False, 'lr': 0.0001, 'lradj': 'TST', 'dropout': 0.05, 'fc_dropout': 0.05, 'head_dropout': 0.0, 'patch_len': 16, 'stride': 8, 'd_ff': 512, 'd_model': 128, 'n_heads': 8, 'seq_len': 96, 'pred_len': 336, 'noise_rate': 0.5, 'device': device(type='cuda', index=0), 'test_model_path': '/Disk/fhyega/code/BASE/exp/ECL-PatchTST2023-08-26-13:08:31.837686/0/best_model.pkl', 'idx': -1, 'aligner': 0, 'always_align': 1, 'refiner': 0, 'rec_block_num': 1, 'enhance': 0, 'enhance_type': 5, 'seed': 34, 'batch_size': 64, 'share_head': 0, 'add_noise': 1, 'add_norm': 0, 'jitter_sigma': 0.4, 'slope_rate': 0.01, 'slope_range': 0.2, 'alpha': 10.0, 'beta': 1.0, 'gamma': 0.15, 'feature_jittering': 1, 'rec_intra_feature': 0, 'rec_ori': 1, 'mid_dim': 128, 'test_en': 0, 'debugger': 0, 'summary': 0, 'omega': 1.0, 'theta': 1.5, 'mask_border': 1, 'sup_weight': 10.0, 'rec_length_ratio': 0.8, 'ref_dropout': 0.0, 'ref_block_num': 1, 'add_FFN': 1, 'add_residual': 0, 'rec_all': 0, 'e_layers': 2, 'early_break': 0, 'early_stop': 10, 'lo': 'mainresult/ECL-Autoformer_ori_336_weather.log', '/* model related args*/': '//', 'model_name': 'Autoformer', 'label_len': 48, 'features': 'M', 'target': 'OT', 'graph_input': False, 'individual': False, 'd_layers': 1, 'factor': 3, 'des': 'Exp', 'padding_patch': 'end', 'revin': 1, 'affine': 0, 'subtract_last': 0, 'decomposition': 0, 'kernel_size': 25, 'output_attention': 0, 'embed_type': 0, 'activation': 'gelu', 'distil': 1, 'linear_output': 0, 'pct_start': 0.3, 'moving_avg': 25, 'indie': 0, '/*train related args*/': '//', 'epoch': 30, '/*dataset related args*/': '//', 'save_data_path': 'data/ECL/', 'data_process': False, 'embed': 'timeF', 'freq': 'h', 'begin_phase': 0, 'end_phase': 1, 'phase_len': 26304, 'val_ratio': 0.33, 'graph_size': 321, '/*strategy related args*/': '//', 'strategy': 'incremental', 'increase': False, 'detect': False, 'detect_strategy': 'feature', 'replay': False, 'replay_strategy': 'random', 'repaly_num_samples': 100, 'ewc': False, 'ewc_strategy': 'ewc', 'ewc_lambda': 0.0001, 'subgraph_train': False, 'num_hops': 2, 'logname': 'ECL-Autoformer', 'time': '2023-09-09-13:13:17.118531', 'path': 'exp/ECL-Autoformer2023-09-09-13:13:17.118531', 'num_workers': 4, 'start_train': 0, 'train_mode': 'pretrain', 'get_score': False, 'use_cm': True, 'logger': <Logger __main__ (INFO)>}
2023-09-09 13:13:17,119 - [*] phase 0 start training
36887 5270 10539 0.7 0.2 52696
train 36456
36887 5270 10539 0.7 0.2 52696
val 4935
36887 5270 10539 0.7 0.2 52696
test 10204
2023-09-09 13:13:17,404 - [*] phase 0 Dataset load!
0 True None
2023-09-09 13:13:19,270 - logger name:exp/ECL-Autoformer2023-09-09-13:13:19.270098/ECL-Autoformer.log
2023-09-09 13:13:19,270 - params : {'loss': 'huber', 'conf': 'ECL-Autoformer', 'data_name': 'weather', 'iteration': 1, 'train': 0, 'mainrs': 1, 'abl': 0, 'abl_tmp_context': 0, 'abl_ae': 0, 'no_tmp': 0, 'load': False, 'build_graph': False, 'same_init': True, 'grad_norm': False, 'refiner_residual': 0, 'root_path': '', 'exp_path': 'exp/', 'val_test_mix': False, 'lr': 0.0001, 'lradj': 'TST', 'dropout': 0.05, 'fc_dropout': 0.05, 'head_dropout': 0.0, 'patch_len': 16, 'stride': 8, 'd_ff': 512, 'd_model': 128, 'n_heads': 8, 'seq_len': 96, 'pred_len': 720, 'noise_rate': 0.5, 'device': device(type='cuda', index=0), 'test_model_path': '/Disk/fhyega/code/BASE/exp/ECL-PatchTST2023-08-26-13:08:31.837686/0/best_model.pkl', 'idx': -1, 'aligner': 1, 'always_align': 1, 'refiner': 1, 'rec_block_num': 1, 'enhance': 1, 'enhance_type': 5, 'seed': 34, 'batch_size': 64, 'share_head': 0, 'add_noise': 1, 'add_norm': 0, 'jitter_sigma': 0.4, 'slope_rate': 0.01, 'slope_range': 0.2, 'alpha': 10.0, 'beta': 1.0, 'gamma': 0.15, 'feature_jittering': 1, 'rec_intra_feature': 0, 'rec_ori': 1, 'mid_dim': 128, 'test_en': 0, 'debugger': 0, 'summary': 0, 'omega': 1.0, 'theta': 1.5, 'mask_border': 1, 'sup_weight': 10.0, 'rec_length_ratio': 0.8, 'ref_dropout': 0.0, 'ref_block_num': 1, 'add_FFN': 1, 'add_residual': 0, 'rec_all': 0, 'e_layers': 2, 'early_break': 0, 'early_stop': 10, 'lo': 'mainresult/ECL-Autoformer_OURS_720_weather.log', '/* model related args*/': '//', 'model_name': 'Autoformer', 'label_len': 48, 'features': 'M', 'target': 'OT', 'graph_input': False, 'individual': False, 'd_layers': 1, 'factor': 3, 'des': 'Exp', 'padding_patch': 'end', 'revin': 1, 'affine': 0, 'subtract_last': 0, 'decomposition': 0, 'kernel_size': 25, 'output_attention': 0, 'embed_type': 0, 'activation': 'gelu', 'distil': 1, 'linear_output': 0, 'pct_start': 0.3, 'moving_avg': 25, 'indie': 0, '/*train related args*/': '//', 'epoch': 30, '/*dataset related args*/': '//', 'save_data_path': 'data/ECL/', 'data_process': False, 'embed': 'timeF', 'freq': 'h', 'begin_phase': 0, 'end_phase': 1, 'phase_len': 26304, 'val_ratio': 0.33, 'graph_size': 321, '/*strategy related args*/': '//', 'strategy': 'incremental', 'increase': False, 'detect': False, 'detect_strategy': 'feature', 'replay': False, 'replay_strategy': 'random', 'repaly_num_samples': 100, 'ewc': False, 'ewc_strategy': 'ewc', 'ewc_lambda': 0.0001, 'subgraph_train': False, 'num_hops': 2, 'logname': 'ECL-Autoformer', 'time': '2023-09-09-13:13:19.270098', 'path': 'exp/ECL-Autoformer2023-09-09-13:13:19.270098', 'num_workers': 4, 'start_train': 0, 'train_mode': 'pretrain', 'get_score': False, 'use_cm': True, 'logger': <Logger __main__ (INFO)>}
2023-09-09 13:13:19,270 - [*] phase 0 start training
36887 5270 10539 0.7 0.2 52696
train 36072
36887 5270 10539 0.7 0.2 52696
val 4551
36887 5270 10539 0.7 0.2 52696
test 9820
2023-09-09 13:13:19,555 - [*] phase 0 Dataset load!
1 True None
2023-09-09 13:13:21,433 - logger name:exp/ECL-Autoformer2023-09-09-13:13:21.432914/ECL-Autoformer.log
2023-09-09 13:13:21,433 - params : {'loss': 'mse', 'conf': 'ECL-Autoformer', 'data_name': 'weather', 'iteration': 1, 'train': 0, 'mainrs': 1, 'abl': 0, 'abl_tmp_context': 0, 'abl_ae': 0, 'no_tmp': 0, 'load': False, 'build_graph': False, 'same_init': True, 'grad_norm': False, 'refiner_residual': 0, 'root_path': '', 'exp_path': 'exp/', 'val_test_mix': False, 'lr': 0.0001, 'lradj': 'TST', 'dropout': 0.05, 'fc_dropout': 0.05, 'head_dropout': 0.0, 'patch_len': 16, 'stride': 8, 'd_ff': 512, 'd_model': 128, 'n_heads': 8, 'seq_len': 96, 'pred_len': 720, 'noise_rate': 0.5, 'device': device(type='cuda', index=0), 'test_model_path': '/Disk/fhyega/code/BASE/exp/ECL-PatchTST2023-08-26-13:08:31.837686/0/best_model.pkl', 'idx': -1, 'aligner': 0, 'always_align': 1, 'refiner': 0, 'rec_block_num': 1, 'enhance': 0, 'enhance_type': 5, 'seed': 34, 'batch_size': 64, 'share_head': 0, 'add_noise': 1, 'add_norm': 0, 'jitter_sigma': 0.4, 'slope_rate': 0.01, 'slope_range': 0.2, 'alpha': 10.0, 'beta': 1.0, 'gamma': 0.15, 'feature_jittering': 1, 'rec_intra_feature': 0, 'rec_ori': 1, 'mid_dim': 128, 'test_en': 0, 'debugger': 0, 'summary': 0, 'omega': 1.0, 'theta': 1.5, 'mask_border': 1, 'sup_weight': 10.0, 'rec_length_ratio': 0.8, 'ref_dropout': 0.0, 'ref_block_num': 1, 'add_FFN': 1, 'add_residual': 0, 'rec_all': 0, 'e_layers': 2, 'early_break': 0, 'early_stop': 10, 'lo': 'mainresult/ECL-Autoformer_ori_720_weather.log', '/* model related args*/': '//', 'model_name': 'Autoformer', 'label_len': 48, 'features': 'M', 'target': 'OT', 'graph_input': False, 'individual': False, 'd_layers': 1, 'factor': 3, 'des': 'Exp', 'padding_patch': 'end', 'revin': 1, 'affine': 0, 'subtract_last': 0, 'decomposition': 0, 'kernel_size': 25, 'output_attention': 0, 'embed_type': 0, 'activation': 'gelu', 'distil': 1, 'linear_output': 0, 'pct_start': 0.3, 'moving_avg': 25, 'indie': 0, '/*train related args*/': '//', 'epoch': 30, '/*dataset related args*/': '//', 'save_data_path': 'data/ECL/', 'data_process': False, 'embed': 'timeF', 'freq': 'h', 'begin_phase': 0, 'end_phase': 1, 'phase_len': 26304, 'val_ratio': 0.33, 'graph_size': 321, '/*strategy related args*/': '//', 'strategy': 'incremental', 'increase': False, 'detect': False, 'detect_strategy': 'feature', 'replay': False, 'replay_strategy': 'random', 'repaly_num_samples': 100, 'ewc': False, 'ewc_strategy': 'ewc', 'ewc_lambda': 0.0001, 'subgraph_train': False, 'num_hops': 2, 'logname': 'ECL-Autoformer', 'time': '2023-09-09-13:13:21.432914', 'path': 'exp/ECL-Autoformer2023-09-09-13:13:21.432914', 'num_workers': 4, 'start_train': 0, 'train_mode': 'pretrain', 'get_score': False, 'use_cm': True, 'logger': <Logger __main__ (INFO)>}
2023-09-09 13:13:21,433 - [*] phase 0 start training
36887 5270 10539 0.7 0.2 52696
train 36072
36887 5270 10539 0.7 0.2 52696
val 4551
36887 5270 10539 0.7 0.2 52696
test 9820
2023-09-09 13:13:21,716 - [*] phase 0 Dataset load!
0 True None
2023-09-09 13:13:23,586 - logger name:exp/ECL-Autoformer2023-09-09-13:13:23.586578/ECL-Autoformer.log
2023-09-09 13:13:23,587 - params : {'loss': 'huber', 'conf': 'ECL-Autoformer', 'data_name': 'ETTh2', 'iteration': 1, 'train': 0, 'mainrs': 1, 'abl': 0, 'abl_tmp_context': 0, 'abl_ae': 0, 'no_tmp': 0, 'load': False, 'build_graph': False, 'same_init': True, 'grad_norm': False, 'refiner_residual': 0, 'root_path': '', 'exp_path': 'exp/', 'val_test_mix': False, 'lr': 0.0001, 'lradj': 'TST', 'dropout': 0.05, 'fc_dropout': 0.05, 'head_dropout': 0.0, 'patch_len': 16, 'stride': 8, 'd_ff': 512, 'd_model': 128, 'n_heads': 8, 'seq_len': 96, 'pred_len': 96, 'noise_rate': 0.5, 'device': device(type='cuda', index=0), 'test_model_path': '/Disk/fhyega/code/BASE/exp/ECL-PatchTST2023-08-26-13:08:31.837686/0/best_model.pkl', 'idx': -1, 'aligner': 1, 'always_align': 1, 'refiner': 1, 'rec_block_num': 1, 'enhance': 1, 'enhance_type': 5, 'seed': 34, 'batch_size': 64, 'share_head': 0, 'add_noise': 1, 'add_norm': 0, 'jitter_sigma': 0.4, 'slope_rate': 0.01, 'slope_range': 0.2, 'alpha': 10.0, 'beta': 1.0, 'gamma': 0.15, 'feature_jittering': 1, 'rec_intra_feature': 0, 'rec_ori': 1, 'mid_dim': 128, 'test_en': 0, 'debugger': 0, 'summary': 0, 'omega': 1.0, 'theta': 1.5, 'mask_border': 1, 'sup_weight': 10.0, 'rec_length_ratio': 0.8, 'ref_dropout': 0.0, 'ref_block_num': 1, 'add_FFN': 1, 'add_residual': 0, 'rec_all': 0, 'e_layers': 2, 'early_break': 0, 'early_stop': 10, 'lo': 'mainresult/ECL-Autoformer_OURS_96_ETTh2.log', '/* model related args*/': '//', 'model_name': 'Autoformer', 'label_len': 48, 'features': 'M', 'target': 'OT', 'graph_input': False, 'individual': False, 'd_layers': 1, 'factor': 3, 'des': 'Exp', 'padding_patch': 'end', 'revin': 1, 'affine': 0, 'subtract_last': 0, 'decomposition': 0, 'kernel_size': 25, 'output_attention': 0, 'embed_type': 0, 'activation': 'gelu', 'distil': 1, 'linear_output': 0, 'pct_start': 0.3, 'moving_avg': 25, 'indie': 0, '/*train related args*/': '//', 'epoch': 30, '/*dataset related args*/': '//', 'save_data_path': 'data/ECL/', 'data_process': False, 'embed': 'timeF', 'freq': 'h', 'begin_phase': 0, 'end_phase': 1, 'phase_len': 26304, 'val_ratio': 0.33, 'graph_size': 321, '/*strategy related args*/': '//', 'strategy': 'incremental', 'increase': False, 'detect': False, 'detect_strategy': 'feature', 'replay': False, 'replay_strategy': 'random', 'repaly_num_samples': 100, 'ewc': False, 'ewc_strategy': 'ewc', 'ewc_lambda': 0.0001, 'subgraph_train': False, 'num_hops': 2, 'logname': 'ECL-Autoformer', 'time': '2023-09-09-13:13:23.586578', 'path': 'exp/ECL-Autoformer2023-09-09-13:13:23.586578', 'num_workers': 4, 'start_train': 0, 'train_mode': 'pretrain', 'get_score': False, 'use_cm': True, 'logger': <Logger __main__ (INFO)>}
2023-09-09 13:13:23,587 - [*] phase 0 start training
train 8449
val 2785
test 2785
2023-09-09 13:13:23,662 - [*] phase 0 Dataset load!
1 True None
2023-09-09 13:13:25,532 - logger name:exp/ECL-Autoformer2023-09-09-13:13:25.532070/ECL-Autoformer.log
2023-09-09 13:13:25,532 - params : {'loss': 'mse', 'conf': 'ECL-Autoformer', 'data_name': 'ETTh2', 'iteration': 1, 'train': 0, 'mainrs': 1, 'abl': 0, 'abl_tmp_context': 0, 'abl_ae': 0, 'no_tmp': 0, 'load': False, 'build_graph': False, 'same_init': True, 'grad_norm': False, 'refiner_residual': 0, 'root_path': '', 'exp_path': 'exp/', 'val_test_mix': False, 'lr': 0.0001, 'lradj': 'TST', 'dropout': 0.05, 'fc_dropout': 0.05, 'head_dropout': 0.0, 'patch_len': 16, 'stride': 8, 'd_ff': 512, 'd_model': 128, 'n_heads': 8, 'seq_len': 96, 'pred_len': 96, 'noise_rate': 0.5, 'device': device(type='cuda', index=0), 'test_model_path': '/Disk/fhyega/code/BASE/exp/ECL-PatchTST2023-08-26-13:08:31.837686/0/best_model.pkl', 'idx': -1, 'aligner': 0, 'always_align': 1, 'refiner': 0, 'rec_block_num': 1, 'enhance': 0, 'enhance_type': 5, 'seed': 34, 'batch_size': 64, 'share_head': 0, 'add_noise': 1, 'add_norm': 0, 'jitter_sigma': 0.4, 'slope_rate': 0.01, 'slope_range': 0.2, 'alpha': 10.0, 'beta': 1.0, 'gamma': 0.15, 'feature_jittering': 1, 'rec_intra_feature': 0, 'rec_ori': 1, 'mid_dim': 128, 'test_en': 0, 'debugger': 0, 'summary': 0, 'omega': 1.0, 'theta': 1.5, 'mask_border': 1, 'sup_weight': 10.0, 'rec_length_ratio': 0.8, 'ref_dropout': 0.0, 'ref_block_num': 1, 'add_FFN': 1, 'add_residual': 0, 'rec_all': 0, 'e_layers': 2, 'early_break': 0, 'early_stop': 10, 'lo': 'mainresult/ECL-Autoformer_ori_96_ETTh2.log', '/* model related args*/': '//', 'model_name': 'Autoformer', 'label_len': 48, 'features': 'M', 'target': 'OT', 'graph_input': False, 'individual': False, 'd_layers': 1, 'factor': 3, 'des': 'Exp', 'padding_patch': 'end', 'revin': 1, 'affine': 0, 'subtract_last': 0, 'decomposition': 0, 'kernel_size': 25, 'output_attention': 0, 'embed_type': 0, 'activation': 'gelu', 'distil': 1, 'linear_output': 0, 'pct_start': 0.3, 'moving_avg': 25, 'indie': 0, '/*train related args*/': '//', 'epoch': 30, '/*dataset related args*/': '//', 'save_data_path': 'data/ECL/', 'data_process': False, 'embed': 'timeF', 'freq': 'h', 'begin_phase': 0, 'end_phase': 1, 'phase_len': 26304, 'val_ratio': 0.33, 'graph_size': 321, '/*strategy related args*/': '//', 'strategy': 'incremental', 'increase': False, 'detect': False, 'detect_strategy': 'feature', 'replay': False, 'replay_strategy': 'random', 'repaly_num_samples': 100, 'ewc': False, 'ewc_strategy': 'ewc', 'ewc_lambda': 0.0001, 'subgraph_train': False, 'num_hops': 2, 'logname': 'ECL-Autoformer', 'time': '2023-09-09-13:13:25.532070', 'path': 'exp/ECL-Autoformer2023-09-09-13:13:25.532070', 'num_workers': 4, 'start_train': 0, 'train_mode': 'pretrain', 'get_score': False, 'use_cm': True, 'logger': <Logger __main__ (INFO)>}
2023-09-09 13:13:25,532 - [*] phase 0 start training
train 8449
val 2785
test 2785
2023-09-09 13:13:25,607 - [*] phase 0 Dataset load!
0 True None
2023-09-09 13:13:27,476 - logger name:exp/ECL-Autoformer2023-09-09-13:13:27.476305/ECL-Autoformer.log
2023-09-09 13:13:27,476 - params : {'loss': 'huber', 'conf': 'ECL-Autoformer', 'data_name': 'ETTh2', 'iteration': 1, 'train': 0, 'mainrs': 1, 'abl': 0, 'abl_tmp_context': 0, 'abl_ae': 0, 'no_tmp': 0, 'load': False, 'build_graph': False, 'same_init': True, 'grad_norm': False, 'refiner_residual': 0, 'root_path': '', 'exp_path': 'exp/', 'val_test_mix': False, 'lr': 0.0001, 'lradj': 'TST', 'dropout': 0.05, 'fc_dropout': 0.05, 'head_dropout': 0.0, 'patch_len': 16, 'stride': 8, 'd_ff': 512, 'd_model': 128, 'n_heads': 8, 'seq_len': 96, 'pred_len': 192, 'noise_rate': 0.5, 'device': device(type='cuda', index=0), 'test_model_path': '/Disk/fhyega/code/BASE/exp/ECL-PatchTST2023-08-26-13:08:31.837686/0/best_model.pkl', 'idx': -1, 'aligner': 1, 'always_align': 1, 'refiner': 1, 'rec_block_num': 1, 'enhance': 1, 'enhance_type': 5, 'seed': 34, 'batch_size': 64, 'share_head': 0, 'add_noise': 1, 'add_norm': 0, 'jitter_sigma': 0.4, 'slope_rate': 0.01, 'slope_range': 0.2, 'alpha': 10.0, 'beta': 1.0, 'gamma': 0.15, 'feature_jittering': 1, 'rec_intra_feature': 0, 'rec_ori': 1, 'mid_dim': 128, 'test_en': 0, 'debugger': 0, 'summary': 0, 'omega': 1.0, 'theta': 1.5, 'mask_border': 1, 'sup_weight': 10.0, 'rec_length_ratio': 0.8, 'ref_dropout': 0.0, 'ref_block_num': 1, 'add_FFN': 1, 'add_residual': 0, 'rec_all': 0, 'e_layers': 2, 'early_break': 0, 'early_stop': 10, 'lo': 'mainresult/ECL-Autoformer_OURS_192_ETTh2.log', '/* model related args*/': '//', 'model_name': 'Autoformer', 'label_len': 48, 'features': 'M', 'target': 'OT', 'graph_input': False, 'individual': False, 'd_layers': 1, 'factor': 3, 'des': 'Exp', 'padding_patch': 'end', 'revin': 1, 'affine': 0, 'subtract_last': 0, 'decomposition': 0, 'kernel_size': 25, 'output_attention': 0, 'embed_type': 0, 'activation': 'gelu', 'distil': 1, 'linear_output': 0, 'pct_start': 0.3, 'moving_avg': 25, 'indie': 0, '/*train related args*/': '//', 'epoch': 30, '/*dataset related args*/': '//', 'save_data_path': 'data/ECL/', 'data_process': False, 'embed': 'timeF', 'freq': 'h', 'begin_phase': 0, 'end_phase': 1, 'phase_len': 26304, 'val_ratio': 0.33, 'graph_size': 321, '/*strategy related args*/': '//', 'strategy': 'incremental', 'increase': False, 'detect': False, 'detect_strategy': 'feature', 'replay': False, 'replay_strategy': 'random', 'repaly_num_samples': 100, 'ewc': False, 'ewc_strategy': 'ewc', 'ewc_lambda': 0.0001, 'subgraph_train': False, 'num_hops': 2, 'logname': 'ECL-Autoformer', 'time': '2023-09-09-13:13:27.476305', 'path': 'exp/ECL-Autoformer2023-09-09-13:13:27.476305', 'num_workers': 4, 'start_train': 0, 'train_mode': 'pretrain', 'get_score': False, 'use_cm': True, 'logger': <Logger __main__ (INFO)>}
2023-09-09 13:13:27,476 - [*] phase 0 start training
train 8353
val 2689
test 2689
2023-09-09 13:13:27,551 - [*] phase 0 Dataset load!
1 True None
2023-09-09 13:13:29,420 - logger name:exp/ECL-Autoformer2023-09-09-13:13:29.420242/ECL-Autoformer.log
2023-09-09 13:13:29,420 - params : {'loss': 'mse', 'conf': 'ECL-Autoformer', 'data_name': 'ETTh2', 'iteration': 1, 'train': 0, 'mainrs': 1, 'abl': 0, 'abl_tmp_context': 0, 'abl_ae': 0, 'no_tmp': 0, 'load': False, 'build_graph': False, 'same_init': True, 'grad_norm': False, 'refiner_residual': 0, 'root_path': '', 'exp_path': 'exp/', 'val_test_mix': False, 'lr': 0.0001, 'lradj': 'TST', 'dropout': 0.05, 'fc_dropout': 0.05, 'head_dropout': 0.0, 'patch_len': 16, 'stride': 8, 'd_ff': 512, 'd_model': 128, 'n_heads': 8, 'seq_len': 96, 'pred_len': 192, 'noise_rate': 0.5, 'device': device(type='cuda', index=0), 'test_model_path': '/Disk/fhyega/code/BASE/exp/ECL-PatchTST2023-08-26-13:08:31.837686/0/best_model.pkl', 'idx': -1, 'aligner': 0, 'always_align': 1, 'refiner': 0, 'rec_block_num': 1, 'enhance': 0, 'enhance_type': 5, 'seed': 34, 'batch_size': 64, 'share_head': 0, 'add_noise': 1, 'add_norm': 0, 'jitter_sigma': 0.4, 'slope_rate': 0.01, 'slope_range': 0.2, 'alpha': 10.0, 'beta': 1.0, 'gamma': 0.15, 'feature_jittering': 1, 'rec_intra_feature': 0, 'rec_ori': 1, 'mid_dim': 128, 'test_en': 0, 'debugger': 0, 'summary': 0, 'omega': 1.0, 'theta': 1.5, 'mask_border': 1, 'sup_weight': 10.0, 'rec_length_ratio': 0.8, 'ref_dropout': 0.0, 'ref_block_num': 1, 'add_FFN': 1, 'add_residual': 0, 'rec_all': 0, 'e_layers': 2, 'early_break': 0, 'early_stop': 10, 'lo': 'mainresult/ECL-Autoformer_ori_192_ETTh2.log', '/* model related args*/': '//', 'model_name': 'Autoformer', 'label_len': 48, 'features': 'M', 'target': 'OT', 'graph_input': False, 'individual': False, 'd_layers': 1, 'factor': 3, 'des': 'Exp', 'padding_patch': 'end', 'revin': 1, 'affine': 0, 'subtract_last': 0, 'decomposition': 0, 'kernel_size': 25, 'output_attention': 0, 'embed_type': 0, 'activation': 'gelu', 'distil': 1, 'linear_output': 0, 'pct_start': 0.3, 'moving_avg': 25, 'indie': 0, '/*train related args*/': '//', 'epoch': 30, '/*dataset related args*/': '//', 'save_data_path': 'data/ECL/', 'data_process': False, 'embed': 'timeF', 'freq': 'h', 'begin_phase': 0, 'end_phase': 1, 'phase_len': 26304, 'val_ratio': 0.33, 'graph_size': 321, '/*strategy related args*/': '//', 'strategy': 'incremental', 'increase': False, 'detect': False, 'detect_strategy': 'feature', 'replay': False, 'replay_strategy': 'random', 'repaly_num_samples': 100, 'ewc': False, 'ewc_strategy': 'ewc', 'ewc_lambda': 0.0001, 'subgraph_train': False, 'num_hops': 2, 'logname': 'ECL-Autoformer', 'time': '2023-09-09-13:13:29.420242', 'path': 'exp/ECL-Autoformer2023-09-09-13:13:29.420242', 'num_workers': 4, 'start_train': 0, 'train_mode': 'pretrain', 'get_score': False, 'use_cm': True, 'logger': <Logger __main__ (INFO)>}
2023-09-09 13:13:29,420 - [*] phase 0 start training
train 8353
val 2689
test 2689
2023-09-09 13:13:29,495 - [*] phase 0 Dataset load!
0 True None
2023-09-09 13:13:31,364 - logger name:exp/ECL-Autoformer2023-09-09-13:13:31.363917/ECL-Autoformer.log
2023-09-09 13:13:31,364 - params : {'loss': 'huber', 'conf': 'ECL-Autoformer', 'data_name': 'ETTh2', 'iteration': 1, 'train': 0, 'mainrs': 1, 'abl': 0, 'abl_tmp_context': 0, 'abl_ae': 0, 'no_tmp': 0, 'load': False, 'build_graph': False, 'same_init': True, 'grad_norm': False, 'refiner_residual': 0, 'root_path': '', 'exp_path': 'exp/', 'val_test_mix': False, 'lr': 0.0001, 'lradj': 'TST', 'dropout': 0.05, 'fc_dropout': 0.05, 'head_dropout': 0.0, 'patch_len': 16, 'stride': 8, 'd_ff': 512, 'd_model': 128, 'n_heads': 8, 'seq_len': 96, 'pred_len': 336, 'noise_rate': 0.5, 'device': device(type='cuda', index=0), 'test_model_path': '/Disk/fhyega/code/BASE/exp/ECL-PatchTST2023-08-26-13:08:31.837686/0/best_model.pkl', 'idx': -1, 'aligner': 1, 'always_align': 1, 'refiner': 1, 'rec_block_num': 1, 'enhance': 1, 'enhance_type': 5, 'seed': 34, 'batch_size': 64, 'share_head': 0, 'add_noise': 1, 'add_norm': 0, 'jitter_sigma': 0.4, 'slope_rate': 0.01, 'slope_range': 0.2, 'alpha': 10.0, 'beta': 1.0, 'gamma': 0.15, 'feature_jittering': 1, 'rec_intra_feature': 0, 'rec_ori': 1, 'mid_dim': 128, 'test_en': 0, 'debugger': 0, 'summary': 0, 'omega': 1.0, 'theta': 1.5, 'mask_border': 1, 'sup_weight': 10.0, 'rec_length_ratio': 0.8, 'ref_dropout': 0.0, 'ref_block_num': 1, 'add_FFN': 1, 'add_residual': 0, 'rec_all': 0, 'e_layers': 2, 'early_break': 0, 'early_stop': 10, 'lo': 'mainresult/ECL-Autoformer_OURS_336_ETTh2.log', '/* model related args*/': '//', 'model_name': 'Autoformer', 'label_len': 48, 'features': 'M', 'target': 'OT', 'graph_input': False, 'individual': False, 'd_layers': 1, 'factor': 3, 'des': 'Exp', 'padding_patch': 'end', 'revin': 1, 'affine': 0, 'subtract_last': 0, 'decomposition': 0, 'kernel_size': 25, 'output_attention': 0, 'embed_type': 0, 'activation': 'gelu', 'distil': 1, 'linear_output': 0, 'pct_start': 0.3, 'moving_avg': 25, 'indie': 0, '/*train related args*/': '//', 'epoch': 30, '/*dataset related args*/': '//', 'save_data_path': 'data/ECL/', 'data_process': False, 'embed': 'timeF', 'freq': 'h', 'begin_phase': 0, 'end_phase': 1, 'phase_len': 26304, 'val_ratio': 0.33, 'graph_size': 321, '/*strategy related args*/': '//', 'strategy': 'incremental', 'increase': False, 'detect': False, 'detect_strategy': 'feature', 'replay': False, 'replay_strategy': 'random', 'repaly_num_samples': 100, 'ewc': False, 'ewc_strategy': 'ewc', 'ewc_lambda': 0.0001, 'subgraph_train': False, 'num_hops': 2, 'logname': 'ECL-Autoformer', 'time': '2023-09-09-13:13:31.363917', 'path': 'exp/ECL-Autoformer2023-09-09-13:13:31.363917', 'num_workers': 4, 'start_train': 0, 'train_mode': 'pretrain', 'get_score': False, 'use_cm': True, 'logger': <Logger __main__ (INFO)>}
2023-09-09 13:13:31,364 - [*] phase 0 start training
train 8209
val 2545
test 2545
2023-09-09 13:13:31,439 - [*] phase 0 Dataset load!
1 True None
2023-09-09 13:13:33,318 - logger name:exp/ECL-Autoformer2023-09-09-13:13:33.318455/ECL-Autoformer.log
2023-09-09 13:13:33,318 - params : {'loss': 'mse', 'conf': 'ECL-Autoformer', 'data_name': 'ETTh2', 'iteration': 1, 'train': 0, 'mainrs': 1, 'abl': 0, 'abl_tmp_context': 0, 'abl_ae': 0, 'no_tmp': 0, 'load': False, 'build_graph': False, 'same_init': True, 'grad_norm': False, 'refiner_residual': 0, 'root_path': '', 'exp_path': 'exp/', 'val_test_mix': False, 'lr': 0.0001, 'lradj': 'TST', 'dropout': 0.05, 'fc_dropout': 0.05, 'head_dropout': 0.0, 'patch_len': 16, 'stride': 8, 'd_ff': 512, 'd_model': 128, 'n_heads': 8, 'seq_len': 96, 'pred_len': 336, 'noise_rate': 0.5, 'device': device(type='cuda', index=0), 'test_model_path': '/Disk/fhyega/code/BASE/exp/ECL-PatchTST2023-08-26-13:08:31.837686/0/best_model.pkl', 'idx': -1, 'aligner': 0, 'always_align': 1, 'refiner': 0, 'rec_block_num': 1, 'enhance': 0, 'enhance_type': 5, 'seed': 34, 'batch_size': 64, 'share_head': 0, 'add_noise': 1, 'add_norm': 0, 'jitter_sigma': 0.4, 'slope_rate': 0.01, 'slope_range': 0.2, 'alpha': 10.0, 'beta': 1.0, 'gamma': 0.15, 'feature_jittering': 1, 'rec_intra_feature': 0, 'rec_ori': 1, 'mid_dim': 128, 'test_en': 0, 'debugger': 0, 'summary': 0, 'omega': 1.0, 'theta': 1.5, 'mask_border': 1, 'sup_weight': 10.0, 'rec_length_ratio': 0.8, 'ref_dropout': 0.0, 'ref_block_num': 1, 'add_FFN': 1, 'add_residual': 0, 'rec_all': 0, 'e_layers': 2, 'early_break': 0, 'early_stop': 10, 'lo': 'mainresult/ECL-Autoformer_ori_336_ETTh2.log', '/* model related args*/': '//', 'model_name': 'Autoformer', 'label_len': 48, 'features': 'M', 'target': 'OT', 'graph_input': False, 'individual': False, 'd_layers': 1, 'factor': 3, 'des': 'Exp', 'padding_patch': 'end', 'revin': 1, 'affine': 0, 'subtract_last': 0, 'decomposition': 0, 'kernel_size': 25, 'output_attention': 0, 'embed_type': 0, 'activation': 'gelu', 'distil': 1, 'linear_output': 0, 'pct_start': 0.3, 'moving_avg': 25, 'indie': 0, '/*train related args*/': '//', 'epoch': 30, '/*dataset related args*/': '//', 'save_data_path': 'data/ECL/', 'data_process': False, 'embed': 'timeF', 'freq': 'h', 'begin_phase': 0, 'end_phase': 1, 'phase_len': 26304, 'val_ratio': 0.33, 'graph_size': 321, '/*strategy related args*/': '//', 'strategy': 'incremental', 'increase': False, 'detect': False, 'detect_strategy': 'feature', 'replay': False, 'replay_strategy': 'random', 'repaly_num_samples': 100, 'ewc': False, 'ewc_strategy': 'ewc', 'ewc_lambda': 0.0001, 'subgraph_train': False, 'num_hops': 2, 'logname': 'ECL-Autoformer', 'time': '2023-09-09-13:13:33.318455', 'path': 'exp/ECL-Autoformer2023-09-09-13:13:33.318455', 'num_workers': 4, 'start_train': 0, 'train_mode': 'pretrain', 'get_score': False, 'use_cm': True, 'logger': <Logger __main__ (INFO)>}
2023-09-09 13:13:33,319 - [*] phase 0 start training
train 8209
val 2545
test 2545
2023-09-09 13:13:33,393 - [*] phase 0 Dataset load!
0 True None
2023-09-09 13:13:35,260 - logger name:exp/ECL-Autoformer2023-09-09-13:13:35.259835/ECL-Autoformer.log
2023-09-09 13:13:35,260 - params : {'loss': 'huber', 'conf': 'ECL-Autoformer', 'data_name': 'ETTh2', 'iteration': 1, 'train': 0, 'mainrs': 1, 'abl': 0, 'abl_tmp_context': 0, 'abl_ae': 0, 'no_tmp': 0, 'load': False, 'build_graph': False, 'same_init': True, 'grad_norm': False, 'refiner_residual': 0, 'root_path': '', 'exp_path': 'exp/', 'val_test_mix': False, 'lr': 0.0001, 'lradj': 'TST', 'dropout': 0.05, 'fc_dropout': 0.05, 'head_dropout': 0.0, 'patch_len': 16, 'stride': 8, 'd_ff': 512, 'd_model': 128, 'n_heads': 8, 'seq_len': 96, 'pred_len': 720, 'noise_rate': 0.5, 'device': device(type='cuda', index=0), 'test_model_path': '/Disk/fhyega/code/BASE/exp/ECL-PatchTST2023-08-26-13:08:31.837686/0/best_model.pkl', 'idx': -1, 'aligner': 1, 'always_align': 1, 'refiner': 1, 'rec_block_num': 1, 'enhance': 1, 'enhance_type': 5, 'seed': 34, 'batch_size': 64, 'share_head': 0, 'add_noise': 1, 'add_norm': 0, 'jitter_sigma': 0.4, 'slope_rate': 0.01, 'slope_range': 0.2, 'alpha': 10.0, 'beta': 1.0, 'gamma': 0.15, 'feature_jittering': 1, 'rec_intra_feature': 0, 'rec_ori': 1, 'mid_dim': 128, 'test_en': 0, 'debugger': 0, 'summary': 0, 'omega': 1.0, 'theta': 1.5, 'mask_border': 1, 'sup_weight': 10.0, 'rec_length_ratio': 0.8, 'ref_dropout': 0.0, 'ref_block_num': 1, 'add_FFN': 1, 'add_residual': 0, 'rec_all': 0, 'e_layers': 2, 'early_break': 0, 'early_stop': 10, 'lo': 'mainresult/ECL-Autoformer_OURS_720_ETTh2.log', '/* model related args*/': '//', 'model_name': 'Autoformer', 'label_len': 48, 'features': 'M', 'target': 'OT', 'graph_input': False, 'individual': False, 'd_layers': 1, 'factor': 3, 'des': 'Exp', 'padding_patch': 'end', 'revin': 1, 'affine': 0, 'subtract_last': 0, 'decomposition': 0, 'kernel_size': 25, 'output_attention': 0, 'embed_type': 0, 'activation': 'gelu', 'distil': 1, 'linear_output': 0, 'pct_start': 0.3, 'moving_avg': 25, 'indie': 0, '/*train related args*/': '//', 'epoch': 30, '/*dataset related args*/': '//', 'save_data_path': 'data/ECL/', 'data_process': False, 'embed': 'timeF', 'freq': 'h', 'begin_phase': 0, 'end_phase': 1, 'phase_len': 26304, 'val_ratio': 0.33, 'graph_size': 321, '/*strategy related args*/': '//', 'strategy': 'incremental', 'increase': False, 'detect': False, 'detect_strategy': 'feature', 'replay': False, 'replay_strategy': 'random', 'repaly_num_samples': 100, 'ewc': False, 'ewc_strategy': 'ewc', 'ewc_lambda': 0.0001, 'subgraph_train': False, 'num_hops': 2, 'logname': 'ECL-Autoformer', 'time': '2023-09-09-13:13:35.259835', 'path': 'exp/ECL-Autoformer2023-09-09-13:13:35.259835', 'num_workers': 4, 'start_train': 0, 'train_mode': 'pretrain', 'get_score': False, 'use_cm': True, 'logger': <Logger __main__ (INFO)>}
2023-09-09 13:13:35,260 - [*] phase 0 start training
train 7825
val 2161
test 2161
2023-09-09 13:13:35,334 - [*] phase 0 Dataset load!
1 True None
2023-09-09 13:13:37,203 - logger name:exp/ECL-Autoformer2023-09-09-13:13:37.203766/ECL-Autoformer.log
2023-09-09 13:13:37,204 - params : {'loss': 'mse', 'conf': 'ECL-Autoformer', 'data_name': 'ETTh2', 'iteration': 1, 'train': 0, 'mainrs': 1, 'abl': 0, 'abl_tmp_context': 0, 'abl_ae': 0, 'no_tmp': 0, 'load': False, 'build_graph': False, 'same_init': True, 'grad_norm': False, 'refiner_residual': 0, 'root_path': '', 'exp_path': 'exp/', 'val_test_mix': False, 'lr': 0.0001, 'lradj': 'TST', 'dropout': 0.05, 'fc_dropout': 0.05, 'head_dropout': 0.0, 'patch_len': 16, 'stride': 8, 'd_ff': 512, 'd_model': 128, 'n_heads': 8, 'seq_len': 96, 'pred_len': 720, 'noise_rate': 0.5, 'device': device(type='cuda', index=0), 'test_model_path': '/Disk/fhyega/code/BASE/exp/ECL-PatchTST2023-08-26-13:08:31.837686/0/best_model.pkl', 'idx': -1, 'aligner': 0, 'always_align': 1, 'refiner': 0, 'rec_block_num': 1, 'enhance': 0, 'enhance_type': 5, 'seed': 34, 'batch_size': 64, 'share_head': 0, 'add_noise': 1, 'add_norm': 0, 'jitter_sigma': 0.4, 'slope_rate': 0.01, 'slope_range': 0.2, 'alpha': 10.0, 'beta': 1.0, 'gamma': 0.15, 'feature_jittering': 1, 'rec_intra_feature': 0, 'rec_ori': 1, 'mid_dim': 128, 'test_en': 0, 'debugger': 0, 'summary': 0, 'omega': 1.0, 'theta': 1.5, 'mask_border': 1, 'sup_weight': 10.0, 'rec_length_ratio': 0.8, 'ref_dropout': 0.0, 'ref_block_num': 1, 'add_FFN': 1, 'add_residual': 0, 'rec_all': 0, 'e_layers': 2, 'early_break': 0, 'early_stop': 10, 'lo': 'mainresult/ECL-Autoformer_ori_720_ETTh2.log', '/* model related args*/': '//', 'model_name': 'Autoformer', 'label_len': 48, 'features': 'M', 'target': 'OT', 'graph_input': False, 'individual': False, 'd_layers': 1, 'factor': 3, 'des': 'Exp', 'padding_patch': 'end', 'revin': 1, 'affine': 0, 'subtract_last': 0, 'decomposition': 0, 'kernel_size': 25, 'output_attention': 0, 'embed_type': 0, 'activation': 'gelu', 'distil': 1, 'linear_output': 0, 'pct_start': 0.3, 'moving_avg': 25, 'indie': 0, '/*train related args*/': '//', 'epoch': 30, '/*dataset related args*/': '//', 'save_data_path': 'data/ECL/', 'data_process': False, 'embed': 'timeF', 'freq': 'h', 'begin_phase': 0, 'end_phase': 1, 'phase_len': 26304, 'val_ratio': 0.33, 'graph_size': 321, '/*strategy related args*/': '//', 'strategy': 'incremental', 'increase': False, 'detect': False, 'detect_strategy': 'feature', 'replay': False, 'replay_strategy': 'random', 'repaly_num_samples': 100, 'ewc': False, 'ewc_strategy': 'ewc', 'ewc_lambda': 0.0001, 'subgraph_train': False, 'num_hops': 2, 'logname': 'ECL-Autoformer', 'time': '2023-09-09-13:13:37.203766', 'path': 'exp/ECL-Autoformer2023-09-09-13:13:37.203766', 'num_workers': 4, 'start_train': 0, 'train_mode': 'pretrain', 'get_score': False, 'use_cm': True, 'logger': <Logger __main__ (INFO)>}
2023-09-09 13:13:37,204 - [*] phase 0 start training
train 7825
val 2161
test 2161
2023-09-09 13:13:37,279 - [*] phase 0 Dataset load!
0 True None
